I/        (  836): btlif_rfc_listen_req: start rfcomm server on scn 12, role 1, sec_mask 0x6, btlifport 9049
I/        (  836): jv_rfc_srv_listen_started: status: 0, handle:1, security id: 52
D/        (  836): bts_chan_add_bta: success (tot 1)
D/        (  836): dump_chan: bts_chan_add_bta (rfcomm) ctrl 25, port 9049, scn 12, phdl 65535, lstpnd 0, pid 4898, listen 56, bta cnt 1
I/        (  836): dump_bta: 			bta : 1, blz -1, dhdl -1, bd [000000000000]
I/        (  836): send_ctrl_msg: [BTL_IFS CTRL] send BTLIF_BTS_RFC_LISTEN_RSP (BTS) 17 pbytes (hdl 25)
D/        (  836): bts_chan_dump_all: =================== all bts channels =====================
D/        (  836): dump_chan:  (SCO) ctrl 24, port 9233, lstpnd 0, listen 102, bta cnt 1
I/        (  836): dump_bta: 			bta : 0, blz 102, dhdl -1, bd [000000000000]
D/        (  836): dump_chan:  (rfcomm) ctrl 25, port 9049, scn 12, phdl 65535, lstpnd 0, pid 4898, listen 56, bta cnt 1
I/        (  836): dump_bta: 			bta : 1, blz -1, dhdl -1, bd [000000000000]
D/        (  836): bts_chan_dump_all: ===========================================================
D/BTL-IFC ( 4898): btl_ifc_ctrl_rx: [BTL_IFC CTRL] received msg id 4482 - BTLIF_BTS_RFC_LISTEN_RSP (BTS); 19 pbytes (hdl 55)
I/BLZ20_WRAPPER( 4898): btlif_ctrl_callback: btlif_ctrl_callback : msg id BTLIF_BTS_RFC_LISTEN_RSP
I/BLZ20_WRAPPER( 4898): btlif_process_rfc_listen_rsp: listen response for bta hdl 1
D/BLZ20_WRAPPER( 4898): btlif_signal_event: btsk 0x1420298, event BTLIF_BTS_RFC_LISTEN_RSP
D/BLZ20_WRAPPER( 4898): dump_bsock: btlif_signal_event [rfcomm] listen_fd: 56, port 9049, bta_srv 1, wsock: 56, rc: 12, wflags: 0x8
D/BLZ20_WRAPPER( 4898): bts_dump_waitevents: btsk 0x1420298 wait events: |BTLIF_BTS_RFC_LISTEN_RSP|
D/BLZ20_WRAPPER( 4898): btlif_signal_event: wait events |BTLIF_BTS_RFC_LISTEN_RSP|
D/BLZ20_WRAPPER( 4898): bts_event_to_flag: evt: 4482(BTLIF_BTS_RFC_LISTEN_RSP), bitno: 3, flag: 8
D/BLZ20_WRAPPER( 4898): BTS_WAITFLAG_ISSET: btsk 0x1420298, event 4482(BTLIF_BTS_RFC_LISTEN_RSP), isset 1, btsk->btlif_wait_flags 0x8, flag 0x8
D/BLZ20_WRAPPER( 4898): btlif_signal_event: event BTLIF_BTS_RFC_LISTEN_RSP matched
D/BLZ20_WRAPPER( 4898): bts_event_to_flag: evt: 4482(BTLIF_BTS_RFC_LISTEN_RSP), bitno: 3, flag: 8
D/BLZ20_WRAPPER( 4898): bts_event_to_flag: evt: 4482(BTLIF_BTS_RFC_LISTEN_RSP), bitno: 3, flag: 8
D/BLZ20_WRAPPER( 4898): dump_bsock: unblocked [rfcomm] listen_fd: 56, port 9049, bta_srv 1, wsock: 56, rc: 12, wflags: 0x0
I/BLZ20_WRAPPER( 4898): __listen_prot_rfcomm: success
I/DTUN_CLNT(  874): 	Client calling DTUN_METHOD_DM_ADD_SDP_REC (id 22)
I/BTL-IFS-DTUN(  836): dtun_receive_msg: [DTUN] Received message [BTLIF_DTUN_METHOD_CALL] 4354
I/BTL-IFS-DTUN(  836): handle_method_call: handle_method_call :: received DTUN_METHOD_DM_ADD_SDP_REC (id 22), len 270
I/        (  836): btapp_bts_convert_rc_chan_to_scn: found scn 12
I/        (  836): bts_register_sdp_ops: scn 12, service name Object Push
D/BluetoothService(  235): new handle 0
I/BtOppRfcommListener( 4898): Accept thread started on channel 12
D/BLZ20_WRAPPER( 4898): dump_bsock: found listen fd in poll fds [rfcomm] listen_fd: 56, port 9049, bta_srv 1, wsock: 56, rc: 12, wflags: 0x0
I/BLZ20_WRAPPER( 4898): __poll_listener: blocking call for listen fd 56, wait for incoming connection
D/BLZ20_WRAPPER( 4898): btlif_set_wait_event: btsk 21103256, event 4484 (BTLIF_BTS_RFC_CON_IND)
D/BLZ20_WRAPPER( 4898): bts_event_to_flag: evt: 4484(BTLIF_BTS_RFC_CON_IND), bitno: 5, flag: 32
D/BLZ20_WRAPPER( 4898): dump_bsock: bts_set_acceptor_ready [rfcomm] listen_fd: 56, port 9049, bta_srv 1, wsock: 56, rc: 12, wflags: 0x32
I/BLZ20_WRAPPER( 4898): bts_set_acceptor_ready: set acceptor ready 1 on hdl 1
D/BTL-IFC ( 4898): send_ctrl_msg: [BTL_IFC CTRL] send msg id 4493 - BTLIF_BTS_RFC_ACCEPTOR_READY (BTS) 8 pbytes (hdl 55)
D/BLZ20_WRAPPER( 4898): bts_dump_waitevents: btsk 0x1420298 wait events: |BTLIF_BTS_RFC_CON_IND|
D/BLZ20_WRAPPER( 4898): btlif_wait_response: id(s) |BTLIF_BTS_RFC_CON_IND|
I/        (  836): send_ctrl_msg: [BTL_IFS CTRL] send BTLIF_DTUN_SIGNAL_EVT (CTRL) 12 pbytes (hdl 22)
I/        (  836): btlif_bts_api_ctrl_cb: id BTLIF_BTS_RFC_ACCEPTOR_READY (4493) on hdl 25
I/USERIAL_LINUX(  836): ##### USERIAL_Ioctl: BT_Wake, USERIAL_IO_BT_WAKE_ASSERT ####
D/PowerManagerService(  235): New lightsensor value:10, lcdValue:56
D/PowerManagerService(  235): lightSensorChangedLocked, buttonValue >= 0, mPowerState = 3
D/WifiStateMachine(  235): fetchRssiAndLinkSpeedNative send RSSIChange intent, newSignalLevel =2mLastSignalLevel = 1
I/USERIAL_LINUX(  836): ##### USERIAL_Ioctl: BT_Sleep, USERIAL_IO_BT_WAKE_DEASSERT ####
D/WifiStateMachine(  235): BroadcastRSSIForIMS, newrssi =-81 , oldRssi= -78
D/WifiStateMachine(  235): fetchRssiAndLinkSpeedNative send RSSIChange intent, newSignalLevel =2mLastSignalLevel = 1
D/WifiStateMachine(  235): fetchRssiAndLinkSpeedNative send RSSIChange intent, SameSignalLevelCount =1
D/WifiStateMachine(  235): fetchRssiAndLinkSpeedNative send RSSIChange intent, SameSignalLevelCount =2
D/Process (  235): killProcessQuiet, pid=3125
D/Process (  235): dalvik.system.VMStack.getThreadStackTrace(Native Method)
I/ActivityManager(  235): No longer want com.htc.bgp (pid 3125): hidden #16, adj=13
D/Process (  235): java.lang.Thread.getStackTrace(Thread.java:599)
D/Process (  235): android.os.Process.killProcessQuiet(Process.java:820)
D/Process (  235): com.android.server.am.ActivityManagerService.updateOomAdjLocked(ActivityManagerService.java:15198)
D/Process (  235): com.android.server.am.ActivityManagerService.deliverToRegisteredReceiverLocked(ActivityManagerService.java:13521)
D/Process (  235): com.android.server.am.ActivityManagerService.processNextBroadcast(ActivityManagerService.java:13751)
D/Process (  235): com.android.server.am.ActivityManagerService.access$100(ActivityManagerService.java:184)
D/Process (  235): com.android.server.am.ActivityManagerService$2.handleMessage(ActivityManagerService.java:1087)
D/Process (  235): android.os.Handler.dispatchMessage(Handler.java:99)
D/Process (  235): android.os.Looper.loop(Looper.java:154)
D/Process (  235): com.android.server.am.ActivityManagerService$AThread.run(ActivityManagerService.java:1540)
W/ThrottleService(  235): unable to find stats for iface rmnet0
W/ContentService(  235): binderDied() at ObserverNode name auto_time
W/ActivityManager(  235): Scheduling restart of crashed service com.htc.android.psclient/.ConnectToPCService in 5000ms
V/LocationManagerService(  235): Location listener died
V/LocationManagerService(  235): _removeUpdates: listener = Receiver{41c1c6d8 Listener android.os.BinderProxy@41a3b878}mUpdateRecords: {passive=UpdateRecord{419c74c8 mProvider: passive mUid: 10010}}
W/ActivityManager(  235): Scheduling restart of crashed service com.htc.cs/.service.DashboardService in 14996ms
W/ActivityManager(  235): Scheduling restart of crashed service com.htc.htclocationservice/.AutoSettingService in 24995ms
I/ActivityManager(  235): Start proc com.htc.bgp for service com.htc.android.psclient/.ConnectToPCService: pid=4924 uid=10010 gids={2001, 3003, 1015, 1006, 5001}
I/ActivityThread( 4924): Pub com.htc.provider.notes: com.htc.provider.notes.HtcNotesProvider
I/ActivityThread( 4924): Pub com.htc.provider.weather: com.htc.provider.weather.WeatherProvider
D/SqliteDatabaseCpp( 4924): dbopen(): path = /data/data/com.htc.provider.weather/databases , key = seYt`ev, flag = 6, file size = 8192
D/SqliteDatabaseCpp( 4924): dbopen(): path = /data/data/com.htc.provider.weather/databases , key = seYt`ev, mode: truncate, disk free size: 911 M, handle: 0xf232c8
I/ActivityThread( 4924): Pub com.htc.opensense.plugin: com.htc.opensense.pluginmanager.PluginProvider
D/PluginProvider( 4924): PluginProvider onCreate
I/ActivityThread( 4924): Pub com.android.calendar: com.android.providers.calendar.HtcCalendarProvider
D/SqliteDatabaseCpp( 4924): dbopen(): path = /data/data/com.android.providers.calendar/databases , key = gYlejdYv, flag = 6, file size = 55296
D/SqliteDatabaseCpp( 4924): dbopen(): path = /data/data/com.android.providers.calendar/databases , key = gYlejdYv, mode: truncate, disk free size: 911 M, handle: 0xf83cf0
D/Socket_Alarm( 4924): registerHTCSocketMonitorCallBack
D/Socket_Alarm( 4924): set mSocketMonitor
D/Socket_Alarm( 4924): HTCSocketMonitorImpl::HTCSocketMonitorImpl
I/ActivityThread( 4924): Pub customization_settings: com.htc.provider.CustomizationSettings.CustomizationSettingsProvider
D/SqliteDatabaseCpp( 4924): dbopen(): path = /data/data/com.htc.provider.CustomizationSettings/databases , key = guwtkma~Ytakj[wettajcw, flag = 6, file size = 125952
D/SqliteDatabaseCpp( 4924): dbopen(): path = /data/data/com.htc.provider.CustomizationSettings/databases , key = guwtkma~Ytakj[wettajcw, mode: truncate, disk free size: 911 M, handle: 0xfdd8d8
I/ActivityThread( 4924): Pub com.htc.sync.provider.weather: com.htc.sync.provider.weather.Provider
I/ActivityThread( 4924): Pub stock: com.htc.dcs.service.stock.StockProvider
I/ActivityThread( 4924): Pub stockset: com.htc.android.Stock.SettingProvider
D/ConnectToPCService( 4924): --onCreate()
D/ConnectToPCService( 4924): --new HDMIReceiver()
D/ConnectToPCService( 4924): --register HDMIReceiver
I/CalendarProvider2( 4924): Sending notification intent: Intent { act=android.intent.action.PROVIDER_CHANGED dat=content://com.android.calendar }
W/ContentResolver( 4924): Failed to get type for: content://com.android.calendar (Unknown URL content://com.android.calendar)
I/ActivityManager(  235): Start proc com.htc.calendar for broadcast com.htc.calendar/.app.widget.CalendarAppWidgetService$CalendarFactory: pid=4940 uid=10010 gids={2001, 3003, 1015, 1006, 5001}
I/ActivityThread( 4940): Pub com.htc.calendar: com.htc.calendar.PhotoPickerProvider
I/ActivityThread( 4940): Pub com.htc.calendar.CalendarTabProvider: com.htc.calendar.CalendarTabProvider
D/CalendarApplication( 4940): onCreate
D/checkHtcCustomization( 4940): checkHtcCustomization
D/Process (  235): killProcessQuiet, pid=4452
D/Process (  235): dalvik.system.VMStack.getThreadStackTrace(Native Method)
D/Process (  235): java.lang.Thread.getStackTrace(Thread.java:599)
D/Process (  235): android.os.Process.killProcessQuiet(Process.java:820)
D/Process (  235): com.android.server.am.ActivityManagerService.updateOomAdjLocked(ActivityManagerService.java:15198)
D/Process (  235): com.android.server.am.ActivityManagerService.processNextBroadcast(ActivityManagerService.java:13639)
D/Process (  235): com.android.server.am.ActivityManagerService.finishReceiver(ActivityManagerService.java:13256)
D/Process (  235): android.app.ActivityManagerNative.onTransact(ActivityManagerNative.java:336)
D/Process (  235): com.android.server.am.ActivityManagerService.onTransact(ActivityManagerService.java:1699)
D/Process (  235): android.os.Binder.execTransact(Binder.java:338)
D/Process (  235): dalvik.system.NativeStart.run(Native Method)
I/ActivityManager(  235): No longer want com.htc.store (pid 4452): hidden #16, adj=13
I/CalendarWidget( 4940): call in idleHandler
V/CalendarContext( 4940): Start_Calendar_Index on 0
D/Socket_Alarm( 4940): registerHTCSocketMonitorCallBack
D/Socket_Alarm( 4940): set mSocketMonitor
D/Socket_Alarm( 4940): HTCSocketMonitorImpl::HTCSocketMonitorImpl
D/BatteryService(  235): updateBatteryStats ======================================
I/BATT_ALG(  126): batt_alg_overtemp_check:temp:296, isOver_temp:0
I/BATT_ALG(  126): vol=3846;curr=283;dis_curr=0;temp=296;id=3;level=12;chg_src=1;chg_en=1;ov_chg=0;isOver_temp=0;timer=60;safety_count=1920
D/BatteryService(  235): UEvent updateBatteryStats
D/HtcPowerSaver(  235): Recived battery changed intent.
D/UsbnetService(  235): BroadcastReceiver::onReceive+
D/UsbnetService(  235): onReceive BATTERY_CHANGED
D/UsbnetService(  235):  --> pluggedType = 2, mPluggedType = 0, mScreenOff = false
D/UsbnetService(  235): BroadcastReceiver::onReceive-
D/HtcPowerSaver(  235): Checking...
I/HtcPowerSaver(  235): >> updateStatus
D/HtcPowerSaver(  235): notifyUser: Unknown Status
I/HtcPowerSaver(  235): currentStatus=8000, currentLevel=12, enableLevel=20, enable=false, popDialog=false, statusChangeTo=-1
I/HtcPowerSaver(  235): << updateStatus
D/WifiService(  235): ACTION_BATTERY_CHANGED pluggedType: 2
D/NotificationService(  235): mIntentReceiver() Intent.ACTION_BATTERY_CHANGED
D/PowerManagerService(  235): runHtcPowerSaverCheck ======================================
D/PowerUI (  317): closing low battery warning: level=12
D/PowerUI (  317): plugged = true, health = 2, mBatteryLevel = 12, mPluggedBatteryLevel = 2, mLowBatteryWarningLevel2 = 25, mshowLowChargingWarning2 = true
D/PackageManager(  235): Failed to get PackageInfo!, pkg:com.htc.demoflorebooter, flags:1
D/WifiStateMachine(  235): BroadcastRSSIForIMS, newrssi =-80 , oldRssi= -79
D/WifiStateMachine(  235): fetchRssiAndLinkSpeedNative send RSSIChange intent, SameSignalLevelCount =1
D/WifiStateMachine(  235): fetchRssiAndLinkSpeedNative send RSSIChange intent, SameSignalLevelCount =2
D/AutoSetting( 4924): service - onCreate()
V/LocationManagerService(  235): requestLocationUpdates
V/LocationManagerService(  235): _requestLocationUpdates: listener = Receiver{412b1408 Listener android.os.BinderProxy@41505140}mUpdateRecords: {}
V/LocationManagerService(  235): requestLocationUpdatesLocked: updateProvidersLocked
V/LocationManagerService(  235): _requestLocationUpdates: provider = passive listener = Receiver{412b1408 Listener android.os.BinderProxy@41505140}mUpdateRecords: {passive=UpdateRecord{412e8730 mProvider: passive mUid: 10010}}
D/WifiStateMachine(  235): BroadcastRSSIForIMS, newrssi =-80 , oldRssi= -79
D/WifiStateMachine(  235): fetchRssiAndLinkSpeedNative send RSSIChange intent, SameSignalLevelCount =1
D/WifiStateMachine(  235): fetchRssiAndLinkSpeedNative send RSSIChange intent, SameSignalLevelCount =2
D/WifiStateMachine(  235): BroadcastRSSIForIMS, newrssi =-80 , oldRssi= -78
D/WifiStateMachine(  235): fetchRssiAndLinkSpeedNative send RSSIChange intent, SameSignalLevelCount =1
D/WifiStateMachine(  235): BroadcastRSSIForIMS, newrssi =-80 , oldRssi= -79
D/BatteryService(  235): updateBatteryStats ======================================
I/BATT_ALG(  126): batt_alg_overtemp_check:temp:297, isOver_temp:0
I/BATT_ALG(  126): vol=3858;curr=305;dis_curr=0;temp=297;id=3;level=13;chg_src=1;chg_en=1;ov_chg=0;isOver_temp=0;timer=60;safety_count=1980
D/BatteryService(  235): UEvent updateBatteryStats
D/HtcPowerSaver(  235): Recived battery changed intent.
D/UsbnetService(  235): BroadcastReceiver::onReceive+
D/UsbnetService(  235): onReceive BATTERY_CHANGED
D/UsbnetService(  235):  --> pluggedType = 2, mPluggedType = 0, mScreenOff = false
D/UsbnetService(  235): BroadcastReceiver::onReceive-
D/HtcPowerSaver(  235): Checking...
I/HtcPowerSaver(  235): >> updateStatus
D/HtcPowerSaver(  235): notifyUser: Unknown Status
I/HtcPowerSaver(  235): currentStatus=8000, currentLevel=13, enableLevel=20, enable=false, popDialog=false, statusChangeTo=-1
I/HtcPowerSaver(  235): << updateStatus
D/WifiService(  235): ACTION_BATTERY_CHANGED pluggedType: 2
D/NotificationService(  235): mIntentReceiver() Intent.ACTION_BATTERY_CHANGED
D/PowerManagerService(  235): runHtcPowerSaverCheck ======================================
D/PowerUI (  317): closing low battery warning: level=13
D/PowerUI (  317): plugged = true, health = 2, mBatteryLevel = 13, mPluggedBatteryLevel = 2, mLowBatteryWarningLevel2 = 25, mshowLowChargingWarning2 = true
D/PackageManager(  235): Failed to get PackageInfo!, pkg:com.htc.demoflorebooter, flags:1
D/WifiStateMachine(  235): fetchRssiAndLinkSpeedNative send RSSIChange intent, SameSignalLevelCount =1
D/WifiStateMachine(  235): fetchRssiAndLinkSpeedNative send RSSIChange intent, SameSignalLevelCount =2
D/WifiStateMachine(  235): BroadcastRSSIForIMS, newrssi =-81 , oldRssi= -79
D/WifiStateMachine(  235): fetchRssiAndLinkSpeedNative send RSSIChange intent, SameSignalLevelCount =1
D/WifiStateMachine(  235): fetchRssiAndLinkSpeedNative send RSSIChange intent, newSignalLevel =2mLastSignalLevel = 1
D/WifiStateMachine(  235): fetchRssiAndLinkSpeedNative send RSSIChange intent, SameSignalLevelCount =1
D/WifiStateMachine(  235): fetchRssiAndLinkSpeedNative send RSSIChange intent, SameSignalLevelCount =2
D/GCM     (  387): Ignoring attempt to send heartbeat on dead connection.
D/WifiStateMachine(  235): BroadcastRSSIForIMS, newrssi =-80 , oldRssi= -79
D/WifiStateMachine(  235): fetchRssiAndLinkSpeedNative send RSSIChange intent, SameSignalLevelCount =1
D/WifiStateMachine(  235): fetchRssiAndLinkSpeedNative send RSSIChange intent, SameSignalLevelCount =2
D/BatteryService(  235): updateBatteryStats ======================================
I/BATT_ALG(  126): batt_alg_overtemp_check:temp:298, isOver_temp:0
I/BATT_ALG(  126): vol=3855;curr=301;dis_curr=0;temp=298;id=3;level=13;chg_src=1;chg_en=1;ov_chg=0;isOver_temp=0;timer=60;safety_count=2040
D/BatteryService(  235): UEvent updateBatteryStats
D/HtcPowerSaver(  235): Recived battery changed intent.
D/UsbnetService(  235): BroadcastReceiver::onReceive+
D/UsbnetService(  235): onReceive BATTERY_CHANGED
D/UsbnetService(  235):  --> pluggedType = 2, mPluggedType = 0, mScreenOff = false
D/UsbnetService(  235): BroadcastReceiver::onReceive-
D/HtcPowerSaver(  235): Checking...
I/HtcPowerSaver(  235): >> updateStatus
D/HtcPowerSaver(  235): notifyUser: Unknown Status
I/HtcPowerSaver(  235): currentStatus=8000, currentLevel=13, enableLevel=20, enable=false, popDialog=false, statusChangeTo=-1
I/HtcPowerSaver(  235): << updateStatus
D/WifiService(  235): ACTION_BATTERY_CHANGED pluggedType: 2
D/NotificationService(  235): mIntentReceiver() Intent.ACTION_BATTERY_CHANGED
D/PowerManagerService(  235): runHtcPowerSaverCheck ======================================
D/PowerUI (  317): closing low battery warning: level=13
D/PowerUI (  317): plugged = true, health = 2, mBatteryLevel = 13, mPluggedBatteryLevel = 2, mLowBatteryWarningLevel2 = 25, mshowLowChargingWarning2 = true
D/PackageManager(  235): Failed to get PackageInfo!, pkg:com.htc.demoflorebooter, flags:1
D/WifiStateMachine(  235): BroadcastRSSIForIMS, newrssi =-80 , oldRssi= -79
D/WifiStateMachine(  235): fetchRssiAndLinkSpeedNative send RSSIChange intent, SameSignalLevelCount =1
D/WifiStateMachine(  235): fetchRssiAndLinkSpeedNative send RSSIChange intent, SameSignalLevelCount =2
D/WifiStateMachine(  235): BroadcastRSSIForIMS, newrssi =-80 , oldRssi= -79
D/WifiStateMachine(  235): fetchRssiAndLinkSpeedNative send RSSIChange intent, SameSignalLevelCount =1
D/WifiStateMachine(  235): fetchRssiAndLinkSpeedNative send RSSIChange intent, SameSignalLevelCount =2
D/WifiStateMachine(  235): BroadcastRSSIForIMS, newrssi =-80 , oldRssi= -79
D/WifiStateMachine(  235): fetchRssiAndLinkSpeedNative send RSSIChange intent, newSignalLevel =1mLastSignalLevel = 2
D/WifiStateMachine(  235): fetchRssiAndLinkSpeedNative send RSSIChange intent, newSignalLevel =2mLastSignalLevel = 1
D/WifiStateMachine(  235): BroadcastRSSIForIMS, newrssi =-81 , oldRssi= -79
D/WifiStateMachine(  235): fetchRssiAndLinkSpeedNative send RSSIChange intent, newSignalLevel =2mLastSignalLevel = 1
D/WifiStateMachine(  235): fetchRssiAndLinkSpeedNative send RSSIChange intent, SameSignalLevelCount =1
D/WifiStateMachine(  235): fetchRssiAndLinkSpeedNative send RSSIChange intent, SameSignalLevelCount =2
D/BatteryService(  235): updateBatteryStats ======================================
I/BATT_ALG(  126): batt_alg_overtemp_check:temp:298, isOver_temp:0
I/BATT_ALG(  126): vol=3861;curr=327;dis_curr=0;temp=298;id=3;level=13;chg_src=1;chg_en=1;ov_chg=0;isOver_temp=0;timer=60;safety_count=2100
D/BatteryService(  235): UEvent updateBatteryStats
D/HtcPowerSaver(  235): Recived battery changed intent.
D/UsbnetService(  235): BroadcastReceiver::onReceive+
D/UsbnetService(  235): onReceive BATTERY_CHANGED
D/UsbnetService(  235):  --> pluggedType = 2, mPluggedType = 0, mScreenOff = false
D/UsbnetService(  235): BroadcastReceiver::onReceive-
D/HtcPowerSaver(  235): Checking...
I/HtcPowerSaver(  235): >> updateStatus
D/WifiService(  235): ACTION_BATTERY_CHANGED pluggedType: 2
D/NotificationService(  235): mIntentReceiver() Intent.ACTION_BATTERY_CHANGED
D/PowerManagerService(  235): runHtcPowerSaverCheck ======================================
D/HtcPowerSaver(  235): notifyUser: Unknown Status
I/HtcPowerSaver(  235): currentStatus=8000, currentLevel=13, enableLevel=20, enable=false, popDialog=false, statusChangeTo=-1
I/HtcPowerSaver(  235): << updateStatus
D/PowerUI (  317): closing low battery warning: level=13
D/PackageManager(  235): Failed to get PackageInfo!, pkg:com.htc.demoflorebooter, flags:1
D/PowerUI (  317): plugged = true, health = 2, mBatteryLevel = 13, mPluggedBatteryLevel = 2, mLowBatteryWarningLevel2 = 25, mshowLowChargingWarning2 = true
D/AndroidRuntime( 5008): 
D/AndroidRuntime( 5008): >>>>>> AndroidRuntime START com.android.internal.os.RuntimeInit <<<<<<
D/AndroidRuntime( 5008): CheckJNI is OFF
D/AndroidRuntime( 5008): Calling main entry com.android.commands.pm.Pm
W/ActivityManager(  235): No content provider found for permission revoke: file:///data/local/tmp/1stLesson-debug-unaligned.apk
W/ActivityManager(  235): No content provider found for permission revoke: file:///data/local/tmp/1stLesson-debug-unaligned.apk
I/PackageManager(  235): Removing non-system package:ie.gannon.shane
D/OpenGLRenderer( 4729): Flushing caches (mode 0)
I/ActivityManager(  235): Force stopping package ie.gannon.shane uid=10122
I/ActivityManager(  235): Killing proc 4729:ie.gannon.shane/10122: force stop
W/ActivityManager(  235): Force removing ActivityRecord{412bfc40 ie.gannon.shane/.MainActivity}: app died, no saved state
D/memalloc( 4729): /dev/pmem: Unmapping buffer base:0x52f4d000 size:10166272 offset:8077312
D/memalloc( 4729): /dev/pmem: Unmapping buffer base:0x529fb000 size:2088960 offset:0
D/memalloc(  111): /dev/pmem: Freeing buffer base:0x428e6000 size:2088960 offset:8077312 fd:65
D/memalloc(  111): /dev/pmem: Freeing buffer base:0x42132000 size:2088960 offset:0 fd:32
D/Process (  235): killProcessQuiet, pid=4729
D/Process (  235): dalvik.system.VMStack.getThreadStackTrace(Native Method)
D/Process (  235): java.lang.Thread.getStackTrace(Thread.java:599)
D/Process (  235): android.os.Process.killProcessQuiet(Process.java:820)
D/Process (  235): com.android.server.am.ActivityManagerService.removeProcessLocked(ActivityManagerService.java:3977)
D/Process (  235): com.android.server.am.ActivityManagerService.killPackageProcessesLocked(ActivityManagerService.java:3825)
D/Process (  235): com.android.server.am.ActivityManagerService.forceStopPackageLocked(ActivityManagerService.java:3855)
D/Process (  235): com.android.server.am.ActivityManagerService.access$400(ActivityManagerService.java:184)
D/Process (  235): com.android.server.am.ActivityManagerService$2.handleMessage(ActivityManagerService.java:1197)
D/Process (  235): android.os.Handler.dispatchMessage(Handler.java:99)
D/Process (  235): android.os.Looper.loop(Looper.java:154)
D/Process (  235): com.android.server.am.ActivityManagerService$AThread.run(ActivityManagerService.java:1540)
W/ContentService(  235): binderDied() at ObserverNode name system
D/memalloc(  111): free_buffer:Freeing buffer size=2088960 base=0x4459d000 fd=68 PID=111
I/WindowManager(  235): WIN DEATH: Window{4169fad0 ie.gannon.shane/ie.gannon.shane.MainActivity paused=false}
D/SensorService(  235): disable: get sensor name = MPL accel
D/Sensors (  235): handle : 4 en: 0, v010.0 - Try to resolve lock issue
D/Sensors (  235): lock_status = 4
D/Sensors (  235): Andy: MPLSensor::enable: lock1
W/MPL-sup (  235): MLGetAKMComassStatus, gAKMCompassStatus = 0
D/Sensors (  235): mEnabled = 0x0
D/Sensors (  235): set_power_states++: enabled_sensors: 0 dmp_started: 1
D/Sensors (  235): Before if statment: cs:0 rs:0 en_ped:0 da_ped:0 en_g:0 da_g:0
D/Sensors (  235): Stopping DMP
I/        (  235): mpu3050_suspend: suspending sensors to 0000
I/        (  235): mpu3050_suspend: Will resume next to 0070
D/Sensors (  235): inside if(s_use_timerirq)
D/Sensors (  235): set_power_states--
D/Sensors (  235): Andy: MPLSensor::enable: unlock1
D/Sensors (  235): MPLSensor::enable--1
D/SensorService(  235): SensorDevice::activate--: handle = 0x4, enabled = 0x0
D/SensorService(  235): pid=235, uid=1000
E/ActivityManager(  235): fail to set top app changed!
D/ActivityManager(  235): Config after re-evaluted by window manager: null
D/ConnectivityService(  235): onUidRulesChanged(uid=10122, uidRules=0)
D/ConnectivityService(  235): onUidRulesChanged(uid=9999, uidRules=0)
I/CarouselTimeLog(  372): onStart() finish: 1379362314594
D/CarouselDummyActivity(  372): CarouselDummyActivity.onResume: tab_allapps
D/CAT     (  441): CatService: Return current sInstance
D/memalloc(  111): /dev/pmem: Allocated buffer base:0x42132000 size:2088960 offset:0 fd:32
D/memalloc(  372): /dev/pmem: Mapped buffer base:0x54fc9000 size:2088960 offset:0 fd:101
D/memalloc(  111): /dev/pmem: Allocated buffer base:0x42132000 size:2088960 offset:8077312 fd:38
D/memalloc(  372): /dev/pmem: Mapped buffer base:0x57e4c000 size:10166272 offset:8077312 fd:105
D/memalloc(  111): /dev/pmem: Allocated buffer base:0x42132000 size:2088960 offset:18243584 fd:50
D/memalloc(  372): /dev/pmem: Mapped buffer base:0x59a8b000 size:20332544 offset:18243584 fd:108
D/memalloc(  111): /dev/pmem: Allocated buffer base:0x42132000 size:2088960 offset:20332544 fd:62
D/memalloc(  372): /dev/pmem: Mapped buffer base:0x5aec2000 size:22421504 offset:20332544 fd:112
I/PackageManager(  235): Package ie.gannon.shane codePath changed from /data/app/ie.gannon.shane-1.apk to /data/app/ie.gannon.shane-2.apk; Retaining data and using new
W/InputManagerService(  235): Got RemoteException sending setActive(false) notification to pid 4729 uid 10122
I/PackageManager(  235): Running dexopt on: ie.gannon.shane
D/memalloc(  111): /dev/pmem: Allocated buffer base:0x42132000 size:2088960 offset:22421504 fd:65
D/memalloc(  372): /dev/pmem: Mapped buffer base:0x5c4e2000 size:24510464 offset:22421504 fd:111
D/MP-Decision(  753): UP Nw:2.700000 Tw:180 rq:4.700000 seq:197
E/Adreno200-ES20(  372): <process_gl_state_enables:456>: GL_INVALID_ENUM
D/dalvikvm(  235): GC_CONCURRENT freed 1762K, 47% free 11089K/20643K, paused 10ms+13ms
D/MP-Decision(  753): DOWN Ns:2.100000 Ts:270 rq:0.000000 seq:297 (Up time:344)
D/dalvikvm( 5024): DexOpt: load 68ms, verify+opt 949ms
I/ActivityManager(  235): Force stopping package ie.gannon.shane uid=10122
W/PackageManager(  235): Code path for pkg : ie.gannon.shane changing from /data/app/ie.gannon.shane-1.apk to /data/app/ie.gannon.shane-2.apk
W/PackageManager(  235): Resource path for pkg : ie.gannon.shane changing from /data/app/ie.gannon.shane-1.apk to /data/app/ie.gannon.shane-2.apk
D/PackageManager(  235): [embedded] New package installed in /data/app/ie.gannon.shane-2.apk
I/ActivityManager(  235): Force stopping package ie.gannon.shane uid=10122
D/dalvikvm(  317): GC_EXPLICIT freed 1717K, 46% free 7301K/13475K, paused 2ms+5ms
D/dalvikvm(  372): GC_EXPLICIT freed 55K, 49% free 6999K/13667K, paused 2ms+5ms
D/PhoneApp(  441): -- PackageChangeBroadcastReceiver  action = android.intent.action.PACKAGE_REMOVED
D/dalvikvm(  453): GC_EXPLICIT freed 466K, 24% free 4440K/5795K, paused 2ms+3ms
D/MP-Decision(  753): UP Nw:2.700000 Tw:180 rq:8.400000 seq:198
D/dalvikvm(  235): GC_EXPLICIT freed 930K, 48% free 10736K/20643K, paused 4ms+9ms
D/AccountTypeManager( 1101): Registering external account type=com.htc.htctwitter, packageName=com.htc.htctwitter
D/AccountTypeManager( 1101): Registering external account type=com.facebook.auth.login, packageName=com.facebook.katana
W/ResourceType( 1101): getEntry failing because entryIndex 326 is beyond type entryCount 117
W/ResourceType( 1101): Failure getting entry for 0x7f020146 (t=1 e=326) in package 0 (error -2147483647)
D/AccountTypeManager( 1101): Registering external account type=com.hotmail.Z7.eas, packageName=com.hotmail.Z7
D/AccountTypeManager( 1101): Registering 1 extension packages
E/ExternalAccountType( 1101): Unsupported attribute readOnly
D/AccountTypeManager( 1101): Registering extension package account type=com.google, dataSet=plus, packageName=com.google.android.apps.plus
D/PhoneApp(  441): -- PackageChangeBroadcastReceiver  action = android.intent.action.PACKAGE_ADDED
D/PackageManager(  235): generateServicesMap(android.accounts.AccountAuthenticator): 17 services unchanged
I/ActivityManager(  235): Start proc com.htc.home.personalize for broadcast com.htc.home.personalize/.HtcWidgetScanner: pid=5033 uid=10036 gids={3003, 2001, 1015, 5001}
W/PackageManager(  235): Unable to load service info ResolveInfo{41323890 com.htc.socialnetwork.facebook.remote.FacebookSyncService p=0 o=0 m=0x108000}
W/PackageManager(  235): org.xmlpull.v1.XmlPullParserException: No android.content.SyncAdapter meta-data
W/PackageManager(  235): 	at android.content.pm.RegisteredServicesCache.parseServiceInfo(RegisteredServicesCache.java:380)
W/PackageManager(  235): 	at android.content.pm.RegisteredServicesCache.generateServicesMap(RegisteredServicesCache.java:261)
W/PackageManager(  235): 	at android.content.pm.RegisteredServicesCache$1.onReceive(RegisteredServicesCache.java:110)
W/PackageManager(  235): 	at android.app.LoadedApk$ReceiverDispatcher$Args.run(LoadedApk.java:781)
W/PackageManager(  235): 	at android.os.Handler.handleCallback(Handler.java:605)
W/PackageManager(  235): 	at android.os.Handler.dispatchMessage(Handler.java:92)
W/PackageManager(  235): 	at android.os.Looper.loop(Looper.java:154)
W/PackageManager(  235): 	at com.android.server.ServerThread.run(SystemServer.java:914)
D/HomeLoaders(  372): get install or remove message so do change adapter
D/Utilities(  372): createIconThumbnail # iconWidth: 72,iconHeight: 72,width: 72,height: 72
D/PackageManager(  235): generateServicesMap(android.content.SyncAdapter): 38 services unchanged
D/BackupManagerService(  235): Received broadcast Intent { act=android.intent.action.PACKAGE_REMOVED dat=package:ie.gannon.shane flg=0x10000010 (has extras) }
D/PackageManager(  235): generateServicesMap(android.accounts.AccountAuthenticator): 17 services unchanged
W/PackageManager(  235): Unable to load service info ResolveInfo{411139d8 com.htc.socialnetwork.facebook.remote.FacebookSyncService p=0 o=0 m=0x108000}
W/PackageManager(  235): org.xmlpull.v1.XmlPullParserException: No android.content.SyncAdapter meta-data
W/PackageManager(  235): 	at android.content.pm.RegisteredServicesCache.parseServiceInfo(RegisteredServicesCache.java:380)
W/PackageManager(  235): 	at android.content.pm.RegisteredServicesCache.generateServicesMap(RegisteredServicesCache.java:261)
W/PackageManager(  235): 	at android.content.pm.RegisteredServicesCache$1.onReceive(RegisteredServicesCache.java:110)
W/PackageManager(  235): 	at android.app.LoadedApk$ReceiverDispatcher$Args.run(LoadedApk.java:781)
W/PackageManager(  235): 	at android.os.Handler.handleCallback(Handler.java:605)
W/PackageManager(  235): 	at android.os.Handler.dispatchMessage(Handler.java:92)
W/PackageManager(  235): 	at android.os.Looper.loop(Looper.java:154)
W/PackageManager(  235): 	at com.android.server.ServerThread.run(SystemServer.java:914)
D/PackageManager(  235): generateServicesMap(android.content.SyncAdapter): 38 services unchanged
I/ActivityThread( 5033): Pub com.htc.home.personalize.fusionwidget.FxWidgetProvider: com.htc.home.personalize.fusionwidget.FxWidgetProvider
I/ActivityThread( 5033): Pub com.htc.home.personalize.SceneProvider.SceneProvider: com.htc.home.personalize.SceneProvider.SceneProvider
D/SqliteDatabaseCpp( 5033): dbopen(): path = /data/data/com.htc.home.personalize/databases , key = wgeje, flag = 6, file size = 7168
D/SqliteDatabaseCpp( 5033): dbopen(): path = /data/data/com.htc.home.personalize/databases , key = wgeje, mode: truncate, disk free size: 910 M, handle: 0x1000a90
D/BackupManagerService(  235): Received broadcast Intent { act=android.intent.action.PACKAGE_ADDED dat=package:ie.gannon.shane flg=0x10000010 (has extras) }
V/BackupManagerService(  235): updatePackageParticipantsLocked: ie.gannon.shane
I/ActivityThread( 5033): Pub com.htc.home.personalize.PersonalizeCarouselProvider: com.htc.home.personalize.PersonalizeCarouselProvider
D/HtcWidgetScanner( 5033): onReceive +
D/HtcWidgetScanner( 5033): onReceive with action: android.intent.action.PACKAGE_REMOVED
D/SqliteDatabaseCpp( 5033): dbopen(): path = /data/data/com.htc.home.personalize/databases , key = bpsadcet, flag = 6, file size = 24576
D/SqliteDatabaseCpp( 5033): dbopen(): path = /data/data/com.htc.home.personalize/databases , key = bpsadcet, mode: truncate, disk free size: 910 M, handle: 0xf24fd8
D/HtcWidgetScanner( 5033): onReceive -
D/FxWidgetProvider( 5033): row 88
I/AccountTypeManager( 1101): Loaded meta-data for 8 account types, 3 accounts in 245ms(wall) 28ms(cpu)
I/ActivityManager(  235): Start proc com.htc.store for broadcast com.htc.store/.receiver.InstallReceiver: pid=5047 uid=10059 gids={2001, 3003, 1015}
D/HtcWidgetScannerService( 5033): onHandleIntent +
D/HtcWidgetScannerService( 5033): onReceiveInternal +
D/HtcWidgetScannerService( 5033): packageUid - 10122
D/HtcWidgetScannerService( 5033): action - android.intent.action.PACKAGE_REMOVED
D/AccountTypeManager( 1101): Registering external account type=com.htc.htctwitter, packageName=com.htc.htctwitter
D/FxWidgetScanner( 5033): create
D/FxWidgetScanner( 5033): onHandleIntent remove
D/FxWidgetScanner( 5033): provider ie.gannon.shane
D/FxWidgetScanner( 5033): removeFxWidgetList
D/FxWidgetScanner( 5033): delete 0
D/HtcWidgetScannerService( 5033): onReceiveInternal -
D/HtcWidgetScannerService( 5033): onHandleIntent -
I/ActivityThread( 5047): Pub com.htc.store.provider.CarouselProvider: com.htc.store.provider.CarouselProvider
I/ActivityThread( 5047): Pub com.htc.store.provider.ContentProvider: com.htc.store.provider.ContentProvider
D/HTC Store( 5047): Log settings are false
D/HTC Store( 5047): Log settings are 
D/HTC Store( 5047): Enable General Log : false
D/HTC Store( 5047): Enable Analytic Log : false
D/HTC Store( 5047): Enable Normal Log Level : false
D/HTC Store( 5047): Enable Critical Log Level : false
D/SqliteDatabaseCpp( 5047): dbopen(): path = /data/data/com.htc.store/databases , key = `tgwtkve, flag = 6, file size = 26624
D/AccountTypeManager( 1101): Registering external account type=com.facebook.auth.login, packageName=com.facebook.katana
D/SqliteDatabaseCpp( 5047): dbopen(): path = /data/data/com.htc.store/databases , key = `tgwtkve, mode: truncate, disk free size: 910 M, handle: 0x1000a90
W/ResourceType( 1101): getEntry failing because entryIndex 326 is beyond type entryCount 117
W/ResourceType( 1101): Failure getting entry for 0x7f020146 (t=1 e=326) in package 0 (error -2147483647)
D/AccountTypeManager( 1101): Registering external account type=com.hotmail.Z7.eas, packageName=com.hotmail.Z7
I/ActivityManager(  235): Start proc com.android.keychain for broadcast com.android.keychain/.KeyChainBroadcastReceiver: pid=5060 uid=1000 gids={1015, 3002, 3001, 3003, 5001, 5003, 3007, 3006, 2001, 1007}
D/dalvikvm(  112): GC_EXPLICIT freed 37K, 27% free 2810K/3807K, paused 1ms+3ms
D/dalvikvm(  112): GC_EXPLICIT freed <1K, 27% free 2810K/3807K, paused 16ms+2ms
D/AccountTypeManager( 1101): Registering 1 extension packages
D/dalvikvm(  112): GC_EXPLICIT freed <1K, 27% free 2810K/3807K, paused 2ms+2ms
E/ExternalAccountType( 1101): Unsupported attribute readOnly
D/SqliteDatabaseCpp( 5060): dbopen(): path = /data/data/com.android.keychain/databases , key = cvYjtw, flag = 6, file size = 5120
D/SqliteDatabaseCpp( 5060): dbopen(): path = /data/data/com.android.keychain/databases , key = cvYjtw, mode: truncate, disk free size: 910 M, handle: 0xf94970
I/RegisterService( 4483): android.intent.action.PACKAGE_REMOVED package:ie.gannon.shane
D/SqliteDatabaseCpp( 4924): dbopen(): path = /data/data/com.htc.opensense/databases , key = vecawtvq, flag = 6, file size = 20480
D/SqliteDatabaseCpp( 4924): dbopen(): path = /data/data/com.htc.opensense/databases , key = vecawtvq, mode: truncate, disk free size: 910 M, handle: 0x14c4ec0
D/AccountTypeManager( 1101): Registering extension package account type=com.google, dataSet=plus, packageName=com.google.android.apps.plus
I/ActivityManager(  235): Start proc com.google.android.partnersetup for broadcast com.google.android.partnersetup/.RlzPingBroadcastReceiver: pid=5078 uid=10026 gids={3003}
D/SqliteDatabaseCpp( 5060): dbclose(): path = /data/data/com.android.keychain/databases/grants.db, handle = 0xf94970
I/ActivityThread( 5078): Pub com.google.android.partnersetup.rlzprovider: com.google.android.partnersetup.RlzProvider
I/ActivityThread( 5078): Pub com.google.android.partnersetup.rlzappprovider: com.google.android.partnersetup.RlzAppProvider
D/gp.PicasaSyncManager( 3551): reject cij (********************) because downsync is disabled
D/BackupManagerService(  235): Received broadcast Intent { act=android.intent.action.PACKAGE_REPLACED dat=package:ie.gannon.shane flg=0x10000010 (has extras) }
V/BackupManagerService(  235): updatePackageParticipantsLocked: ie.gannon.shane
D/HtcWidgetScanner( 5033): onReceive +
D/HtcWidgetScanner( 5033): onReceive with action: android.intent.action.PACKAGE_ADDED
D/HtcWidgetScanner( 5033): onReceive -
D/HtcWidgetScannerService( 5033): onHandleIntent +
D/HtcWidgetScannerService( 5033): onReceiveInternal +
D/HtcWidgetScannerService( 5033): packageUid - 10122
D/HtcWidgetScannerService( 5033): action - android.intent.action.PACKAGE_ADDED
D/FxWidgetScanner( 5033): create
D/FxWidgetScanner( 5033): onHandleIntent update
D/FxWidgetScanner( 5033): provider ie.gannon.shane
D/FxWidgetScanner( 5033): updateFxWidgetList
D/FxWidgetScanner( 5033): delete 0
D/FxWidgetScanner( 5033): ResolveInfo size 0
I/RegisterService( 4483): android.intent.action.PACKAGE_ADDED package:ie.gannon.shane
D/HtcWidgetScannerService( 5033): onReceiveInternal -
D/HtcWidgetScannerService( 5033): onHandleIntent -
D/Process (  235): killProcessQuiet, pid=627
D/Process (  235): dalvik.system.VMStack.getThreadStackTrace(Native Method)
D/Process (  235): java.lang.Thread.getStackTrace(Thread.java:599)
I/ActivityManager(  235): No longer want com.google.process.location (pid 627): hidden #16, adj=13
D/Process (  235): android.os.Process.killProcessQuiet(Process.java:820)
D/Process (  235): com.android.server.am.ActivityManagerService.updateOomAdjLocked(ActivityManagerService.java:15198)
D/Process (  235): com.android.server.am.ActivityManagerService.updateOomAdjLocked(ActivityManagerService.java:15123)
D/Process (  235): com.android.server.am.ActivityManagerService.serviceDoneExecutingLocked(ActivityManagerService.java:12356)
D/Process (  235): com.android.server.am.ActivityManagerService.serviceDoneExecuting(ActivityManagerService.java:12326)
D/Process (  235): android.app.ActivityManagerNative.onTransact(ActivityManagerNative.java:723)
D/Process (  235): com.android.server.am.ActivityManagerService.onTransact(ActivityManagerService.java:1699)
D/Process (  235): android.os.Binder.execTransact(Binder.java:338)
D/Process (  235): com.android.server.SystemServer.init1(Native Method)
D/Process (  235): com.android.server.SystemServer.main(SystemServer.java:984)
D/Process (  235): java.lang.reflect.Method.invokeNative(Native Method)
D/Process (  235): java.lang.reflect.Method.invoke(Method.java:511)
D/Process (  235): com.android.internal.os.ZygoteInit$MethodAndArgsCaller.run(ZygoteInit.java:784)
D/Process (  235): com.android.internal.os.ZygoteInit.main(ZygoteInit.java:551)
D/Process (  235): dalvik.system.NativeStart.main(Native Method)
D/gp.PicasaSyncManager( 3551): reject cij (********************) because downsync is disabled
W/ContentService(  235): binderDied() at ObserverNode name locationCoarseAccuracy
W/ContentService(  235): binderDied() at ObserverNode name partner
W/ContentService(  235): binderDied() at ObserverNode name location_providers_allowed
W/ContentService(  235): binderDied() at ObserverNode name mock_location
W/ContentService(  235): binderDied() at ObserverNode name com.google.android.gsf.gservices
W/ContentService(  235): binderDied() at ObserverNode name partner
D/GpsLocationProvider(  235): GPS status listener died
W/ActivityManager(  235): Scheduling restart of crashed service com.google.android.gms/com.google.android.location.internal.GoogleLocationManagerService in 5000ms
W/ActivityManager(  235): Scheduling restart of crashed service com.google.android.gms/com.google.android.location.internal.server.GoogleLocationService in 15000ms
V/LocationManagerService(  235): Location listener died
V/LocationManagerService(  235): _removeUpdates: listener = Receiver{4151dfe0 Listener android.os.BinderProxy@413bf2a0}mUpdateRecords: {passive=UpdateRecord{414bf810 mProvider: passive mUid: 10012}}
V/LocationManagerService(  235): Location listener died
V/LocationManagerService(  235): _removeUpdates: listener = Receiver{414eb610 Listener android.os.BinderProxy@4155c270}mUpdateRecords: {passive=UpdateRecord{414fc690 mProvider: passive mUid: 10012}}
D/gp.PicasaSyncManager( 3551): reject cij (********************) because downsync is disabled
I/AccountTypeManager( 1101): Loaded meta-data for 8 account types, 3 accounts in 714ms(wall) 29ms(cpu)
D/gp.PicasaSyncManager( 3551): reject cij (********************) because downsync is disabled
D/dalvikvm(  235): GC_EXPLICIT freed 1596K, 46% free 11174K/20643K, paused 5ms+25ms
D/AndroidRuntime( 5008): Shutting down VM
D/dalvikvm( 5008): GC_CONCURRENT freed 101K, 71% free 594K/2048K, paused 1ms+0ms
I/AndroidRuntime( 5008): NOTE: attach of thread 'Binder Thread #3' failed
D/Process (  235): killProcessQuiet, pid=4526
D/Process (  235): dalvik.system.VMStack.getThreadStackTrace(Native Method)
D/Process (  235): java.lang.Thread.getStackTrace(Thread.java:599)
D/Process (  235): android.os.Process.killProcessQuiet(Process.java:820)
D/Process (  235): com.android.server.am.ActivityManagerService.updateOomAdjLocked(ActivityManagerService.java:15198)
D/Process (  235): com.android.server.am.ActivityManagerService.removeContentProvider(ActivityManagerService.java:6565)
D/Process (  235): android.app.ActivityManagerNative.onTransact(ActivityManagerNative.java:607)
D/Process (  235): com.android.server.am.ActivityManagerService.onTransact(ActivityManagerService.java:1699)
D/Process (  235): android.os.Binder.execTransact(Binder.java:338)
D/Process (  235): dalvik.system.NativeStart.run(Native Method)
I/ActivityManager(  235): No longer want com.htc.pen (pid 4526): hidden #16, adj=13
W/Addapter(  372): info.icon:2130903040
W/Addapter(  372): info.icon:2130837579
W/Addapter(  372): info.icon:2130837830
W/Addapter(  372): info.icon:2130837626
W/Addapter(  372): info.icon:2130903040
W/Addapter(  372): info.icon:2130837604
W/Addapter(  372): info.icon:2130837704
W/Addapter(  372): info.icon:2130837704
W/Addapter(  372): info.icon:2130903043
W/Addapter(  372): info.icon:2130903040
W/Addapter(  372): info.icon:2130903040
W/Addapter(  372): info.icon:2130903040
W/Addapter(  372): info.icon:2130837758
I/ActivityManager(  235): No longer want com.google.android.googlequicksearchbox (pid 4552): hidden #16, adj=13
D/Process (  235): killProcessQuiet, pid=4552
D/Process (  235): dalvik.system.VMStack.getThreadStackTrace(Native Method)
D/Process (  235): java.lang.Thread.getStackTrace(Thread.java:599)
D/Process (  235): android.os.Process.killProcessQuiet(Process.java:820)
D/Process (  235): com.android.server.am.ActivityManagerService.updateOomAdjLocked(ActivityManagerService.java:15198)
D/Process (  235): com.android.server.am.ActivityManagerService.updateOomAdjLocked(ActivityManagerService.java:15123)
D/Process (  235): com.android.server.am.ActivityManagerService.serviceDoneExecutingLocked(ActivityManagerService.java:12356)
D/Process (  235): com.android.server.am.ActivityManagerService.serviceDoneExecuting(ActivityManagerService.java:12326)
D/Process (  235): android.app.ActivityManagerNative.onTransact(ActivityManagerNative.java:723)
D/Process (  235): com.android.server.am.ActivityManagerService.onTransact(ActivityManagerService.java:1699)
D/Process (  235): android.os.Binder.execTransact(Binder.java:338)
D/Process (  235): dalvik.system.NativeStart.run(Native Method)
W/ContentService(  235): binderDied() at ObserverNode name com.google.android.gsf.gservices
D/PackageAddedReceiver( 2617): package added ie.gannon.shane
I/RegisterService( 4483): android.intent.action.PACKAGE_REPLACED package:ie.gannon.shane
I/ActivityManager(  235): Start proc com.google.process.location for broadcast com.google.android.gms/com.google.android.location.reporting.service.ExternalChangeReceiver: pid=5104 uid=10012 gids={3003, 1015, 2001, 1007, 3006, 1006}
I/ActivityThread( 5104): Pub com.google.android.location.reporting: com.google.android.location.reporting.service.ReportingContentProvider
I/ActivityThread( 5104): Pub com.google.android.location.internal: com.google.android.location.internal.LocationContentProvider
I/ActivityManager(  235): Start proc com.google.android.googlequicksearchbox for broadcast com.google.android.googlequicksearchbox/.SourceUpdateReceiver: pid=5125 uid=10027 gids={3003}
E/dalvikvm( 5104): Could not find class 'android.os.UserManager', referenced from method vq.b
W/dalvikvm( 5104): VFY: unable to resolve check-cast 597 (Landroid/os/UserManager;) in Lvq;
D/dalvikvm( 5104): VFY: replacing opcode 0x1f at 0x000c
I/dalvikvm( 5104): Could not find method android.accounts.AccountManager.getAccountsByTypeForPackage, referenced from method vq.c
W/dalvikvm( 5104): VFY: unable to resolve virtual method 2336: Landroid/accounts/AccountManager;.getAccountsByTypeForPackage (Ljava/lang/String;Ljava/lang/String;)[Landroid/accounts/Account;
D/dalvikvm( 5104): VFY: replacing opcode 0x6e at 0x000c
E/dalvikvm( 5104): Could not find class 'android.os.UserManager', referenced from method vq.c
W/dalvikvm( 5104): VFY: unable to resolve check-cast 597 (Landroid/os/UserManager;) in Lvq;
D/dalvikvm( 5104): VFY: replacing opcode 0x1f at 0x000f
I/ActivityThread( 5125): Pub com.google.android.googlequicksearchbox.shortcuts: com.google.android.googlequicksearchbox.WebHistoryProvider
I/ActivityThread( 5125): Pub com.google.android.googlequicksearchbox.google: com.google.android.googlequicksearchbox.google.GoogleSuggestionProvider
D/PhoneApp(  441): EVENT_QUERY_MO_PACKAGES
D/PhoneApp(  441): -- N1 =0
D/PhoneApp(  441): -- N2 =0
D/PhoneApp(  441): -- N3 =0
D/dalvikvm(  235): GC_EXPLICIT freed 1546K, 49% free 10730K/20643K, paused 4ms+8ms
I/QSB.GservicesConfig( 5125): Waited 14ms for gservices cache
D/AppWidgetHostView(  372): updateAppWidget mInfo = AppWidgetProviderInfo(provider=ComponentInfo{com.google.android.googlequicksearchbox/com.google.android.googlequicksearchbox.SearchWidgetProvider})
D/Process (  235): killProcessQuiet, pid=4808
D/Process (  235): dalvik.system.VMStack.getThreadStackTrace(Native Method)
D/Process (  235): java.lang.Thread.getStackTrace(Thread.java:599)
D/Process (  235): android.os.Process.killProcessQuiet(Process.java:820)
D/Process (  235): com.android.server.am.ActivityManagerService.updateOomAdjLocked(ActivityManagerService.java:15198)
D/Process (  235): com.android.server.am.ActivityManagerService.trimApplications(ActivityManagerService.java:15361)
D/Process (  235): com.android.server.am.ActivityManagerService.finishReceiver(ActivityManagerService.java:13258)
D/Process (  235): android.app.ActivityManagerNative.onTransact(ActivityManagerNative.java:336)
D/Process (  235): com.android.server.am.ActivityManagerService.onTransact(ActivityManagerService.java:1699)
D/Process (  235): android.os.Binder.execTransact(Binder.java:338)
D/Process (  235): dalvik.system.NativeStart.run(Native Method)
I/ActivityManager(  235): Start proc com.htc.pen for broadcast com.htc.pen/.plugin.PenReceiver: pid=5140 uid=10076 gids={}
I/ActivityManager(  235): No longer want com.htc.android.mail (pid 4808): hidden #16, adj=13
I/ActivityThread( 5140): Pub com.htc.pen: com.htc.pen.provider.PenProvider
D/TodoTask( 4539): action com.htc.plugin.ACTION_SCAN_FINISH
I/dalvikvm( 5104): Could not find method android.location.Location.getElapsedRealtimeNanos, referenced from method dwh.b
W/dalvikvm( 5104): VFY: unable to resolve virtual method 3160: Landroid/location/Location;.getElapsedRealtimeNanos ()J
D/dalvikvm( 5104): VFY: replacing opcode 0x6e at 0x0037
I/dalvikvm( 5104): Could not find method android.location.Location.getElapsedRealtimeNanos, referenced from method dwf.a
W/dalvikvm( 5104): VFY: unable to resolve virtual method 3160: Landroid/location/Location;.getElapsedRealtimeNanos ()J
D/dalvikvm( 5104): VFY: replacing opcode 0x6e at 0x0009
D/SqliteDatabaseCpp( 5140): dbopen(): path = /data/data/com.htc.pen/databases , key = hej, flag = 6, file size = 15360
D/SqliteDatabaseCpp( 5140): dbopen(): path = /data/data/com.htc.pen/databases , key = hej, mode: truncate, disk free size: 911 M, handle: 0xfcc240
I/Recovery( 2617): Received: Intent { act=com.google.android.gms.INITIALIZE flg=0x10 pkg=com.google.android.gms cmp=com.google.android.gms/.recovery.AccountRecoveryBackgroundService$Receiver }
D/PenUtils( 5140): getDefaultPen() start 17
I/dalvikvm( 5104): Could not find method android.location.Location.setElapsedRealtimeNanos, referenced from method dwm.a
