--------- beginning of /dev/log/system
D/WifiStateMachine(  235): BroadcastRSSIForIMS, newrssi =-82 , oldRssi= -79
D/WifiStateMachine(  235): fetchRssiAndLinkSpeedNative send RSSIChange intent, SameSignalLevelCount =1
I/ActivityManager(  235): START intent from pid 372
I/ActivityManager(  235): Start proc ie.gannon.shane for activity ie.gannon.shane/.MainActivity: pid=4326 uid=10122 gids={}
D/ConnectivityService(  235): onUidRulesChanged(uid=10122, uidRules=0)
V/WindowManager(  235): Starting animation in AppWindowToken{4128bd90 token=Token{40e4c650 ActivityRecord{40e11d30 com.htc.launcher/.Launcher}}} @ 1292481
V/WindowManager(  235): Finished animation in AppWindowToken{4128bd90 token=Token{40e4c650 ActivityRecord{40e11d30 com.htc.launcher/.Launcher}}} @ 1292481
V/WindowManager(  235): Starting animation in AppWindowToken{4158f988 token=Token{41869388 ActivityRecord{4158f738 ie.gannon.shane/.MainActivity}}} @ 1292481
W/InputManagerService(  235): Starting input on non-focused client com.android.internal.view.IInputMethodClient$Stub$Proxy@410031c8 (uid=9999 pid=372)
V/WindowManager(  235): Finished animation in AppWindowToken{4158f988 token=Token{41869388 ActivityRecord{4158f738 ie.gannon.shane/.MainActivity}}} @ 1292908
D/ConnectivityService(  235): onUidRulesChanged(uid=9999, uidRules=0)
D/WifiStateMachine(  235): fetchRssiAndLinkSpeedNative send RSSIChange intent, newSignalLevel =2mLastSignalLevel = 1
D/WifiStateMachine(  235): BroadcastRSSIForIMS, newrssi =-81 , oldRssi= -76
I/ActivityManager(  235): START intent from pid 4326
E/AndroidRuntime( 4326): FATAL EXCEPTION: main
E/AndroidRuntime( 4326): java.lang.IllegalStateException: Could not execute method of the activity
E/AndroidRuntime( 4326): 	at android.view.View$1.onClick(View.java:3082)
E/AndroidRuntime( 4326): 	at android.view.View.performClick(View.java:3549)
E/AndroidRuntime( 4326): 	at android.view.View$PerformClick.run(View.java:14400)
E/AndroidRuntime( 4326): 	at android.os.Handler.handleCallback(Handler.java:605)
E/AndroidRuntime( 4326): 	at android.os.Handler.dispatchMessage(Handler.java:92)
E/AndroidRuntime( 4326): 	at android.os.Looper.loop(Looper.java:154)
E/AndroidRuntime( 4326): 	at android.app.ActivityThread.main(ActivityThread.java:4945)
E/AndroidRuntime( 4326): 	at java.lang.reflect.Method.invokeNative(Native Method)
E/AndroidRuntime( 4326): 	at java.lang.reflect.Method.invoke(Method.java:511)
E/AndroidRuntime( 4326): 	at com.android.internal.os.ZygoteInit$MethodAndArgsCaller.run(ZygoteInit.java:784)
E/AndroidRuntime( 4326): 	at com.android.internal.os.ZygoteInit.main(ZygoteInit.java:551)
E/AndroidRuntime( 4326): 	at dalvik.system.NativeStart.main(Native Method)
E/AndroidRuntime( 4326): Caused by: java.lang.reflect.InvocationTargetException
E/AndroidRuntime( 4326): 	at java.lang.reflect.Method.invokeNative(Native Method)
E/AndroidRuntime( 4326): 	at java.lang.reflect.Method.invoke(Method.java:511)
E/AndroidRuntime( 4326): 	at android.view.View$1.onClick(View.java:3077)
E/AndroidRuntime( 4326): 	... 11 more
E/AndroidRuntime( 4326): Caused by: android.content.ActivityNotFoundException: Unable to find explicit activity class {ie.gannon.shane/ie.gannon.shane.DisplayMessageActivity}; have you declared this activity in your AndroidManifest.xml?
E/AndroidRuntime( 4326): 	at android.app.Instrumentation.checkStartActivityResult(Instrumentation.java:1634)
E/AndroidRuntime( 4326): 	at android.app.Instrumentation.execStartActivity(Instrumentation.java:1510)
E/AndroidRuntime( 4326): 	at android.app.Activity.startActivityForResult(Activity.java:3251)
E/AndroidRuntime( 4326): 	at android.app.Activity.startActivity(Activity.java:3358)
E/AndroidRuntime( 4326): 	at ie.gannon.shane.MainActivity.sendMessage(MainActivity.java:28)
E/AndroidRuntime( 4326): 	... 14 more
W/ActivityManager(  235):   Force finishing activity ie.gannon.shane/.MainActivity
W/ActivityManager(  235): Activity pause timeout for ActivityRecord{4158f738 ie.gannon.shane/.MainActivity}
D/ConnectivityService(  235): onUidRulesChanged(uid=9999, uidRules=0)
D/ActivityManager(  235): Config after re-evaluted by window manager: null
V/WindowManager(  235): Starting animation in AppWindowToken{4128bd90 token=Token{40e4c650 ActivityRecord{40e11d30 com.htc.launcher/.Launcher}}} @ 1299577
V/WindowManager(  235): Finished animation in AppWindowToken{4128bd90 token=Token{40e4c650 ActivityRecord{40e11d30 com.htc.launcher/.Launcher}}} @ 1299577
V/WindowManager(  235): Starting animation in AppWindowToken{4158f988 token=Token{41869388 ActivityRecord{4158f738 ie.gannon.shane/.MainActivity}}} @ 1299577
D/ActivityManager(  235): destroyActivityLocked, r=ActivityRecord{4158f738 ie.gannon.shane/.MainActivity}
V/ActivityManager(  235): destroyActivityLocked, dalvik.system.VMStack.getThreadStackTrace(Native Method)
V/ActivityManager(  235): destroyActivityLocked, java.lang.Thread.getStackTrace(Thread.java:599)
V/ActivityManager(  235): destroyActivityLocked, com.android.server.am.ActivityStack.destroyActivityLocked(ActivityStack.java:3754)
V/ActivityManager(  235): destroyActivityLocked, com.android.server.am.ActivityStack.finishCurrentActivityLocked(ActivityStack.java:3621)
V/ActivityManager(  235): destroyActivityLocked, com.android.server.am.ActivityStack.finishCurrentActivityLocked(ActivityStack.java:3578)
V/ActivityManager(  235): destroyActivityLocked, com.android.server.am.ActivityStack.activityIdleInternal(ActivityStack.java:3410)
V/ActivityManager(  235): destroyActivityLocked, com.android.server.am.ActivityManagerService.activityIdle(ActivityManagerService.java:4313)
V/ActivityManager(  235): destroyActivityLocked, android.app.ActivityManagerNative.onTransact(ActivityManagerNative.java:362)
V/ActivityManager(  235): destroyActivityLocked, com.android.server.am.ActivityManagerService.onTransact(ActivityManagerService.java:1699)
V/ActivityManager(  235): destroyActivityLocked, android.os.Binder.execTransact(Binder.java:338)
V/ActivityManager(  235): destroyActivityLocked, dalvik.system.NativeStart.run(Native Method)
D/ConnectivityService(  235): onUidRulesChanged(uid=10122, uidRules=0)
I/ActivityManager(  235): No longer want com.htc.store (pid 3511): hidden #16, adj=14
V/WindowManager(  235): Finished animation in AppWindowToken{4158f988 token=Token{41869388 ActivityRecord{4158f738 ie.gannon.shane/.MainActivity}}} @ 1300003
V/NotificationService(  235): Battery Low, Charging
D/NotificationService(  235): cancelNotification, ACTION_NOTIFICATION_REMOVE,pkg=android,id=17040407
I/ActivityManager(  235): Process ie.gannon.shane (pid 4326) has died.
I/WindowManager(  235): WIN DEATH: Window{4126a980 ie.gannon.shane/ie.gannon.shane.MainActivity paused=false}
I/WindowManager(  235): WINDOW DIED Window{4126a980 ie.gannon.shane/ie.gannon.shane.MainActivity paused=false}
D/WifiStateMachine(  235): fetchRssiAndLinkSpeedNative send RSSIChange intent, newSignalLevel =2mLastSignalLevel = 1
D/WifiStateMachine(  235): BroadcastRSSIForIMS, newrssi =-85 , oldRssi= -77
D/WifiStateMachine(  235): fetchRssiAndLinkSpeedNative send RSSIChange intent, SameSignalLevelCount =1
W/ActivityManager(  235): Activity destroy timeout for ActivityRecord{4158f738 ie.gannon.shane/.MainActivity}
D/WifiStateMachine(  235): fetchRssiAndLinkSpeedNative send RSSIChange intent, SameSignalLevelCount =2
D/WifiStateMachine(  235): fetchRssiAndLinkSpeedNative send RSSIChange intent, newSignalLevel =2mLastSignalLevel = 1
D/WifiStateMachine(  235): fetchRssiAndLinkSpeedNative send RSSIChange intent, newSignalLevel =1mLastSignalLevel = 2
D/WifiStateMachine(  235): fetchRssiAndLinkSpeedNative send RSSIChange intent, SameSignalLevelCount =1
W/ThrottleService(  235): unable to find stats for iface rmnet0
D/WifiStateMachine(  235): fetchRssiAndLinkSpeedNative send RSSIChange intent, SameSignalLevelCount =2
D/BatteryService(  235): updateBatteryStats ======================================
D/BatteryService(  235): UEvent updateBatteryStats
D/WifiService(  235): ACTION_BATTERY_CHANGED pluggedType: 2
D/NotificationService(  235): mIntentReceiver() Intent.ACTION_BATTERY_CHANGED
D/PowerManagerService(  235): runHtcPowerSaverCheck ======================================
D/PowerUI (  317): closing low battery warning: level=9
D/PowerUI (  317): plugged = true, health = 2, mBatteryLevel = 9, mPluggedBatteryLevel = 2, mLowBatteryWarningLevel2 = 25, mshowLowChargingWarning2 = true
D/WifiStateMachine(  235): fetchRssiAndLinkSpeedNative send RSSIChange intent, newSignalLevel =2mLastSignalLevel = 1
D/WifiStateMachine(  235): fetchRssiAndLinkSpeedNative send RSSIChange intent, newSignalLevel =1mLastSignalLevel = 2
D/WifiStateMachine(  235): fetchRssiAndLinkSpeedNative send RSSIChange intent, newSignalLevel =2mLastSignalLevel = 1
D/WifiStateMachine(  235): fetchRssiAndLinkSpeedNative send RSSIChange intent, newSignalLevel =1mLastSignalLevel = 2
D/WifiStateMachine(  235): fetchRssiAndLinkSpeedNative send RSSIChange intent, SameSignalLevelCount =1
D/WifiStateMachine(  235): fetchRssiAndLinkSpeedNative send RSSIChange intent, SameSignalLevelCount =2
D/WifiStateMachine(  235): fetchRssiAndLinkSpeedNative send RSSIChange intent, newSignalLevel =2mLastSignalLevel = 1
D/WifiStateMachine(  235): fetchRssiAndLinkSpeedNative send RSSIChange intent, newSignalLevel =1mLastSignalLevel = 2
D/WifiStateMachine(  235): fetchRssiAndLinkSpeedNative send RSSIChange intent, newSignalLevel =2mLastSignalLevel = 1
D/WifiStateMachine(  235): fetchRssiAndLinkSpeedNative send RSSIChange intent, SameSignalLevelCount =1
D/WifiStateMachine(  235): fetchRssiAndLinkSpeedNative send RSSIChange intent, newSignalLevel =1mLastSignalLevel = 2
D/WifiStateMachine(  235): fetchRssiAndLinkSpeedNative send RSSIChange intent, newSignalLevel =2mLastSignalLevel = 1
D/WifiStateMachine(  235): fetchRssiAndLinkSpeedNative send RSSIChange intent, newSignalLevel =1mLastSignalLevel = 2
D/WifiStateMachine(  235): fetchRssiAndLinkSpeedNative send RSSIChange intent, newSignalLevel =2mLastSignalLevel = 1
D/BatteryService(  235): updateBatteryStats ======================================
D/BatteryService(  235): UEvent updateBatteryStats
D/WifiService(  235): ACTION_BATTERY_CHANGED pluggedType: 2
D/NotificationService(  235): mIntentReceiver() Intent.ACTION_BATTERY_CHANGED
V/NotificationService(  235): Charging...
D/PowerManagerService(  235): runHtcPowerSaverCheck ======================================
D/PowerUI (  317): closing low battery warning: level=10
D/PowerUI (  317): plugged = true, health = 2, mBatteryLevel = 10, mPluggedBatteryLevel = 2, mLowBatteryWarningLevel2 = 25, mshowLowChargingWarning2 = true
D/WifiStateMachine(  235): fetchRssiAndLinkSpeedNative send RSSIChange intent, SameSignalLevelCount =1
D/WifiStateMachine(  235): fetchRssiAndLinkSpeedNative send RSSIChange intent, SameSignalLevelCount =2
D/WifiStateMachine(  235): BroadcastRSSIForIMS, newrssi =-80 , oldRssi= -78
D/WifiStateMachine(  235): fetchRssiAndLinkSpeedNative send RSSIChange intent, newSignalLevel =1mLastSignalLevel = 2
D/WifiStateMachine(  235): fetchRssiAndLinkSpeedNative send RSSIChange intent, SameSignalLevelCount =1
D/WifiStateMachine(  235): fetchRssiAndLinkSpeedNative send RSSIChange intent, SameSignalLevelCount =2
D/BatteryService(  235): updateBatteryStats ======================================
D/WifiStateMachine(  235): fetchRssiAndLinkSpeedNative send RSSIChange intent, newSignalLevel =2mLastSignalLevel = 1
D/BatteryService(  235): UEvent updateBatteryStats
D/WifiService(  235): ACTION_BATTERY_CHANGED pluggedType: 2
D/NotificationService(  235): mIntentReceiver() Intent.ACTION_BATTERY_CHANGED
D/PowerManagerService(  235): runHtcPowerSaverCheck ======================================
D/PowerUI (  317): closing low battery warning: level=10
D/PowerUI (  317): plugged = true, health = 2, mBatteryLevel = 10, mPluggedBatteryLevel = 2, mLowBatteryWarningLevel2 = 25, mshowLowChargingWarning2 = true
D/WifiStateMachine(  235): fetchRssiAndLinkSpeedNative send RSSIChange intent, newSignalLevel =1mLastSignalLevel = 2
D/WifiStateMachine(  235): fetchRssiAndLinkSpeedNative send RSSIChange intent, SameSignalLevelCount =1
D/WifiStateMachine(  235): fetchRssiAndLinkSpeedNative send RSSIChange intent, SameSignalLevelCount =2
D/WifiStateMachine(  235): fetchRssiAndLinkSpeedNative send RSSIChange intent, newSignalLevel =2mLastSignalLevel = 1
D/BatteryService(  235): updateBatteryStats ======================================
D/WifiStateMachine(  235): fetchRssiAndLinkSpeedNative send RSSIChange intent, SameSignalLevelCount =1
D/BatteryService(  235): UEvent updateBatteryStats
D/WifiService(  235): ACTION_BATTERY_CHANGED pluggedType: 2
D/NotificationService(  235): mIntentReceiver() Intent.ACTION_BATTERY_CHANGED
D/PowerManagerService(  235): runHtcPowerSaverCheck ======================================
D/PowerUI (  317): closing low battery warning: level=10
D/PowerUI (  317): plugged = true, health = 2, mBatteryLevel = 10, mPluggedBatteryLevel = 2, mLowBatteryWarningLevel2 = 25, mshowLowChargingWarning2 = true
D/WifiStateMachine(  235): fetchRssiAndLinkSpeedNative send RSSIChange intent, SameSignalLevelCount =2
D/WifiStateMachine(  235): BroadcastRSSIForIMS, newrssi =-80 , oldRssi= -79
D/WifiStateMachine(  235): fetchRssiAndLinkSpeedNative send RSSIChange intent, SameSignalLevelCount =1
D/WifiStateMachine(  235): BroadcastRSSIForIMS, newrssi =-80 , oldRssi= -78
D/WifiStateMachine(  235): fetchRssiAndLinkSpeedNative send RSSIChange intent, SameSignalLevelCount =1
D/WifiStateMachine(  235): fetchRssiAndLinkSpeedNative send RSSIChange intent, SameSignalLevelCount =2
D/WifiStateMachine(  235): BroadcastRSSIForIMS, newrssi =-80 , oldRssi= -79
D/WifiStateMachine(  235): fetchRssiAndLinkSpeedNative send RSSIChange intent, SameSignalLevelCount =1
W/ActivityManager(  235): No content provider found for permission revoke: file:///data/local/tmp/1stLesson-debug-unaligned.apk
W/ActivityManager(  235): No content provider found for permission revoke: file:///data/local/tmp/1stLesson-debug-unaligned.apk
W/PackageManager(  235): clear PackageParser.PARSE_CHATTY
W/PackageManager(  235): Attempt to re-install ie.gannon.shane without first uninstalling.
D/WifiStateMachine(  235): fetchRssiAndLinkSpeedNative send RSSIChange intent, SameSignalLevelCount =2
W/ActivityManager(  235): No content provider found for permission revoke: file:///data/local/tmp/1stLesson-debug-unaligned.apk
W/ActivityManager(  235): No content provider found for permission revoke: file:///data/local/tmp/1stLesson-debug-unaligned.apk
I/ActivityManager(  235): Force stopping package ie.gannon.shane uid=10122
I/PackageManager(  235): Package ie.gannon.shane codePath changed from /data/app/ie.gannon.shane-1.apk to /data/app/ie.gannon.shane-2.apk; Retaining data and using new
I/ActivityManager(  235): Force stopping package ie.gannon.shane uid=10122
W/PackageManager(  235): Code path for pkg : ie.gannon.shane changing from /data/app/ie.gannon.shane-1.apk to /data/app/ie.gannon.shane-2.apk
W/PackageManager(  235): Resource path for pkg : ie.gannon.shane changing from /data/app/ie.gannon.shane-1.apk to /data/app/ie.gannon.shane-2.apk
I/ActivityManager(  235): Force stopping package ie.gannon.shane uid=10122
I/ActivityManager(  235): Start proc com.htc.store for broadcast com.htc.store/.receiver.InstallReceiver: pid=4452 uid=10059 gids={2001, 3003, 1015}
I/ActivityManager(  235): Start proc com.android.keychain for broadcast com.android.keychain/.KeyChainBroadcastReceiver: pid=4468 uid=1000 gids={1015, 3002, 3001, 3003, 5001, 5003, 3007, 3006, 2001, 1007}
D/BackupManagerService(  235): Received broadcast Intent { act=android.intent.action.PACKAGE_REMOVED dat=package:ie.gannon.shane flg=0x10000010 (has extras) }
D/BackupManagerService(  235): Received broadcast Intent { act=android.intent.action.PACKAGE_ADDED dat=package:ie.gannon.shane flg=0x10000010 (has extras) }
V/BackupManagerService(  235): updatePackageParticipantsLocked: ie.gannon.shane
I/ActivityManager(  235): Start proc com.htc.opensense for broadcast com.htc.opensense/.pluginmanager.RegisterReceiver: pid=4483 uid=10010 gids={2001, 3003, 1015, 1006, 5001}
I/ActivityManager(  235): Start proc com.google.android.partnersetup for broadcast com.google.android.partnersetup/.RlzPingBroadcastReceiver: pid=4498 uid=10026 gids={3003}
D/BackupManagerService(  235): Received broadcast Intent { act=android.intent.action.PACKAGE_REPLACED dat=package:ie.gannon.shane flg=0x10000010 (has extras) }
V/BackupManagerService(  235): updatePackageParticipantsLocked: ie.gannon.shane
I/ActivityManager(  235): No longer want com.google.android.googlequicksearchbox (pid 3656): hidden #16, adj=13
I/ActivityManager(  235): No longer want com.htc.smartnetwork (pid 3877): hidden #16, adj=13
I/ActivityManager(  235): Start proc com.htc.pen for broadcast com.htc.pen/.plugin.PenReceiver: pid=4526 uid=10076 gids={}
I/ActivityManager(  235): Start proc com.htc.task for broadcast com.htc.task/.TodoTaskReceiver: pid=4539 uid=10078 gids={}
I/ActivityManager(  235): Start proc com.google.android.googlequicksearchbox for broadcast com.google.android.googlequicksearchbox/.SourceUpdateReceiver: pid=4552 uid=10027 gids={3003}
I/ActivityManager(  235): No longer want com.android.settings:remote (pid 3864): hidden #16, adj=12
I/ActivityManager(  235): No longer want com.htc.notes (pid 4154): hidden #16, adj=12
I/ActivityManager(  235): Start proc com.htc.mysketcher for broadcast com.htc.mysketcher/.PenFreshedReceiver: pid=4566 uid=1003 gids={1015}
I/ActivityManager(  235): No longer want com.htc.bg (pid 4114): hidden #16, adj=13
I/ActivityManager(  235): No longer want com.htc.cs (pid 4140): hidden #16, adj=13
I/ActivityManager(  235): START intent from pid 372
I/ActivityManager(  235): Start proc ie.gannon.shane for activity ie.gannon.shane/.MainActivity: pid=4582 uid=10122 gids={}
D/ConnectivityService(  235): onUidRulesChanged(uid=10122, uidRules=0)
V/WindowManager(  235): Starting animation in AppWindowToken{4128bd90 token=Token{40e4c650 ActivityRecord{40e11d30 com.htc.launcher/.Launcher}}} @ 1562538
V/WindowManager(  235): Finished animation in AppWindowToken{4128bd90 token=Token{40e4c650 ActivityRecord{40e11d30 com.htc.launcher/.Launcher}}} @ 1562538
V/WindowManager(  235): Starting animation in AppWindowToken{41c5f408 token=Token{41533a40 ActivityRecord{40db55e8 ie.gannon.shane/.MainActivity}}} @ 1562538
--------- beginning of /dev/log/main
D/libEGL  ( 4582): loaded /system/lib/egl/libGLESv1_CM_adreno200.so
D/libEGL  ( 4582): loaded /system/lib/egl/libGLESv2_adreno200.so
D/memalloc(  111): /dev/pmem: Allocated buffer base:0x42132000 size:2088960 offset:6266880 fd:41
D/memalloc(  372): /dev/pmem: Unmapping buffer base:0x57e4c000 size:22839296 offset:20750336
D/memalloc(  372): /dev/pmem: Unmapping buffer base:0x59a8b000 size:24928256 offset:22839296
D/memalloc(  372): /dev/pmem: Unmapping buffer base:0x5cc15000 size:29106176 offset:27017216
D/memalloc(  111): /dev/pmem: Freeing buffer base:0x434fc000 size:2088960 offset:20750336 fd:77
D/memalloc(  111): /dev/pmem: Freeing buffer base:0x436fa000 size:2088960 offset:22839296 fd:80
D/memalloc(  111): /dev/pmem: Freeing buffer base:0x43af6000 size:2088960 offset:27017216 fd:89
D/OpenGLRenderer(  372): Flushing caches (mode 0)
D/memalloc(  372): /dev/pmem: Unmapping buffer base:0x5b251000 size:27017216 offset:24928256
D/memalloc( 4582): /dev/pmem: Mapped buffer base:0x51fce000 size:8355840 offset:6266880 fd:61
D/memalloc(  372): /dev/pmem: Unmapping buffer base:0x571d4000 size:2088960 offset:0
D/memalloc(  111): /dev/pmem: Freeing buffer base:0x438f8000 size:2088960 offset:24928256 fd:83
D/memalloc(  111): /dev/pmem: Freeing buffer base:0x42132000 size:2088960 offset:0 fd:32
D/memalloc(  111): free_buffer:Freeing buffer size=2088960 base=0x4426f000 fd=92 PID=111
D/OpenGLRenderer( 4582): Enabling debug mode 0
W/InputManagerService(  235): Starting input on non-focused client com.android.internal.view.IInputMethodClient$Stub$Proxy@410031c8 (uid=9999 pid=372)
D/memalloc(  111): /dev/pmem: Allocated buffer base:0x42132000 size:2088960 offset:0 fd:32
D/memalloc( 4582): /dev/pmem: Mapped buffer base:0x52be1000 size:2088960 offset:0 fd:64
I/ActivityManager(  235): Displayed ie.gannon.shane/.MainActivity: +494ms
D/WifiStateMachine(  235): BroadcastRSSIForIMS, newrssi =-82 , oldRssi= -78
V/WindowManager(  235): Finished animation in AppWindowToken{41c5f408 token=Token{41533a40 ActivityRecord{40db55e8 ie.gannon.shane/.MainActivity}}} @ 1562957
D/OpenGLRenderer(  372): Flushing caches (mode 2)
D/ConnectivityService(  235): onUidRulesChanged(uid=9999, uidRules=0)
D/memalloc(  235): /dev/pmem: Unmapping buffer base:0x5a8f8000 size:20750336 offset:18661376
D/memalloc(  111): /dev/pmem: Freeing buffer base:0x432fe000 size:2088960 offset:18661376 fd:38
D/MP-Decision(  753): DOWN Ns:2.100000 Ts:270 rq:0.700000 seq:297 (Up time:336)
V/WindowManager(  235): onProposedRotationChanged, rotation changed to 0
D/memalloc(  111): /dev/pmem: Allocated buffer base:0x42132000 size:2088960 offset:18661376 fd:38
D/memalloc( 4582): /dev/pmem: Mapped buffer base:0x52f49000 size:20750336 offset:18661376 fd:67
V/WindowManager(  235): onProposedRotationChanged, rotation changed to 0
W/SubtypeSwitcher(  421): Current subtype: en_US, keyboard
W/SubtypeSwitcher(  421): Last subtype was disabled. Update to the current one.
E/AbstractCompatWrapper(  421): Invalid input to AbstructCompatWrapper
E/CompatUtils(  421): Exception in invoke: NullPointerException
W/SubtypeSwitcher(  421): Update subtype to:en_US,keyboard, from: en_US, keyboard
D/SubtypeSwitcher(  421): Update shortcut IME from : com.google.android.voicesearch/.ime.VoiceInputMethodService, , voice
D/SubtypeSwitcher(  421): Update shortcut IME to : com.google.android.voicesearch/.ime.VoiceInputMethodService, , voice
I/HTCIMEService(  421): fetch result: 8.5
I/HTCIMEService(  421): fetch result: 8.5
I/XT9_C   (  421): [loadDefaultDB] xt9_raw/ldb_0409.ldb size=304198 (loaded)
I/XT9_C   (  421): [registerXT9LDB] ldb_0409.ldb loading [done]
D/XT9_C   (  421): [registerXT9LDB] current LdbNum=109, First LdbNum=109, Second LdbNum=0
I/XT9_C   (  421): [loadDefaultDB] xt9_raw/kbd_0d09.kbd size=22284 (loaded)
I/HTCIMMView(  421): [FixedWCL] adjustWCLHeight height:65
D/memalloc(  111): /dev/pmem: Allocated buffer base:0x42132000 size:974848 offset:32178176 fd:62
D/memalloc(  421): /dev/pmem: Mapped buffer base:0x52987000 size:33153024 offset:32178176 fd:61
D/dalvikvm(  421): GC_FOR_ALLOC freed 1953K, 49% free 4480K/8675K, paused 31ms
D/TileRenderer(  317): glEndTilingQCOM: 0x502
D/TileRenderer(  317): glEndTilingQCOM: 0x502
D/WifiStateMachine(  235): BroadcastRSSIForIMS, newrssi =-85 , oldRssi= -82
D/TileRenderer(  317): glEndTilingQCOM: 0x502
D/TileRenderer(  317): glEndTilingQCOM: 0x502
D/PowerManagerService(  235): New lightsensor value:160, lcdValue:90
D/PowerManagerService(  235): lightSensorChangedLocked, buttonValue >= 0, mPowerState = 3
D/TileRenderer(  317): glEndTilingQCOM: 0x502
D/TileRenderer(  317): glEndTilingQCOM: 0x502
D/TileRenderer(  317): glEndTilingQCOM: 0x502
D/TileRenderer(  317): glEndTilingQCOM: 0x502
D/TileRenderer(  317): glEndTilingQCOM: 0x502
D/TileRenderer(  317): glEndTilingQCOM: 0x502
D/TileRenderer(  317): glEndTilingQCOM: 0x502
D/TileRenderer(  317): glEndTilingQCOM: 0x502
D/Process (  235): killProcessQuiet, pid=4173
D/Process (  235): dalvik.system.VMStack.getThreadStackTrace(Native Method)
D/Process (  235): java.lang.Thread.getStackTrace(Thread.java:599)
D/Process (  235): android.os.Process.killProcessQuiet(Process.java:820)
D/Process (  235): com.android.server.am.ActivityManagerService.updateOomAdjLocked(ActivityManagerService.java:15198)
D/Process (  235): com.android.server.am.ActivityManagerService.updateOomAdjLocked(ActivityManagerService.java:15123)
D/Process (  235): com.android.server.am.ActivityManagerService.serviceDoneExecutingLocked(ActivityManagerService.java:12356)
D/Process (  235): com.android.server.am.ActivityManagerService.serviceDoneExecuting(ActivityManagerService.java:12326)
D/Process (  235): android.app.ActivityManagerNative.onTransact(ActivityManagerNative.java:723)
D/Process (  235): com.android.server.am.ActivityManagerService.onTransact(ActivityManagerService.java:1699)
D/Process (  235): android.os.Binder.execTransact(Binder.java:338)
D/Process (  235): dalvik.system.NativeStart.run(Native Method)
I/ActivityManager(  235): No longer want com.hotmail.Z7:client (pid 4173): hidden #16, adj=13
W/ContentService(  235): binderDied() at ObserverNode name Global
W/ContentService(  235): binderDied() at ObserverNode name UIPrefs
I/HTCIMMView(  421): [FixedWCL] adjustWCLHeight height:65
D/memalloc(  111): /dev/pmem: Allocated buffer base:0x42132000 size:974848 offset:8355840 fd:65
D/memalloc(  421): /dev/pmem: Mapped buffer base:0x54925000 size:9330688 offset:8355840 fd:67
D/memalloc(  111): /dev/pmem: Allocated buffer base:0x42132000 size:147456 offset:33153024 fd:68
D/memalloc(  421): /dev/pmem: Mapped buffer base:0x552bf000 size:33300480 offset:33153024 fd:76
D/memalloc(  111): /dev/pmem: Allocated buffer base:0x42132000 size:208896 offset:33300480 fd:71
D/memalloc(  421): /dev/pmem: Mapped buffer base:0x57322000 size:33509376 offset:33300480 fd:79
D/memalloc(  421): /dev/pmem: Unmapping buffer base:0x552bf000 size:33300480 offset:33153024
D/memalloc(  111): /dev/pmem: Freeing buffer base:0x440d0000 size:147456 offset:33153024 fd:68
D/memalloc(  111): /dev/pmem: Allocated buffer base:0x42132000 size:208896 offset:9330688 fd:68
D/memalloc(  421): /dev/pmem: Mapped buffer base:0x5520b000 size:9539584 offset:9330688 fd:68
D/memalloc(  111): /dev/pmem: Allocated buffer base:0x42132000 size:147456 offset:33153024 fd:74
D/memalloc(  421): /dev/pmem: Mapped buffer base:0x59317000 size:33300480 offset:33153024 fd:82
D/memalloc(  111): /dev/pmem: Allocated buffer base:0x42132000 size:147456 offset:9539584 fd:77
D/memalloc(  421): /dev/pmem: Mapped buffer base:0x55b24000 size:9687040 offset:9539584 fd:85
D/memalloc(  111): /dev/pmem: Freeing buffer base:0x440d0000 size:147456 offset:33153024 fd:74
D/memalloc(  111): /dev/pmem: Freeing buffer base:0x42a4b000 size:147456 offset:9539584 fd:77
D/memalloc(  421): /dev/pmem: Unmapping buffer base:0x59317000 size:33300480 offset:33153024
D/memalloc(  421): /dev/pmem: Unmapping buffer base:0x55b24000 size:9687040 offset:9539584
D/skia    (  372): AndroidImageRef[ 0x1997420 ] releasePixel fail as lockCount=1
D/BatteryService(  235): updateBatteryStats ======================================
I/BATT_ALG(  126): batt_alg_overtemp_check:temp:284, isOver_temp:0
I/BATT_ALG(  126): vol=3846;curr=295;dis_curr=0;temp=284;id=3;level=11;chg_src=1;chg_en=1;ov_chg=0;isOver_temp=0;timer=60;safety_count=1560
D/BatteryService(  235): UEvent updateBatteryStats
D/HtcPowerSaver(  235): Recived battery changed intent.
D/UsbnetService(  235): BroadcastReceiver::onReceive+
D/UsbnetService(  235): onReceive BATTERY_CHANGED
D/UsbnetService(  235):  --> pluggedType = 2, mPluggedType = 0, mScreenOff = false
D/UsbnetService(  235): BroadcastReceiver::onReceive-
D/HtcPowerSaver(  235): Checking...
I/HtcPowerSaver(  235): >> updateStatus
D/WifiService(  235): ACTION_BATTERY_CHANGED pluggedType: 2
D/NotificationService(  235): mIntentReceiver() Intent.ACTION_BATTERY_CHANGED
D/PowerManagerService(  235): runHtcPowerSaverCheck ======================================
D/HtcPowerSaver(  235): notifyUser: Unknown Status
I/HtcPowerSaver(  235): currentStatus=8000, currentLevel=11, enableLevel=20, enable=false, popDialog=false, statusChangeTo=-1
I/HtcPowerSaver(  235): << updateStatus
D/PackageManager(  235): Failed to get PackageInfo!, pkg:com.htc.demoflorebooter, flags:1
D/WifiStateMachine(  235): fetchRssiAndLinkSpeedNative send RSSIChange intent, SameSignalLevelCount =1
D/PowerUI (  317): closing low battery warning: level=11
D/PowerUI (  317): plugged = true, health = 2, mBatteryLevel = 11, mPluggedBatteryLevel = 2, mLowBatteryWarningLevel2 = 25, mshowLowChargingWarning2 = true
D/WifiStateMachine(  235): fetchRssiAndLinkSpeedNative send RSSIChange intent, SameSignalLevelCount =2
D/dalvikvm(  372): GC_BEFORE_OOM freed 720K, 50% free 6945K/13667K, paused 87ms
V/WindowManager(  235): onProposedRotationChanged, rotation changed to 0
D/dalvikvm(  421): GC_EXPLICIT freed 26K, 36% free 5629K/8675K, paused 2ms+2ms
D/memalloc(  111): /dev/pmem: Allocated buffer base:0x42132000 size:208896 offset:9539584 fd:74
D/memalloc(  111): /dev/pmem: Freeing buffer base:0x43fe2000 size:974848 offset:32178176 fd:62
D/memalloc(  421): /dev/pmem: Unmapping buffer base:0x52987000 size:33153024 offset:32178176
D/memalloc(  421): /dev/pmem: Mapped buffer base:0x52987000 size:9748480 offset:9539584 fd:61
D/memalloc(  421): /dev/pmem: Unmapping buffer base:0x5520b000 size:9539584 offset:9330688
D/memalloc(  111): /dev/pmem: Freeing buffer base:0x42a18000 size:208896 offset:9330688 fd:68
D/memalloc(  421): /dev/pmem: Unmapping buffer base:0x57322000 size:33509376 offset:33300480
D/CAT     (  441): CatService: Return current sInstance
D/lights  (  235): [LedInfo] write attr ok name=/sys/class/leds/amber/brightness string=1,len=1
D/lights  (  235): [LedInfo] write attr ok name=/sys/class/leds/amber/blink string=0,len=1
D/lights  (  235): [LedInfo] write attr ok name=/sys/class/leds/amber/off_timer string=0 0,len=3
D/lights  (  235): [LedInfo] write attr ok name=/sys/class/leds/green/brightness string=0,len=1
D/lights  (  235): [LedInfo] write attr ok name=/sys/class/leds/green/blink string=0,len=1
D/lights  (  235): [LedInfo] write attr ok name=/sys/class/leds/green/off_timer string=0 0,len=3
V/NotificationService(  235): Charging...
D/NotificationService(  235): cancelNotification, ACTION_NOTIFICATION_REMOVE,pkg=android,id=17040407
D/memalloc(  111): /dev/pmem: Freeing buffer base:0x4292a000 size:974848 offset:8355840 fd:65
D/memalloc(  421): /dev/pmem: Unmapping buffer base:0x54925000 size:9330688 offset:8355840
D/memalloc(  111): /dev/pmem: Freeing buffer base:0x42a4b000 size:208896 offset:9539584 fd:74
D/memalloc(  421): /dev/pmem: Unmapping buffer base:0x52987000 size:9748480 offset:9539584
D/MP-Decision(  753): UP Nw:2.700000 Tw:180 rq:4.800000 seq:198
D/TileRenderer(  317): glEndTilingQCOM: 0x502
D/TileRenderer(  317): glEndTilingQCOM: 0x502
D/TileRenderer(  317): glEndTilingQCOM: 0x502
D/TileRenderer(  317): glEndTilingQCOM: 0x502
D/TileRenderer(  317): glEndTilingQCOM: 0x502
D/TileRenderer(  317): glEndTilingQCOM: 0x502
D/TileRenderer(  317): glEndTilingQCOM: 0x502
D/TileRenderer(  317): glEndTilingQCOM: 0x502
D/TileRenderer(  317): glEndTilingQCOM: 0x502
D/TileRenderer(  317): glEndTilingQCOM: 0x502
D/TileRenderer(  317): glEndTilingQCOM: 0x502
D/TileRenderer(  317): glEndTilingQCOM: 0x502
D/memalloc(  111): /dev/pmem: Freeing buffer base:0x440f4000 size:208896 offset:33300480 fd:71
D/dalvikvm( 1623): GC_CONCURRENT freed 1268K, 20% free 5983K/7395K, paused 8ms+5ms
D/MP-Decision(  753): DOWN Ns:2.100000 Ts:270 rq:1.700000 seq:307 (Up time:554)
D/WifiStateMachine(  235): fetchRssiAndLinkSpeedNative send RSSIChange intent, newSignalLevel =2mLastSignalLevel = 1
D/Finsky  ( 1623): [1] 5.onFinished: Installation state replication succeeded.
D/CAT     (  441): CatService: Return current sInstance
I/ActivityManager(  235): START intent from pid 235
D/CAT     (  441): CatService: Return current sInstance
D/SensorService(  235): disable: get sensor name = MPL accel
D/Sensors (  235): handle : 4 en: 0, v010.0 - Try to resolve lock issue
D/Sensors (  235): lock_status = 4
D/Sensors (  235): Andy: MPLSensor::enable: lock1
W/MPL-sup (  235): MLGetAKMComassStatus, gAKMCompassStatus = 0
D/Sensors (  235): mEnabled = 0x0
D/Sensors (  235): set_power_states++: enabled_sensors: 0 dmp_started: 1
D/Sensors (  235): Before if statment: cs:0 rs:0 en_ped:0 da_ped:0 en_g:0 da_g:0
D/Sensors (  235): Stopping DMP
I/        (  235): mpu3050_suspend: suspending sensors to 0000
I/        (  235): mpu3050_suspend: Will resume next to 0070
D/Sensors (  235): inside if(s_use_timerirq)
D/ConnectivityService(  235): onUidRulesChanged(uid=9999, uidRules=0)
D/Sensors (  235): set_power_states--
D/Sensors (  235): Andy: MPLSensor::enable: unlock1
D/Sensors (  235): MPLSensor::enable--1
D/SensorService(  235): SensorDevice::activate--: handle = 0x4, enabled = 0x0
D/SensorService(  235): pid=235, uid=1000
D/ActivityManager(  235): Config after re-evaluted by window manager: null
I/CarouselTimeLog(  372): onStart() finish: 1379361774650
D/CarouselDummyActivity(  372): CarouselDummyActivity.onResume: tab_allapps
D/CAT     (  441): CatService: Return current sInstance
D/memalloc(  111): /dev/pmem: Allocated buffer base:0x42132000 size:2088960 offset:20750336 fd:62
D/memalloc(  372): /dev/pmem: Mapped buffer base:0x57e4c000 size:22839296 offset:20750336 fd:101
D/memalloc(  111): /dev/pmem: Allocated buffer base:0x42132000 size:2088960 offset:22839296 fd:65
D/memalloc(  372): /dev/pmem: Mapped buffer base:0x59a8b000 size:24928256 offset:22839296 fd:105
D/memalloc(  111): /dev/pmem: Allocated buffer base:0x42132000 size:2088960 offset:24928256 fd:68
D/memalloc(  372): /dev/pmem: Mapped buffer base:0x5b251000 size:27017216 offset:24928256 fd:109
W/dalvikvm(  372): disableGcForExternalAlloc: false
W/Rosie   (  372): mAddHtcWidgetByOtherActivity = false, mIsOpenSlideWhenLeaveLaunch = false
D/memalloc(  111): /dev/pmem: Allocated buffer base:0x42132000 size:2088960 offset:27017216 fd:71
D/memalloc(  372): /dev/pmem: Mapped buffer base:0x5cc15000 size:29106176 offset:27017216 fd:112
E/memalloc(  111): /dev/pmem: No more pmem available
W/memalloc(  111): Falling back to ashmem
D/memalloc(  372): map_buffer: Successfully mapped 2088960 bytes
D/OpenGLRenderer( 4582): Flushing caches (mode 0)
D/memalloc( 4582): /dev/pmem: Unmapping buffer base:0x51fce000 size:8355840 offset:6266880
D/memalloc( 4582): /dev/pmem: Unmapping buffer base:0x52be1000 size:2088960 offset:0
D/memalloc( 4582): /dev/pmem: Unmapping buffer base:0x52f49000 size:20750336 offset:18661376
D/memalloc(  111): /dev/pmem: Freeing buffer base:0x4272c000 size:2088960 offset:6266880 fd:41
D/memalloc(  111): /dev/pmem: Freeing buffer base:0x42132000 size:2088960 offset:0 fd:32
V/WindowManager(  235): Starting animation in AppWindowToken{41c5f408 token=Token{41533a40 ActivityRecord{40db55e8 ie.gannon.shane/.MainActivity}}} @ 1577569
V/WindowManager(  235): Starting animation in AppWindowToken{4128bd90 token=Token{40e4c650 ActivityRecord{40e11d30 com.htc.launcher/.Launcher}}} @ 1577569
V/WindowManager(  235): Finished animation in AppWindowToken{4128bd90 token=Token{40e4c650 ActivityRecord{40e11d30 com.htc.launcher/.Launcher}}} @ 1577569
W/IInputConnectionWrapper( 4582): showStatusIcon on inactive InputConnection
W/IInputConnectionWrapper( 4582): InputConnection = com.android.internal.widget.EditableInputConnection@40db7c10, active client = false
W/IInputConnectionWrapper( 4582): showStatusIcon on inactive InputConnection
W/IInputConnectionWrapper( 4582): InputConnection = android.view.inputmethod.BaseInputConnection@40db3ef0, active client = false
E/Adreno200-ES20(  372): <process_gl_state_enables:456>: GL_INVALID_ENUM
W/IInputConnectionWrapper( 4582): showStatusIcon on inactive InputConnection
W/IInputConnectionWrapper( 4582): InputConnection = com.android.internal.widget.EditableInputConnection@40dc3a20, active client = false
D/ConnectivityService(  235): onUidRulesChanged(uid=10122, uidRules=0)
D/MP-Decision(  753): UP Nw:2.700000 Tw:180 rq:4.200000 seq:197
D/OpenGLRenderer( 4582): Flushing caches (mode 1)
W/IInputConnectionWrapper( 4582): showStatusIcon on inactive InputConnection
W/IInputConnectionWrapper( 4582): InputConnection = com.android.internal.widget.EditableInputConnection@40dc5f80, active client = false
W/IInputConnectionWrapper( 4582): showStatusIcon on inactive InputConnection
W/IInputConnectionWrapper( 4582): InputConnection = android.view.inputmethod.BaseInputConnection@40db3ef0, active client = false
W/IInputConnectionWrapper( 4582): showStatusIcon on inactive InputConnection
W/IInputConnectionWrapper( 4582): InputConnection = com.android.internal.widget.EditableInputConnection@40dc6308, active client = false
W/IInputConnectionWrapper( 4582): showStatusIcon on inactive InputConnection
W/IInputConnectionWrapper( 4582): InputConnection = com.android.internal.widget.EditableInputConnection@40dc7908, active client = false
W/IInputConnectionWrapper( 4582): showStatusIcon on inactive InputConnection
W/IInputConnectionWrapper( 4582): InputConnection = com.android.internal.widget.EditableInputConnection@40dc7bf0, active client = false
W/IInputConnectionWrapper( 4582): showStatusIcon on inactive InputConnection
W/IInputConnectionWrapper( 4582): InputConnection = com.android.internal.widget.EditableInputConnection@40dc8330, active client = false
W/IInputConnectionWrapper( 4582): showStatusIcon on inactive InputConnection
W/IInputConnectionWrapper( 4582): InputConnection = com.android.internal.widget.EditableInputConnection@40dc8a70, active client = false
W/IInputConnectionWrapper( 4582): showStatusIcon on inactive InputConnection
W/IInputConnectionWrapper( 4582): InputConnection = com.android.internal.widget.EditableInputConnection@40dc91b0, active client = false
W/IInputConnectionWrapper( 4582): showStatusIcon on inactive InputConnection
W/IInputConnectionWrapper( 4582): InputConnection = android.view.inputmethod.BaseInputConnection@40db3ef0, active client = false
W/IInputConnectionWrapper( 4582): showStatusIcon on inactive InputConnection
W/IInputConnectionWrapper( 4582): InputConnection = com.android.internal.widget.EditableInputConnection@40dc98f0, active client = false
W/IInputConnectionWrapper( 4582): showStatusIcon on inactive InputConnection
W/IInputConnectionWrapper( 4582): InputConnection = android.view.inputmethod.BaseInputConnection@40db3ef0, active client = false
W/IInputConnectionWrapper( 4582): showStatusIcon on inactive InputConnection
W/IInputConnectionWrapper( 4582): InputConnection = com.android.internal.widget.EditableInputConnection@40dca448, active client = false
W/IInputConnectionWrapper( 4582): showStatusIcon on inactive InputConnection
W/IInputConnectionWrapper( 4582): InputConnection = android.view.inputmethod.BaseInputConnection@40db3ef0, active client = false
W/IInputConnectionWrapper( 4582): showStatusIcon on inactive InputConnection
W/IInputConnectionWrapper( 4582): InputConnection = com.android.internal.widget.EditableInputConnection@40dcab88, active client = false
W/IInputConnectionWrapper( 4582): showStatusIcon on inactive InputConnection
W/IInputConnectionWrapper( 4582): InputConnection = com.android.internal.widget.EditableInputConnection@40dcb6e0, active client = false
W/IInputConnectionWrapper( 4582): showStatusIcon on inactive InputConnection
W/IInputConnectionWrapper( 4582): InputConnection = android.view.inputmethod.BaseInputConnection@40db3ef0, active client = false
W/IInputConnectionWrapper( 4582): showStatusIcon on inactive InputConnection
W/IInputConnectionWrapper( 4582): InputConnection = com.android.internal.widget.EditableInputConnection@40dcc238, active client = false
W/IInputConnectionWrapper( 4582): showStatusIcon on inactive InputConnection
W/IInputConnectionWrapper( 4582): InputConnection = com.android.internal.widget.EditableInputConnection@40dcc978, active client = false
W/IInputConnectionWrapper( 4582): showStatusIcon on inactive InputConnection
W/IInputConnectionWrapper( 4582): InputConnection = android.view.inputmethod.BaseInputConnection@40db3ef0, active client = false
W/IInputConnectionWrapper( 4582): showStatusIcon on inactive InputConnection
W/IInputConnectionWrapper( 4582): InputConnection = android.view.inputmethod.BaseInputConnection@40db3ef0, active client = false
W/IInputConnectionWrapper( 4582): showStatusIcon on inactive InputConnection
W/IInputConnectionWrapper( 4582): InputConnection = com.android.internal.widget.EditableInputConnection@40dcd4d0, active client = false
D/WifiStateMachine(  235): fetchRssiAndLinkSpeedNative send RSSIChange intent, SameSignalLevelCount =1
W/IInputConnectionWrapper( 4582): showStatusIcon on inactive InputConnection
W/IInputConnectionWrapper( 4582): InputConnection = android.view.inputmethod.BaseInputConnection@40db3ef0, active client = false
W/IInputConnectionWrapper( 4582): showStatusIcon on inactive InputConnection
W/IInputConnectionWrapper( 4582): InputConnection = com.android.internal.widget.EditableInputConnection@40dce028, active client = false
W/IInputConnectionWrapper( 4582): showStatusIcon on inactive InputConnection
W/IInputConnectionWrapper( 4582): InputConnection = com.android.internal.widget.EditableInputConnection@40dcf6d8, active client = false
W/IInputConnectionWrapper( 4582): showStatusIcon on inactive InputConnection
W/IInputConnectionWrapper( 4582): InputConnection = android.view.inputmethod.BaseInputConnection@40db3ef0, active client = false
W/IInputConnectionWrapper( 4582): showStatusIcon on inactive InputConnection
W/IInputConnectionWrapper( 4582): InputConnection = com.android.internal.widget.EditableInputConnection@40dcf9c0, active client = false
V/WindowManager(  235): Finished animation in AppWindowToken{41c5f408 token=Token{41533a40 ActivityRecord{40db55e8 ie.gannon.shane/.MainActivity}}} @ 1577992
W/InputManagerService(  235): Starting input on non-focused client com.android.internal.view.IInputMethodClient$Stub$Proxy@413c97b8 (uid=10122 pid=4582)
D/memalloc(  111): /dev/pmem: Freeing buffer base:0x432fe000 size:2088960 offset:18661376 fd:38
D/MP-Decision(  753): DOWN Ns:2.100000 Ts:270 rq:0.000000 seq:337 (Up time:492)
D/WifiStateMachine(  235): fetchRssiAndLinkSpeedNative send RSSIChange intent, newSignalLevel =1mLastSignalLevel = 2
D/PowerManagerService(  235): New lightsensor value:10, lcdValue:56
D/PowerManagerService(  235): lightSensorChangedLocked, buttonValue >= 0, mPowerState = 3
D/WifiStateMachine(  235): fetchRssiAndLinkSpeedNative send RSSIChange intent, newSignalLevel =2mLastSignalLevel = 1
D/WifiStateMachine(  235): fetchRssiAndLinkSpeedNative send RSSIChange intent, SameSignalLevelCount =1
D/WifiStateMachine(  235): fetchRssiAndLinkSpeedNative send RSSIChange intent, SameSignalLevelCount =2
D/WifiStateMachine(  235): BroadcastRSSIForIMS, newrssi =-80 , oldRssi= -79
D/BatteryService(  235): updateBatteryStats ======================================
I/BATT_ALG(  126): batt_alg_overtemp_check:temp:288, isOver_temp:0
I/BATT_ALG(  126): vol=3858;curr=331;dis_curr=0;temp=288;id=3;level=11;chg_src=1;chg_en=1;ov_chg=0;isOver_temp=0;timer=60;safety_count=1620
D/BatteryService(  235): UEvent updateBatteryStats
D/HtcPowerSaver(  235): Recived battery changed intent.
D/UsbnetService(  235): BroadcastReceiver::onReceive+
D/UsbnetService(  235): onReceive BATTERY_CHANGED
D/UsbnetService(  235):  --> pluggedType = 2, mPluggedType = 0, mScreenOff = false
D/UsbnetService(  235): BroadcastReceiver::onReceive-
D/HtcPowerSaver(  235): Checking...
I/HtcPowerSaver(  235): >> updateStatus
D/WifiService(  235): ACTION_BATTERY_CHANGED pluggedType: 2
D/NotificationService(  235): mIntentReceiver() Intent.ACTION_BATTERY_CHANGED
D/PowerManagerService(  235): runHtcPowerSaverCheck ======================================
D/HtcPowerSaver(  235): notifyUser: Unknown Status
I/HtcPowerSaver(  235): currentStatus=8000, currentLevel=11, enableLevel=20, enable=false, popDialog=false, statusChangeTo=-1
I/HtcPowerSaver(  235): << updateStatus
D/PackageManager(  235): Failed to get PackageInfo!, pkg:com.htc.demoflorebooter, flags:1
D/PowerUI (  317): closing low battery warning: level=11
D/PowerUI (  317): plugged = true, health = 2, mBatteryLevel = 11, mPluggedBatteryLevel = 2, mLowBatteryWarningLevel2 = 25, mshowLowChargingWarning2 = true
D/WifiStateMachine(  235): fetchRssiAndLinkSpeedNative send RSSIChange intent, SameSignalLevelCount =1
D/WifiStateMachine(  235): fetchRssiAndLinkSpeedNative send RSSIChange intent, SameSignalLevelCount =2
D/WifiStateMachine(  235): BroadcastRSSIForIMS, newrssi =-81 , oldRssi= -79
D/WifiStateMachine(  235): fetchRssiAndLinkSpeedNative send RSSIChange intent, newSignalLevel =2mLastSignalLevel = 1
D/WifiStateMachine(  235): fetchRssiAndLinkSpeedNative send RSSIChange intent, SameSignalLevelCount =1
D/BatteryService(  235): updateBatteryStats ======================================
I/BATT_ALG(  126): batt_alg_overtemp_check:temp:288, isOver_temp:0
I/BATT_ALG(  126): vol=3858;curr=331;dis_curr=0;temp=288;id=3;level=11;chg_src=1;chg_en=1;ov_chg=0;isOver_temp=0;timer=60;safety_count=1680
D/WifiStateMachine(  235): fetchRssiAndLinkSpeedNative send RSSIChange intent, SameSignalLevelCount =2
D/WifiStateMachine(  235): BroadcastRSSIForIMS, newrssi =-80 , oldRssi= -78
D/WifiStateMachine(  235): fetchRssiAndLinkSpeedNative send RSSIChange intent, SameSignalLevelCount =1
D/WifiStateMachine(  235): fetchRssiAndLinkSpeedNative send RSSIChange intent, newSignalLevel =1mLastSignalLevel = 2
D/WifiStateMachine(  235): fetchRssiAndLinkSpeedNative send RSSIChange intent, newSignalLevel =2mLastSignalLevel = 1
D/WifiStateMachine(  235): fetchRssiAndLinkSpeedNative send RSSIChange intent, SameSignalLevelCount =1
D/WifiStateMachine(  235): fetchRssiAndLinkSpeedNative send RSSIChange intent, SameSignalLevelCount =2
D/WifiStateMachine(  235): BroadcastRSSIForIMS, newrssi =-80 , oldRssi= -79
D/WifiStateMachine(  235): fetchRssiAndLinkSpeedNative send RSSIChange intent, SameSignalLevelCount =1
D/WifiStateMachine(  235): fetchRssiAndLinkSpeedNative send RSSIChange intent, SameSignalLevelCount =2
D/WifiStateMachine(  235): BroadcastRSSIForIMS, newrssi =-80 , oldRssi= -78
D/WifiStateMachine(  235): fetchRssiAndLinkSpeedNative send RSSIChange intent, SameSignalLevelCount =1
D/BatteryService(  235): updateBatteryStats ======================================
I/BATT_ALG(  126): batt_alg_overtemp_check:temp:290, isOver_temp:0
I/BATT_ALG(  126): vol=3861;curr=329;dis_curr=0;temp=290;id=3;level=12;chg_src=1;chg_en=1;ov_chg=0;isOver_temp=0;timer=60;safety_count=1740
D/BatteryService(  235): UEvent updateBatteryStats
D/HtcPowerSaver(  235): Recived battery changed intent.
D/UsbnetService(  235): BroadcastReceiver::onReceive+
D/UsbnetService(  235): onReceive BATTERY_CHANGED
D/UsbnetService(  235):  --> pluggedType = 2, mPluggedType = 0, mScreenOff = false
D/UsbnetService(  235): BroadcastReceiver::onReceive-
D/HtcPowerSaver(  235): Checking...
I/HtcPowerSaver(  235): >> updateStatus
D/WifiService(  235): ACTION_BATTERY_CHANGED pluggedType: 2
D/NotificationService(  235): mIntentReceiver() Intent.ACTION_BATTERY_CHANGED
D/PowerManagerService(  235): runHtcPowerSaverCheck ======================================
D/HtcPowerSaver(  235): notifyUser: Unknown Status
I/HtcPowerSaver(  235): currentStatus=8000, currentLevel=12, enableLevel=20, enable=false, popDialog=false, statusChangeTo=-1
I/HtcPowerSaver(  235): << updateStatus
D/PackageManager(  235): Failed to get PackageInfo!, pkg:com.htc.demoflorebooter, flags:1
D/PowerUI (  317): closing low battery warning: level=12
D/PowerUI (  317): plugged = true, health = 2, mBatteryLevel = 12, mPluggedBatteryLevel = 2, mLowBatteryWarningLevel2 = 25, mshowLowChargingWarning2 = true
D/WifiStateMachine(  235): fetchRssiAndLinkSpeedNative send RSSIChange intent, SameSignalLevelCount =2
D/WifiStateMachine(  235): fetchRssiAndLinkSpeedNative send RSSIChange intent, newSignalLevel =1mLastSignalLevel = 2
D/WifiStateMachine(  235): fetchRssiAndLinkSpeedNative send RSSIChange intent, newSignalLevel =2mLastSignalLevel = 1
D/WifiStateMachine(  235): fetchRssiAndLinkSpeedNative send RSSIChange intent, SameSignalLevelCount =1
D/WifiStateMachine(  235): fetchRssiAndLinkSpeedNative send RSSIChange intent, newSignalLevel =1mLastSignalLevel = 2
D/WifiStateMachine(  235): fetchRssiAndLinkSpeedNative send RSSIChange intent, SameSignalLevelCount =1
D/AndroidRuntime( 4667): 
D/AndroidRuntime( 4667): >>>>>> AndroidRuntime START com.android.internal.os.RuntimeInit <<<<<<
D/AndroidRuntime( 4667): CheckJNI is OFF
D/AndroidRuntime( 4667): Calling main entry com.android.commands.pm.Pm
W/ActivityManager(  235): No content provider found for permission revoke: file:///data/local/tmp/1stLesson-debug-unaligned.apk
W/ActivityManager(  235): No content provider found for permission revoke: file:///data/local/tmp/1stLesson-debug-unaligned.apk
W/PackageManager(  235): clear PackageParser.PARSE_CHATTY
W/PackageManager(  235): Attempt to re-install ie.gannon.shane without first uninstalling.
D/dalvikvm(  235): GC_EXPLICIT freed 1631K, 48% free 10918K/20643K, paused 4ms+10ms
D/AndroidRuntime( 4667): Shutting down VM
D/dalvikvm( 4667): GC_CONCURRENT freed 131K, 71% free 596K/2048K, paused 1ms+0ms
I/AndroidRuntime( 4667): NOTE: attach of thread 'Binder Thread #3' failed
D/WifiStateMachine(  235): fetchRssiAndLinkSpeedNative send RSSIChange intent, SameSignalLevelCount =2
D/WifiStateMachine(  235): handlePreDhcpSetup Held wake lock during DHCP
D/WifiStateMachine(  235): handlePreDhcpSetup getPowerModeCommand:1
D/Dhcpcd  ( 4685): sending signal 14 to pid 543
D/Dhcpcd  (  543): received SIGALRM, renewing
D/Dhcpcd  (  543): wlan0: renewing lease of 192.168.1.6
D/Dhcpcd  (  543): wlan0: sending REQUEST (xid 0xd5235e6f), next in 3.09 seconds
D/AndroidRuntime( 4689): 
D/AndroidRuntime( 4689): >>>>>> AndroidRuntime START com.android.internal.os.RuntimeInit <<<<<<
