W/PackageManager(  235): 	at android.content.pm.RegisteredServicesCache.parseServiceInfo(RegisteredServicesCache.java:380)
W/PackageManager(  235): 	at android.content.pm.RegisteredServicesCache.generateServicesMap(RegisteredServicesCache.java:261)
W/PackageManager(  235): 	at android.content.pm.RegisteredServicesCache$1.onReceive(RegisteredServicesCache.java:110)
W/PackageManager(  235): 	at android.app.LoadedApk$ReceiverDispatcher$Args.run(LoadedApk.java:781)
W/PackageManager(  235): 	at android.os.Handler.handleCallback(Handler.java:605)
W/PackageManager(  235): 	at android.os.Handler.dispatchMessage(Handler.java:92)
W/PackageManager(  235): 	at android.os.Looper.loop(Looper.java:154)
W/PackageManager(  235): 	at com.android.server.ServerThread.run(SystemServer.java:914)
D/AccountTypeManager( 1101): Registering external account type=com.facebook.auth.login, packageName=com.facebook.katana
D/PackageManager(  235): generateServicesMap(android.content.SyncAdapter): 38 services unchanged
D/SqliteDatabaseCpp( 5283): dbclose(): path = /data/data/com.android.keychain/databases/grants.db, handle = 0xf94970
W/ResourceType( 1101): getEntry failing because entryIndex 326 is beyond type entryCount 117
W/ResourceType( 1101): Failure getting entry for 0x7f020146 (t=1 e=326) in package 0 (error -2147483647)
D/BackupManagerService(  235): Received broadcast Intent { act=android.intent.action.PACKAGE_ADDED dat=package:ie.gannon.shane flg=0x10000010 (has extras) }
V/BackupManagerService(  235): updatePackageParticipantsLocked: ie.gannon.shane
D/AccountTypeManager( 1101): Registering external account type=com.hotmail.Z7.eas, packageName=com.hotmail.Z7
D/AccountTypeManager( 1101): Registering 1 extension packages
E/ExternalAccountType( 1101): Unsupported attribute readOnly
D/HtcWidgetScanner( 5033): onReceive +
D/HtcWidgetScanner( 5033): onReceive with action: android.intent.action.PACKAGE_ADDED
D/HtcWidgetScanner( 5033): onReceive -
D/HtcWidgetScannerService( 5033): onHandleIntent +
D/HtcWidgetScannerService( 5033): onReceiveInternal +
D/HtcWidgetScannerService( 5033): packageUid - 10122
D/HtcWidgetScannerService( 5033): action - android.intent.action.PACKAGE_ADDED
D/AccountTypeManager( 1101): Registering extension package account type=com.google, dataSet=plus, packageName=com.google.android.apps.plus
D/FxWidgetScanner( 5033): create
D/FxWidgetScanner( 5033): onHandleIntent update
D/FxWidgetScanner( 5033): provider ie.gannon.shane
D/FxWidgetScanner( 5033): updateFxWidgetList
D/FxWidgetScanner( 5033): delete 0
D/FxWidgetScanner( 5033): ResolveInfo size 0
I/RegisterService( 4483): android.intent.action.PACKAGE_ADDED package:ie.gannon.shane
D/HtcWidgetScannerService( 5033): onReceiveInternal -
D/HtcWidgetScannerService( 5033): onHandleIntent -
D/gp.PicasaSyncManager( 3551): reject cij (********************) because downsync is disabled
D/HomeLoaders(  372): get install or remove message so do change adapter
D/Utilities(  372): createIconThumbnail # iconWidth: 72,iconHeight: 72,width: 72,height: 72
D/gp.PicasaSyncManager( 3551): reject cij (********************) because downsync is disabled
D/FxWidgetProvider( 5033): row 88
D/dalvikvm(  235): GC_EXPLICIT freed 739K, 45% free 11471K/20643K, paused 5ms+19ms
D/AndroidRuntime( 5268): Shutting down VM
D/dalvikvm( 5268): GC_CONCURRENT freed 101K, 71% free 594K/2048K, paused 0ms+1ms
I/AndroidRuntime( 5268): NOTE: attach of thread 'Binder Thread #3' failed
D/gp.PicasaSyncManager( 3551): reject cij (********************) because downsync is disabled
I/AccountTypeManager( 1101): Loaded meta-data for 8 account types, 3 accounts in 508ms(wall) 30ms(cpu)
D/gp.PicasaSyncManager( 3551): reject cij (********************) because downsync is disabled
D/dalvikvm( 3551): GC_CONCURRENT freed 1384K, 28% free 4014K/5539K, paused 1ms+4ms
D/BackupManagerService(  235): Received broadcast Intent { act=android.intent.action.PACKAGE_REPLACED dat=package:ie.gannon.shane flg=0x10000010 (has extras) }
V/BackupManagerService(  235): updatePackageParticipantsLocked: ie.gannon.shane
D/PackageAddedReceiver( 2617): package added ie.gannon.shane
I/RegisterService( 4483): android.intent.action.PACKAGE_REPLACED package:ie.gannon.shane
D/TodoTask( 4539): action com.htc.plugin.ACTION_SCAN_FINISH
D/AppWidgetHostView(  372): updateAppWidget mInfo = AppWidgetProviderInfo(provider=ComponentInfo{com.google.android.googlequicksearchbox/com.google.android.googlequicksearchbox.SearchWidgetProvider})
W/Addapter(  372): info.icon:2130903040
W/Addapter(  372): info.icon:2130837579
W/Addapter(  372): info.icon:2130837830
W/Addapter(  372): info.icon:2130837626
W/Addapter(  372): info.icon:2130903040
W/Addapter(  372): info.icon:2130837604
W/Addapter(  372): info.icon:2130837704
W/Addapter(  372): info.icon:2130837704
W/Addapter(  372): info.icon:2130903043
W/Addapter(  372): info.icon:2130903040
W/Addapter(  372): info.icon:2130903040
W/Addapter(  372): info.icon:2130903040
W/Addapter(  372): info.icon:2130837758
D/SqliteDatabaseCpp( 5104): dbopen(): path = /data/data/com.google.android.gms/databases , key = cgkve[ulv[UlvLkgYtakj, flag = 6, file size = 5120
D/SqliteDatabaseCpp( 5104): dbopen(): path = /data/data/com.google.android.gms/databases , key = cgkve[ulv[UlvLkgYtakj, mode: truncate, disk free size: 910 M, handle: 0x1013478
D/SqliteDatabaseCpp( 5104): dbclose(): path = /data/data/com.google.android.gms/databases/gcore_ulr_UlrLocation.db, handle = 0x1013478
D/SqliteDatabaseCpp( 5104): dbopen(): path = /data/data/com.google.android.gms/databases , key = cgkve[ulv[9gtaratqDetegtakj, flag = 6, file size = 5120
D/SqliteDatabaseCpp( 5104): dbopen(): path = /data/data/com.google.android.gms/databases , key = cgkve[ulv[9gtaratqDetegtakj, mode: truncate, disk free size: 910 M, handle: 0x1013478
D/SqliteDatabaseCpp( 5104): dbclose(): path = /data/data/com.google.android.gms/databases/gcore_ulr_ActivityDetection.db, handle = 0x1013478
I/GCoreUlr( 5104): Ensuring that reporting is stopped because of reasons: {account#-5#=[InactiveReason{mVersionCode=0, mIdentifier=6, mName='ReportingNotSelected'}]}
D/GCoreFlp( 5104): Unknown pending intent to remove.
I/GCoreUlr( 5104): Unbound from all location providers
D/MP-Decision(  753): DOWN Ns:2.100000 Ts:270 rq:0.000000 seq:297 (Up time:1724)
D/PhoneApp(  441): EVENT_QUERY_MO_PACKAGES
D/PhoneApp(  441): -- N1 =0
D/PhoneApp(  441): -- N2 =0
D/PhoneApp(  441): -- N3 =0
I/ActivityManager(  235): START intent from pid 372
D/CAT     (  441): CatService: Return current sInstance
D/ViewRootImpl(  235): @@@- disable SystemServer HW acceleration
D/dalvikvm( 5320): Late-enabling CheckJNI
I/ActivityManager(  235): Start proc ie.gannon.shane for activity ie.gannon.shane/.MainActivity: pid=5320 uid=10122 gids={}
D/memalloc(  111): /dev/pmem: Allocated buffer base:0x42132000 size:2088960 offset:18243584 fd:38
D/memalloc(  235): /dev/pmem: Mapped buffer base:0x5c431000 size:20332544 offset:18243584 fd:319
D/SensorManager(  235): [SensorManager] registerListener: delay = 200000
D/SensorService(  235): enable: get sensor name = MPL accel
D/Sensors (  235): handle : 4 en: 1, v010.0 - Try to resolve lock issue
D/Sensors (  235): lock_status = 2
D/Sensors (  235): Andy: MPLSensor::enable: lock1
D/Sensors (  235): mEnabled = 0x10
D/Sensors (  235): set_power_states++: enabled_sensors: 16 dmp_started: 0
D/Sensors (  235): Before if statment: cs:0 rs:1 en_ped:0 da_ped:0 en_g:0 da_g:0
D/Sensors (  235): STOP timerirq_1
D/Sensors (  235): Starting DMP
I/        (  235): mpu3050_resume: Resuming to 0070
D/Sensors (  235): Exit: Starting DMP
D/Sensors (  235): set_power_states--
D/Sensors (  235): Andy: MPLSensor::enable: unlock1
D/Sensors (  235): MPLSensor::enable--1
D/SensorService(  235): SensorDevice::activate--: handle = 0x4, enabled = 0x1
D/SensorService(  235): pid=235, uid=1000
D/OpenGLRenderer(  372): Flushing caches (mode 1)
D/ConnectivityService(  235): onUidRulesChanged(uid=10122, uidRules=0)
V/WindowManager(  235): Starting animation in AppWindowToken{4128bd90 token=Token{40e4c650 ActivityRecord{40e11d30 com.htc.launcher/.Launcher}}} @ 2239418
V/WindowManager(  235): Finished animation in AppWindowToken{4128bd90 token=Token{40e4c650 ActivityRecord{40e11d30 com.htc.launcher/.Launcher}}} @ 2239418
V/WindowManager(  235): Starting animation in AppWindowToken{41731fc0 token=Token{41730f18 ActivityRecord{41730df0 ie.gannon.shane/.MainActivity}}} @ 2239418
W/dalvikvm(  372): disableGcForExternalAlloc: false
D/MP-Decision(  753): UP Nw:2.700000 Tw:180 rq:4.400000 seq:199
D/memalloc(  372): /dev/pmem: Unmapping buffer base:0x57e4c000 size:22421504 offset:20332544
D/memalloc(  372): /dev/pmem: Unmapping buffer base:0x59a8b000 size:24510464 offset:22421504
D/memalloc(  372): /dev/pmem: Unmapping buffer base:0x5cb49000 size:28688384 offset:26599424
D/memalloc(  111): /dev/pmem: Freeing buffer base:0x43496000 size:2088960 offset:20332544 fd:77
D/memalloc(  111): /dev/pmem: Freeing buffer base:0x43694000 size:2088960 offset:22421504 fd:80
D/memalloc(  111): /dev/pmem: Freeing buffer base:0x43a90000 size:2088960 offset:26599424 fd:89
D/libEGL  ( 5320): loaded /system/lib/egl/libGLES_android.so
D/OpenGLRenderer(  372): Flushing caches (mode 0)
D/memalloc(  372): /dev/pmem: Unmapping buffer base:0x5b1eb000 size:26599424 offset:24510464
D/memalloc(  372): /dev/pmem: Unmapping buffer base:0x571d4000 size:2088960 offset:0
D/libEGL  ( 5320): loaded /system/lib/egl/libEGL_adreno200.so
D/memalloc(  111): /dev/pmem: Freeing buffer base:0x43892000 size:2088960 offset:24510464 fd:83
D/memalloc(  111): /dev/pmem: Freeing buffer base:0x42132000 size:2088960 offset:0 fd:32
D/libEGL  ( 5320): loaded /system/lib/egl/libGLESv1_CM_adreno200.so
D/libEGL  ( 5320): loaded /system/lib/egl/libGLESv2_adreno200.so
D/dalvikvm(  235): GC_CONCURRENT freed 2506K, 47% free 11120K/20643K, paused 3ms+11ms
D/memalloc(  111): free_buffer:Freeing buffer size=2088960 base=0x4426f000 fd=92 PID=111
D/memalloc(  111): /dev/pmem: Allocated buffer base:0x42132000 size:2088960 offset:0 fd:32
D/memalloc( 5320): /dev/pmem: Mapped buffer base:0x51f2c000 size:2088960 offset:0 fd:61
D/OpenGLRenderer( 5320): Enabling debug mode 0
V/WindowManager(  235): Finished animation in AppWindowToken{41731fc0 token=Token{41730f18 ActivityRecord{41730df0 ie.gannon.shane/.MainActivity}}} @ 2239846
W/InputManagerService(  235): Starting input on non-focused client com.android.internal.view.IInputMethodClient$Stub$Proxy@410031c8 (uid=9999 pid=372)
D/memalloc(  111): /dev/pmem: Allocated buffer base:0x42132000 size:2088960 offset:8077312 fd:50
D/memalloc( 5320): /dev/pmem: Mapped buffer base:0x526ab000 size:10166272 offset:8077312 fd:64
I/ActivityManager(  235): Displayed ie.gannon.shane/.MainActivity: +620ms
D/OpenGLRenderer(  372): Flushing caches (mode 2)
D/ConnectivityService(  235): onUidRulesChanged(uid=9999, uidRules=0)
D/memalloc(  235): /dev/pmem: Unmapping buffer base:0x5c431000 size:20332544 offset:18243584
D/memalloc(  111): /dev/pmem: Freeing buffer base:0x43298000 size:2088960 offset:18243584 fd:38
D/MP-Decision(  753): DOWN Ns:2.100000 Ts:270 rq:0.000000 seq:317 (Up time:468)
D/WifiStateMachine(  235): BroadcastRSSIForIMS, newrssi =-81 , oldRssi= -78
V/WindowManager(  235): onProposedRotationChanged, rotation changed to 1
I/InputReader(  235): Reconfiguring input devices.  changes=0x00000004
I/InputReader(  235): Device reconfigured: id=4, name='cy8c-touchscreen', surface size is now 540x960, mode is 1
D/PowerManagerService(  235): button light setOrientation:1
D/OpenGLRenderer( 5320): Flushing caches (mode 0)
I/ActivityManager(  235): Config changed: {1.0 0mcc0mnc en_IE layoutdir=0 sw360dp w640dp h334dp nrml long land finger -keyb/v/h -nav/h s.5 skin=default fontsize=3}
D/OpenGLRenderer(  317): Flushing caches (mode 0)
D/memalloc( 5320): /dev/pmem: Unmapping buffer base:0x51f2c000 size:2088960 offset:0
D/memalloc( 5320): /dev/pmem: Unmapping buffer base:0x526ab000 size:10166272 offset:8077312
D/memalloc(  111): /dev/pmem: Freeing buffer base:0x428e6000 size:2088960 offset:8077312 fd:50
D/memalloc(  111): /dev/pmem: Freeing buffer base:0x42132000 size:2088960 offset:0 fd:32
D/MP-Decision(  753): UP Nw:2.700000 Tw:180 rq:20.082569 seq:201
D/memalloc(  111): /dev/pmem: Allocated buffer base:0x42132000 size:2088960 offset:0 fd:32
D/memalloc( 5320): /dev/pmem: Mapped buffer base:0x5260c000 size:2088960 offset:0 fd:58
D/WifiStateMachine(  235): syncRequestConnectionInfo mWifiInfo=SSID: eircom2734 4542, BSSID: 00:24:92:5d:ed:f0, MAC: E8:99:C4:20:B6:0A, Supplicant state: COMPLETED, RSSI: -78, Link speed: 24, Net ID: 2, Explicit connect: false
D/memalloc(  111): /dev/pmem: Allocated buffer base:0x42132000 size:2088960 offset:8077312 fd:38
D/memalloc( 5320): /dev/pmem: Mapped buffer base:0x531a3000 size:10166272 offset:8077312 fd:64
D/CarrierLabel(  317): CarrierLabel mIntentReceiver : android.intent.action.CONFIGURATION_CHANGED
D/CarrierLabel(  317): updateResources()
W/CarrierLabel(  317): updateNetworkNameExt: mSimState = ABSENT
D/memalloc(  317): /dev/pmem: Unmapping buffer base:0x54c81000 size:16433152 offset:14622720
D/memalloc(  317): /dev/pmem: Unmapping buffer base:0x55c2d000 size:18243584 offset:16433152
D/memalloc(  317): /dev/pmem: Unmapping buffer base:0x52f69000 size:8077312 offset:6266880
D/memalloc(  111): /dev/pmem: Freeing buffer base:0x42f24000 size:1810432 offset:14622720 fd:41
D/memalloc(  111): /dev/pmem: Freeing buffer base:0x430de000 size:1810432 offset:16433152 fd:56
D/memalloc(  111): /dev/pmem: Allocated buffer base:0x42132000 size:1597440 offset:12533760 fd:41
V/WindowManager(  235): onProposedRotationChanged, rotation changed to 0
I/InputReader(  235): Reconfiguring input devices.  changes=0x00000004
I/InputReader(  235): Device reconfigured: id=4, name='cy8c-touchscreen', surface size is now 540x960, mode is 1
D/memalloc(  317): /dev/pmem: Mapped buffer base:0x54c81000 size:14131200 offset:12533760 fd:62
D/OpenGLRenderer( 5320): Flushing caches (mode 0)
D/PowerManagerService(  235): button light setOrientation:0
I/ActivityManager(  235): Config changed: {1.0 0mcc0mnc en_IE layoutdir=0 sw360dp w360dp h614dp nrml long port finger -keyb/v/h -nav/h s.6 skin=default fontsize=3}
D/memalloc( 5320): /dev/pmem: Unmapping buffer base:0x5260c000 size:2088960 offset:0
D/memalloc( 5320): /dev/pmem: Unmapping buffer base:0x531a3000 size:10166272 offset:8077312
D/memalloc(  111): /dev/pmem: Freeing buffer base:0x428e6000 size:2088960 offset:8077312 fd:38
D/memalloc(  111): /dev/pmem: Freeing buffer base:0x42132000 size:2088960 offset:0 fd:32
D/memalloc(  111): /dev/pmem: Allocated buffer base:0x42132000 size:905216 offset:32178176 fd:32
D/memalloc(  111): /dev/pmem: Allocated buffer base:0x42132000 size:2088960 offset:0 fd:38
D/memalloc( 5320): /dev/pmem: Mapped buffer base:0x5260c000 size:2088960 offset:0 fd:58
D/memalloc(  317): /dev/pmem: Mapped buffer base:0x58765000 size:33083392 offset:32178176 fd:80
D/memalloc(  111): /dev/pmem: Freeing buffer base:0x4272c000 size:1810432 offset:6266880 fd:59
D/memalloc(  111): /dev/pmem: Allocated buffer base:0x42132000 size:2088960 offset:6266880 fd:50
D/memalloc( 5320): /dev/pmem: Mapped buffer base:0x5289d000 size:8355840 offset:6266880 fd:64
D/OpenGLRenderer(  317): Flushing caches (mode 0)
D/WindowManager(  235): Starting rotation animaiton
D/dalvikvm(  421): GC_EXPLICIT freed 2017K, 57% free 3733K/8675K, paused 2ms+7ms
D/WifiStateMachine(  235): syncRequestConnectionInfo mWifiInfo=SSID: eircom2734 4542, BSSID: 00:24:92:5d:ed:f0, MAC: E8:99:C4:20:B6:0A, Supplicant state: COMPLETED, RSSI: -77, Link speed: 24, Net ID: 2, Explicit connect: false
D/CarrierLabel(  317): CarrierLabel mIntentReceiver : android.intent.action.CONFIGURATION_CHANGED
D/CarrierLabel(  317): updateResources()
W/CarrierLabel(  317): updateNetworkNameExt: mSimState = ABSENT
D/memalloc(  317): /dev/pmem: Unmapping buffer base:0x54c81000 size:14131200 offset:12533760
D/memalloc(  317): /dev/pmem: Unmapping buffer base:0x58765000 size:33083392 offset:32178176
D/memalloc(  111): /dev/pmem: Freeing buffer base:0x43fe2000 size:905216 offset:32178176 fd:32
D/memalloc(  111): /dev/pmem: Allocated buffer base:0x42132000 size:1810432 offset:8355840 fd:32
D/memalloc(  317): /dev/pmem: Mapped buffer base:0x54c81000 size:10166272 offset:8355840 fd:62
D/memalloc(  111): /dev/pmem: Allocated buffer base:0x42132000 size:1810432 offset:14622720 fd:56
D/memalloc(  317): /dev/pmem: Mapped buffer base:0x55728000 size:16433152 offset:14622720 fd:80
D/memalloc(  111): /dev/pmem: Freeing buffer base:0x42d26000 size:1597440 offset:12533760 fd:41
D/WindowManager(  235): end of ratation animation
V/WindowManager(  235): onProposedRotationChanged, rotation changed to 0
D/MP-Decision(  753): DOWN Ns:2.100000 Ts:270 rq:0.000000 seq:307 (Up time:790)
D/memalloc(  111): /dev/pmem: Allocated buffer base:0x42132000 size:2088960 offset:16433152 fd:41
D/memalloc( 5320): /dev/pmem: Mapped buffer base:0x531a3000 size:18522112 offset:16433152 fd:67
D/Process (  235): killProcessQuiet, pid=5158
I/ActivityManager(  235): No longer want com.google.android.gsf.login (pid 5158): hidden #16, adj=13
D/Process (  235): dalvik.system.VMStack.getThreadStackTrace(Native Method)
D/Process (  235): java.lang.Thread.getStackTrace(Thread.java:599)
D/Process (  235): android.os.Process.killProcessQuiet(Process.java:820)
D/Process (  235): com.android.server.am.ActivityManagerService.updateOomAdjLocked(ActivityManagerService.java:15198)
D/Process (  235): com.android.server.am.ActivityManagerService.updateOomAdjLocked(ActivityManagerService.java:15123)
D/Process (  235): com.android.server.am.ActivityManagerService.serviceDoneExecutingLocked(ActivityManagerService.java:12356)
D/Process (  235): com.android.server.am.ActivityManagerService.serviceDoneExecuting(ActivityManagerService.java:12326)
D/Process (  235): android.app.ActivityManagerNative.onTransact(ActivityManagerNative.java:723)
D/Process (  235): com.android.server.am.ActivityManagerService.onTransact(ActivityManagerService.java:1699)
D/Process (  235): android.os.Binder.execTransact(Binder.java:338)
D/Process (  235): dalvik.system.NativeStart.run(Native Method)
W/ContentService(  235): binderDied() at ObserverNode name com.google.android.gsf.gservices
I/HTCIMEService(  421): [onCreateInputView]
W/APKResTool(  421): can't find package
I/HTCIMMView(  421): [FixedWCL] adjustWCLHeight height:65
I/HTCIMMView(  421): [FixedWCL] adjustWCLHeight height:65
W/SubtypeSwitcher(  421): Current subtype: en_US, keyboard
W/SubtypeSwitcher(  421): Last subtype was disabled. Update to the current one.
E/AbstractCompatWrapper(  421): Invalid input to AbstructCompatWrapper
E/CompatUtils(  421): Exception in invoke: NullPointerException
W/SubtypeSwitcher(  421): Update subtype to:en_US,keyboard, from: en_US, keyboard
D/SubtypeSwitcher(  421): Update shortcut IME from : com.google.android.voicesearch/.ime.VoiceInputMethodService, , voice
D/SubtypeSwitcher(  421): Update shortcut IME to : com.google.android.voicesearch/.ime.VoiceInputMethodService, , voice
I/HTCIMEService(  421): fetch result: 8.5
I/HTCIMEService(  421): fetch result: 8.5
I/XT9_C   (  421): [loadDefaultDB] xt9_raw/ldb_0409.ldb size=304198 (loaded)
I/XT9_C   (  421): [registerXT9LDB] ldb_0409.ldb loading [done]
D/XT9_C   (  421): [registerXT9LDB] current LdbNum=109, First LdbNum=109, Second LdbNum=0
I/XT9_C   (  421): [loadDefaultDB] xt9_raw/kbd_0d09.kbd size=22284 (loaded)
I/HTCIMMView(  421): [FixedWCL] adjustWCLHeight height:65
D/memalloc(  111): /dev/pmem: Allocated buffer base:0x42132000 size:974848 offset:32178176 fd:59
D/memalloc(  421): /dev/pmem: Mapped buffer base:0x52987000 size:33153024 offset:32178176 fd:62
D/dalvikvm(  421): GC_FOR_ALLOC freed 285K, 49% free 4496K/8675K, paused 40ms
D/memalloc(  111): /dev/pmem: Allocated buffer base:0x42132000 size:1810432 offset:12533760 fd:62
D/memalloc(  317): /dev/pmem: Mapped buffer base:0x58765000 size:14344192 offset:12533760 fd:86
D/TileRenderer(  317): glEndTilingQCOM: 0x502
D/TileRenderer(  317): glEndTilingQCOM: 0x502
D/TileRenderer(  317): glEndTilingQCOM: 0x502
D/TileRenderer(  317): glEndTilingQCOM: 0x502
D/TileRenderer(  317): glEndTilingQCOM: 0x502
D/TileRenderer(  317): glEndTilingQCOM: 0x502
D/TileRenderer(  317): glEndTilingQCOM: 0x502
D/TileRenderer(  317): glEndTilingQCOM: 0x502
D/TileRenderer(  317): glEndTilingQCOM: 0x502
D/TileRenderer(  317): glEndTilingQCOM: 0x502
D/TileRenderer(  317): glEndTilingQCOM: 0x502
D/TileRenderer(  317): glEndTilingQCOM: 0x502
D/TileRenderer(  317): glEndTilingQCOM: 0x502
D/PowerManagerService(  235): New lightsensor value:160, lcdValue:90
D/PowerManagerService(  235): lightSensorChangedLocked, buttonValue >= 0, mPowerState = 3
D/dalvikvm(  235): JIT code cache reset in 2 ms (1048524 bytes 2/0)
D/dalvikvm(  235): GC_EXPLICIT freed 537K, 47% free 10955K/20643K, paused 10ms+12ms
D/WifiStateMachine(  235): fetchRssiAndLinkSpeedNative send RSSIChange intent, newSignalLevel =2mLastSignalLevel = 1
I/HTCIMMView(  421): [FixedWCL] adjustWCLHeight height:65
D/skia    (  372): AndroidImageRef[ 0x1997420 ] releasePixel fail as lockCount=1
D/memalloc(  111): /dev/pmem: Allocated buffer base:0x42132000 size:974848 offset:18522112 fd:65
D/memalloc(  421): /dev/pmem: Mapped buffer base:0x54925000 size:19496960 offset:18522112 fd:61
D/memalloc(  111): /dev/pmem: Allocated buffer base:0x42132000 size:147456 offset:10166272 fd:68
D/memalloc(  421): /dev/pmem: Mapped buffer base:0x55c38000 size:10313728 offset:10166272 fd:76
D/memalloc(  111): /dev/pmem: Allocated buffer base:0x42132000 size:208896 offset:14344192 fd:71
D/memalloc(  421): /dev/pmem: Mapped buffer base:0x566fa000 size:14553088 offset:14344192 fd:79
D/memalloc(  421): /dev/pmem: Unmapping buffer base:0x55c38000 size:10313728 offset:10166272
D/memalloc(  111): /dev/pmem: Freeing buffer base:0x42ae4000 size:147456 offset:10166272 fd:68
D/MP-Decision(  753): UP Nw:2.700000 Tw:180 rq:3.200000 seq:195
D/MP-Decision(  753): DOWN Ns:2.100000 Ts:270 rq:0.000000 seq:359 (Up time:359)
D/memalloc(  111): /dev/pmem: Allocated buffer base:0x42132000 size:208896 offset:10166272 fd:68
D/memalloc(  421): /dev/pmem: Mapped buffer base:0x55bbd000 size:10375168 offset:10166272 fd:68
D/memalloc(  111): /dev/pmem: Allocated buffer base:0x42132000 size:147456 offset:33153024 fd:74
D/memalloc(  421): /dev/pmem: Mapped buffer base:0x574db000 size:33300480 offset:33153024 fd:82
D/memalloc(  111): /dev/pmem: Allocated buffer base:0x42132000 size:147456 offset:33300480 fd:77
D/memalloc(  421): /dev/pmem: Mapped buffer base:0x5954f000 size:33447936 offset:33300480 fd:85
D/memalloc(  111): /dev/pmem: Freeing buffer base:0x440d0000 size:147456 offset:33153024 fd:74
D/memalloc(  111): /dev/pmem: Freeing buffer base:0x440f4000 size:147456 offset:33300480 fd:77
D/memalloc(  421): /dev/pmem: Unmapping buffer base:0x574db000 size:33300480 offset:33153024
D/memalloc(  421): /dev/pmem: Unmapping buffer base:0x5954f000 size:33447936 offset:33300480
D/memalloc(  111): /dev/pmem: Allocated buffer base:0x42132000 size:147456 offset:33153024 fd:74
D/memalloc(  421): /dev/pmem: Mapped buffer base:0x574db000 size:33300480 offset:33153024 fd:82
D/memalloc(  111): /dev/pmem: Allocated buffer base:0x42132000 size:147456 offset:33300480 fd:77
D/memalloc(  421): /dev/pmem: Mapped buffer base:0x594a5000 size:33447936 offset:33300480 fd:85
D/memalloc(  111): /dev/pmem: Freeing buffer base:0x440d0000 size:147456 offset:33153024 fd:74
D/memalloc(  111): /dev/pmem: Freeing buffer base:0x440f4000 size:147456 offset:33300480 fd:77
D/memalloc(  421): /dev/pmem: Unmapping buffer base:0x574db000 size:33300480 offset:33153024
D/memalloc(  421): /dev/pmem: Unmapping buffer base:0x594a5000 size:33447936 offset:33300480
D/WifiStateMachine(  235): BroadcastRSSIForIMS, newrssi =-89 , oldRssi= -79
D/memalloc(  111): /dev/pmem: Allocated buffer base:0x42132000 size:147456 offset:33153024 fd:74
D/memalloc(  421): /dev/pmem: Mapped buffer base:0x574db000 size:33300480 offset:33153024 fd:82
D/memalloc(  111): /dev/pmem: Allocated buffer base:0x42132000 size:147456 offset:33300480 fd:77
D/memalloc(  421): /dev/pmem: Mapped buffer base:0x5949f000 size:33447936 offset:33300480 fd:85
D/memalloc(  111): /dev/pmem: Freeing buffer base:0x440d0000 size:147456 offset:33153024 fd:74
D/memalloc(  111): /dev/pmem: Freeing buffer base:0x440f4000 size:147456 offset:33300480 fd:77
D/memalloc(  421): /dev/pmem: Unmapping buffer base:0x574db000 size:33300480 offset:33153024
D/memalloc(  421): /dev/pmem: Unmapping buffer base:0x5949f000 size:33447936 offset:33300480
D/WifiStateMachine(  235): fetchRssiAndLinkSpeedNative send RSSIChange intent, newSignalLevel =1mLastSignalLevel = 0
D/dalvikvm(  372): GC_BEFORE_OOM freed 815K, 50% free 6895K/13667K, paused 119ms
W/debugme ( 5320): test
D/AndroidRuntime( 5320): Shutting down VM
W/dalvikvm( 5320): threadid=1: thread exiting with uncaught exception (group=0x40ac6228)
I/ActivityManager(  235): START intent from pid 5320
E/AndroidRuntime( 5320): FATAL EXCEPTION: main
E/AndroidRuntime( 5320): java.lang.IllegalStateException: Could not execute method of the activity
E/AndroidRuntime( 5320): 	at android.view.View$1.onClick(View.java:3082)
E/AndroidRuntime( 5320): 	at android.view.View.performClick(View.java:3549)
E/AndroidRuntime( 5320): 	at android.view.View$PerformClick.run(View.java:14400)
E/AndroidRuntime( 5320): 	at android.os.Handler.handleCallback(Handler.java:605)
E/AndroidRuntime( 5320): 	at android.os.Handler.dispatchMessage(Handler.java:92)
E/AndroidRuntime( 5320): 	at android.os.Looper.loop(Looper.java:154)
E/AndroidRuntime( 5320): 	at android.app.ActivityThread.main(ActivityThread.java:4945)
E/AndroidRuntime( 5320): 	at java.lang.reflect.Method.invokeNative(Native Method)
E/AndroidRuntime( 5320): 	at java.lang.reflect.Method.invoke(Method.java:511)
E/AndroidRuntime( 5320): 	at com.android.internal.os.ZygoteInit$MethodAndArgsCaller.run(ZygoteInit.java:784)
E/AndroidRuntime( 5320): 	at com.android.internal.os.ZygoteInit.main(ZygoteInit.java:551)
E/AndroidRuntime( 5320): 	at dalvik.system.NativeStart.main(Native Method)
E/AndroidRuntime( 5320): Caused by: java.lang.reflect.InvocationTargetException
E/AndroidRuntime( 5320): 	at java.lang.reflect.Method.invokeNative(Native Method)
E/AndroidRuntime( 5320): 	at java.lang.reflect.Method.invoke(Method.java:511)
E/AndroidRuntime( 5320): 	at android.view.View$1.onClick(View.java:3077)
E/AndroidRuntime( 5320): 	... 11 more
E/AndroidRuntime( 5320): Caused by: android.content.ActivityNotFoundException: Unable to find explicit activity class {ie.gannon.shane/ie.gannon.shane.DisplayMessageActivity}; have you declared this activity in your AndroidManifest.xml?
E/AndroidRuntime( 5320): 	at android.app.Instrumentation.checkStartActivityResult(Instrumentation.java:1634)
E/AndroidRuntime( 5320): 	at android.app.Instrumentation.execStartActivity(Instrumentation.java:1510)
E/AndroidRuntime( 5320): 	at android.app.Activity.startActivityForResult(Activity.java:3251)
E/AndroidRuntime( 5320): 	at android.app.Activity.startActivity(Activity.java:3358)
E/AndroidRuntime( 5320): 	at ie.gannon.shane.MainActivity.sendMessage(MainActivity.java:30)
E/AndroidRuntime( 5320): 	... 14 more
E/EmbeddedLogger(  235): App crashed! Process: ie.gannon.shane
E/EmbeddedLogger(  235): App crashed! Package: ie.gannon.shane v1 (1.0)
E/EmbeddedLogger(  235): Application Label: MainActivity
W/ActivityManager(  235):   Force finishing activity ie.gannon.shane/.MainActivity
D/ViewRootImpl(  235): @@@- disable SystemServer HW acceleration
D/memalloc(  111): /dev/pmem: Allocated buffer base:0x42132000 size:368640 offset:33153024 fd:74
D/memalloc(  235): /dev/pmem: Mapped buffer base:0x5a8f8000 size:33521664 offset:33153024 fd:300
D/Finsky  ( 1623): [1] 5.onFinished: Installation state replication succeeded.
W/ActivityManager(  235): Activity pause timeout for ActivityRecord{41730df0 ie.gannon.shane/.MainActivity}
D/SensorService(  235): disable: get sensor name = MPL accel
D/Sensors (  235): handle : 4 en: 0, v010.0 - Try to resolve lock issue
D/Sensors (  235): lock_status = 4
D/Sensors (  235): Andy: MPLSensor::enable: lock1
W/MPL-sup (  235): MLGetAKMComassStatus, gAKMCompassStatus = 0
D/Sensors (  235): mEnabled = 0x0
D/Sensors (  235): set_power_states++: enabled_sensors: 0 dmp_started: 1
D/Sensors (  235): Before if statment: cs:0 rs:0 en_ped:0 da_ped:0 en_g:0 da_g:0
D/Sensors (  235): Stopping DMP
I/        (  235): mpu3050_suspend: suspending sensors to 0000
I/        (  235): mpu3050_suspend: Will resume next to 0070
D/Sensors (  235): inside if(s_use_timerirq)
D/ConnectivityService(  235): onUidRulesChanged(uid=9999, uidRules=0)
D/Sensors (  235): set_power_states--
D/Sensors (  235): Andy: MPLSensor::enable: unlock1
D/Sensors (  235): MPLSensor::enable--1
D/SensorService(  235): SensorDevice::activate--: handle = 0x4, enabled = 0x0
D/SensorService(  235): pid=235, uid=1000
D/ActivityManager(  235): Config after re-evaluted by window manager: null
I/CarouselTimeLog(  372): onStart() finish: 1379362448049
D/CarouselDummyActivity(  372): CarouselDummyActivity.onResume: tab_allapps
D/MP-Decision(  753): UP Nw:2.700000 Tw:180 rq:3.800000 seq:195
D/CAT     (  441): CatService: Return current sInstance
D/memalloc(  111): /dev/pmem: Allocated buffer base:0x42132000 size:2088960 offset:19496960 fd:77
D/memalloc(  372): /dev/pmem: Mapped buffer base:0x57e4c000 size:21585920 offset:19496960 fd:101
D/memalloc(  111): /dev/pmem: Allocated buffer base:0x42132000 size:2088960 offset:21585920 fd:80
D/memalloc(  372): /dev/pmem: Mapped buffer base:0x59a8b000 size:23674880 offset:21585920 fd:105
D/memalloc(  111): /dev/pmem: Allocated buffer base:0x42132000 size:2088960 offset:23674880 fd:83
D/memalloc(  372): /dev/pmem: Mapped buffer base:0x5b11f000 size:25763840 offset:23674880 fd:109
D/CarouselWidget(  372): onLayout()
E/Adreno200-ES20(  372): <process_gl_state_enables:456>: GL_INVALID_ENUM
D/memalloc(  111): /dev/pmem: Allocated buffer base:0x42132000 size:2088960 offset:25763840 fd:89
D/memalloc(  372): /dev/pmem: Mapped buffer base:0x5c9b1000 size:27852800 offset:25763840 fd:112
D/memalloc(  111): /dev/pmem: Allocated buffer base:0x42132000 size:2088960 offset:27852800 fd:92
D/memalloc(  372): /dev/pmem: Mapped buffer base:0x5e441000 size:29941760 offset:27852800 fd:116
V/WindowManager(  235): Starting animation in AppWindowToken{4128bd90 token=Token{40e4c650 ActivityRecord{40e11d30 com.htc.launcher/.Launcher}}} @ 2250993
V/WindowManager(  235): Finished animation in AppWindowToken{4128bd90 token=Token{40e4c650 ActivityRecord{40e11d30 com.htc.launcher/.Launcher}}} @ 2250993
V/WindowManager(  235): Starting animation in AppWindowToken{41731fc0 token=Token{41730f18 ActivityRecord{41730df0 ie.gannon.shane/.MainActivity}}} @ 2250993
D/ActivityManager(  235): destroyActivityLocked, r=ActivityRecord{41730df0 ie.gannon.shane/.MainActivity}
V/ActivityManager(  235): destroyActivityLocked, dalvik.system.VMStack.getThreadStackTrace(Native Method)
V/ActivityManager(  235): destroyActivityLocked, java.lang.Thread.getStackTrace(Thread.java:599)
V/ActivityManager(  235): destroyActivityLocked, com.android.server.am.ActivityStack.destroyActivityLocked(ActivityStack.java:3754)
V/ActivityManager(  235): destroyActivityLocked, com.android.server.am.ActivityStack.finishCurrentActivityLocked(ActivityStack.java:3621)
V/ActivityManager(  235): destroyActivityLocked, com.android.server.am.ActivityStack.finishCurrentActivityLocked(ActivityStack.java:3578)
V/ActivityManager(  235): destroyActivityLocked, com.android.server.am.ActivityStack.activityIdleInternal(ActivityStack.java:3410)
V/ActivityManager(  235): destroyActivityLocked, com.android.server.am.ActivityManagerService.activityIdle(ActivityManagerService.java:4313)
V/ActivityManager(  235): destroyActivityLocked, android.app.ActivityManagerNative.onTransact(ActivityManagerNative.java:362)
V/ActivityManager(  235): destroyActivityLocked, com.android.server.am.ActivityManagerService.onTransact(ActivityManagerService.java:1699)
V/ActivityManager(  235): destroyActivityLocked, android.os.Binder.execTransact(Binder.java:338)
V/ActivityManager(  235): destroyActivityLocked, dalvik.system.NativeStart.run(Native Method)
D/ConnectivityService(  235): onUidRulesChanged(uid=10122, uidRules=0)
I/ActivityManager(  235): No longer want com.htc.mysketcher (pid 5171): hidden #16, adj=13
D/Process (  235): killProcessQuiet, pid=5171
D/Process (  235): dalvik.system.VMStack.getThreadStackTrace(Native Method)
D/Process (  235): java.lang.Thread.getStackTrace(Thread.java:599)
D/Process (  235): android.os.Process.killProcessQuiet(Process.java:820)
D/Process (  235): com.android.server.am.ActivityManagerService.updateOomAdjLocked(ActivityManagerService.java:15198)
D/Process (  235): com.android.server.am.ActivityManagerService.updateLruProcessInternalLocked(ActivityManagerService.java:1937)
D/Process (  235): com.android.server.am.ActivityManagerService.updateLruProcessLocked(ActivityManagerService.java:1944)
D/Process (  235): com.android.server.am.ActivityStack.destroyActivityLocked(ActivityStack.java:3786)
D/Process (  235): com.android.server.am.ActivityStack.finishCurrentActivityLocked(ActivityStack.java:3621)
D/Process (  235): com.android.server.am.ActivityStack.finishCurrentActivityLocked(ActivityStack.java:3578)
D/Process (  235): com.android.server.am.ActivityStack.activityIdleInternal(ActivityStack.java:3410)
D/Process (  235): com.android.server.am.ActivityManagerService.activityIdle(ActivityManagerService.java:4313)
D/Process (  235): android.app.ActivityManagerNative.onTransact(ActivityManagerNative.java:362)
D/Process (  235): com.android.server.am.ActivityManagerService.onTransact(ActivityManagerService.java:1699)
D/Process (  235): android.os.Binder.execTransact(Binder.java:338)
D/Process (  235): dalvik.system.NativeStart.run(Native Method)
E/memalloc(  111): /dev/pmem: No more pmem available
W/memalloc(  111): Falling back to ashmem
D/memalloc(  235): map_buffer: Successfully mapped 368640 bytes
D/MP-Decision(  753): DOWN Ns:2.100000 Ts:270 rq:1.840336 seq:316 (Up time:337)
V/WindowManager(  235): Finished animation in AppWindowToken{41731fc0 token=Token{41730f18 ActivityRecord{41730df0 ie.gannon.shane/.MainActivity}}} @ 2251419
D/Process ( 5320): killProcess, pid=5320
D/Process ( 5320): dalvik.system.VMStack.getThreadStackTrace(Native Method)
W/SubtypeSwitcher(  421): Current subtype: en_US, keyboard
W/SubtypeSwitcher(  421): Last subtype was disabled. Update to the current one.
E/AbstractCompatWrapper(  421): Invalid input to AbstructCompatWrapper
E/CompatUtils(  421): Exception in invoke: NullPointerException
W/SubtypeSwitcher(  421): Update subtype to:en_US,keyboard, from: en_US, keyboard
D/SubtypeSwitcher(  421): Update shortcut IME from : com.google.android.voicesearch/.ime.VoiceInputMethodService, , voice
D/SubtypeSwitcher(  421): Update shortcut IME to : com.google.android.voicesearch/.ime.VoiceInputMethodService, , voice
I/HTCIMEService(  421): fetch result: 8.5
I/HTCIMEService(  421): fetch result: 8.5
I/XT9_C   (  421): [loadDefaultDB] xt9_raw/ldb_0409.ldb size=304198 (loaded)
I/XT9_C   (  421): [registerXT9LDB] ldb_0409.ldb loading [done]
D/XT9_C   (  421): [registerXT9LDB] current LdbNum=109, First LdbNum=109, Second LdbNum=0
I/XT9_C   (  421): [loadDefaultDB] xt9_raw/kbd_0d09.kbd size=22284 (loaded)
I/HTCIMMView(  421): [FixedWCL] adjustWCLHeight height:65
D/Process ( 5320): java.lang.Thread.getStackTrace(Thread.java:599)
D/Process ( 5320): android.os.Process.killProcess(Process.java:790)
D/MP-Decision(  753): UP Nw:2.700000 Tw:180 rq:5.800000 seq:197
D/Process ( 5320): com.android.internal.os.RuntimeInit$UncaughtHandler.uncaughtException(RuntimeInit.java:104)
D/Process ( 5320): java.lang.ThreadGroup.uncaughtException(ThreadGroup.java:693)
D/Process ( 5320): java.lang.ThreadGroup.uncaughtException(ThreadGroup.java:690)
D/dalvikvm(  421): GC_EXPLICIT freed 98K, 36% free 5635K/8675K, paused 2ms+4ms
D/Process ( 5320): dalvik.system.NativeStart.main(Native Method)
I/Process ( 5320): Sending signal. PID: 5320 SIG: 9
D/lights  (  235): [LedInfo] write attr ok name=/sys/class/leds/amber/brightness string=1,len=1
D/lights  (  235): [LedInfo] write attr ok name=/sys/class/leds/amber/blink string=0,len=1
D/lights  (  235): [LedInfo] write attr ok name=/sys/class/leds/amber/off_timer string=0 0,len=3
D/lights  (  235): [LedInfo] write attr ok name=/sys/class/leds/green/brightness string=0,len=1
D/lights  (  235): [LedInfo] write attr ok name=/sys/class/leds/green/blink string=0,len=1
D/lights  (  235): [LedInfo] write attr ok name=/sys/class/leds/green/off_timer string=0 0,len=3
V/NotificationService(  235): Charging...
D/NotificationService(  235): cancelNotification, ACTION_NOTIFICATION_REMOVE,pkg=android,id=17040407
W/InputDispatcher(  235): channel '413c48c8 ie.gannon.shane/ie.gannon.shane.MainActivity (server)' ~ Consumer closed input channel or an error occurred.  events=0x8
E/InputDispatcher(  235): channel '413c48c8 ie.gannon.shane/ie.gannon.shane.MainActivity (server)' ~ Channel is unrecoverably broken and will be disposed!
D/memalloc(  235): /dev/pmem: Unmapping buffer base:0x5a8f8000 size:33521664 offset:33153024
D/memalloc(  111): /dev/pmem: Freeing buffer base:0x440d0000 size:368640 offset:33153024 fd:74
D/memalloc(  111): free_buffer:Freeing buffer size=368640 base=0x41c67000 fd=95 PID=111
W/InputDispatcher(  235): Attempted to unregister already unregistered input channel '413c48c8 ie.gannon.shane/ie.gannon.shane.MainActivity (server)'
I/WindowManager(  235): WINDOW DIED Window{413c48c8 ie.gannon.shane/ie.gannon.shane.MainActivity paused=false}
I/ActivityManager(  235): Process ie.gannon.shane (pid 5320) has died.
W/WindowManager(  235): Failed looking up window
W/WindowManager(  235): java.lang.IllegalArgumentException: Requested window android.os.BinderProxy@40f56ab0 does not exist
W/WindowManager(  235): 	at com.android.server.wm.WindowManagerService.windowForClientLocked(WindowManagerService.java:7440)
W/WindowManager(  235): 	at com.android.server.wm.WindowManagerService.windowForClientLocked(WindowManagerService.java:7431)
W/WindowManager(  235): 	at com.android.server.wm.WindowState$DeathRecipient.binderDied(WindowState.java:1571)
W/WindowManager(  235): 	at android.os.BinderProxy.sendDeathNotice(Binder.java:417)
W/WindowManager(  235): 	at dalvik.system.NativeStart.run(Native Method)
I/WindowManager(  235): WIN DEATH: null
D/memalloc(  111): /dev/pmem: Freeing buffer base:0x4272c000 size:2088960 offset:6266880 fd:50
D/memalloc(  111): /dev/pmem: Freeing buffer base:0x430de000 size:2088960 offset:16433152 fd:41
D/memalloc(  111): /dev/pmem: Freeing buffer base:0x42132000 size:2088960 offset:0 fd:38
D/memalloc(  421): /dev/pmem: Unmapping buffer base:0x52987000 size:33153024 offset:32178176
D/memalloc(  111): /dev/pmem: Freeing buffer base:0x43fe2000 size:974848 offset:32178176 fd:59
D/memalloc(  421): /dev/pmem: Unmapping buffer base:0x54925000 size:19496960 offset:18522112
D/memalloc(  111): /dev/pmem: Freeing buffer base:0x432dc000 size:974848 offset:18522112 fd:65
D/memalloc(  421): /dev/pmem: Unmapping buffer base:0x55bbd000 size:10375168 offset:10166272
D/memalloc(  111): /dev/pmem: Freeing buffer base:0x42ae4000 size:208896 offset:10166272 fd:68
D/memalloc(  421): /dev/pmem: Unmapping buffer base:0x566fa000 size:14553088 offset:14344192
D/memalloc(  111): /dev/pmem: Freeing buffer base:0x42ee0000 size:208896 offset:14344192 fd:71
D/CarouselWidget(  372): onLayout()
D/TileRenderer(  317): glEndTilingQCOM: 0x502
D/TileRenderer(  317): glEndTilingQCOM: 0x502
D/TileRenderer(  317): glEndTilingQCOM: 0x502
D/memalloc(  111): /dev/pmem: Allocated buffer base:0x42132000 size:2088960 offset:0 fd:38
D/TileRenderer(  317): glEndTilingQCOM: 0x502
D/memalloc(  372): /dev/pmem: Mapped buffer base:0x555fa000 size:2088960 offset:0 fd:123
D/TileRenderer(  317): glEndTilingQCOM: 0x502
D/TileRenderer(  317): glEndTilingQCOM: 0x502
D/TileRenderer(  317): glEndTilingQCOM: 0x502
D/TileRenderer(  317): glEndTilingQCOM: 0x502
D/TileRenderer(  317): glEndTilingQCOM: 0x502
D/TileRenderer(  317): glEndTilingQCOM: 0x502
D/TileRenderer(  317): glEndTilingQCOM: 0x502
D/TileRenderer(  317): glEndTilingQCOM: 0x502
D/TileRenderer(  317): glEndTilingQCOM: 0x502
D/TileRenderer(  317): glEndTilingQCOM: 0x502
D/MP-Decision(  753): DOWN Ns:2.100000 Ts:270 rq:0.000000 seq:297 (Up time:449)
D/WifiStateMachine(  235): fetchRssiAndLinkSpeedNative send RSSIChange intent, newSignalLevel =2mLastSignalLevel = 1
D/PowerManagerService(  235): New lightsensor value:10, lcdValue:56
D/PowerManagerService(  235): lightSensorChangedLocked, buttonValue >= 0, mPowerState = 3
D/WifiStateMachine(  235): fetchRssiAndLinkSpeedNative send RSSIChange intent, SameSignalLevelCount =1
D/WifiStateMachine(  235): fetchRssiAndLinkSpeedNative send RSSIChange intent, SameSignalLevelCount =2
W/ActivityManager(  235): Activity destroy timeout for ActivityRecord{41730df0 ie.gannon.shane/.MainActivity}
D/BatteryService(  235): updateBatteryStats ======================================
I/BATT_ALG(  126): batt_alg_overtemp_check:temp:303, isOver_temp:0
I/BATT_ALG(  126): vol=3864;curr=323;dis_curr=0;temp=303;id=3;level=14;chg_src=1;chg_en=1;ov_chg=0;isOver_temp=0;timer=60;safety_count=2280
D/BatteryService(  235): UEvent updateBatteryStats
D/HtcPowerSaver(  235): Recived battery changed intent.
D/UsbnetService(  235): BroadcastReceiver::onReceive+
D/UsbnetService(  235): onReceive BATTERY_CHANGED
D/UsbnetService(  235):  --> pluggedType = 2, mPluggedType = 0, mScreenOff = false
D/UsbnetService(  235): BroadcastReceiver::onReceive-
D/HtcPowerSaver(  235): Checking...
I/HtcPowerSaver(  235): >> updateStatus
D/HtcPowerSaver(  235): notifyUser: Unknown Status
I/HtcPowerSaver(  235): currentStatus=8000, currentLevel=14, enableLevel=20, enable=false, popDialog=false, statusChangeTo=-1
I/HtcPowerSaver(  235): << updateStatus
D/WifiService(  235): ACTION_BATTERY_CHANGED pluggedType: 2
D/NotificationService(  235): mIntentReceiver() Intent.ACTION_BATTERY_CHANGED
D/PowerManagerService(  235): runHtcPowerSaverCheck ======================================
D/PowerUI (  317): closing low battery warning: level=14
D/PowerUI (  317): plugged = true, health = 2, mBatteryLevel = 14, mPluggedBatteryLevel = 2, mLowBatteryWarningLevel2 = 25, mshowLowChargingWarning2 = true
D/PackageManager(  235): Failed to get PackageInfo!, pkg:com.htc.demoflorebooter, flags:1
D/WifiStateMachine(  235): BroadcastRSSIForIMS, newrssi =-80 , oldRssi= -79
D/WifiStateMachine(  235): fetchRssiAndLinkSpeedNative send RSSIChange intent, SameSignalLevelCount =1
D/WifiStateMachine(  235): fetchRssiAndLinkSpeedNative send RSSIChange intent, SameSignalLevelCount =2
D/AndroidRuntime( 5400): 
D/AndroidRuntime( 5400): >>>>>> AndroidRuntime START com.android.internal.os.RuntimeInit <<<<<<
D/AndroidRuntime( 5400): CheckJNI is OFF
D/AndroidRuntime( 5400): Calling main entry com.android.commands.pm.Pm
W/ActivityManager(  235): No content provider found for permission revoke: file:///data/local/tmp/1stLesson-debug-unaligned.apk
W/ActivityManager(  235): No content provider found for permission revoke: file:///data/local/tmp/1stLesson-debug-unaligned.apk
I/PackageManager(  235): Removing non-system package:ie.gannon.shane
I/ActivityManager(  235): Force stopping package ie.gannon.shane uid=10122
I/PackageManager(  235): Running dexopt on: ie.gannon.shane
I/PackageManager(  235): Package ie.gannon.shane codePath changed from /data/app/ie.gannon.shane-1.apk to /data/app/ie.gannon.shane-2.apk; Retaining data and using new
D/dalvikvm( 5411): DexOpt: load 61ms, verify+opt 228ms
D/WifiStateMachine(  235): BroadcastRSSIForIMS, newrssi =-80 , oldRssi= -79
I/ActivityManager(  235): Force stopping package ie.gannon.shane uid=10122
W/PackageManager(  235): Code path for pkg : ie.gannon.shane changing from /data/app/ie.gannon.shane-1.apk to /data/app/ie.gannon.shane-2.apk
W/PackageManager(  235): Resource path for pkg : ie.gannon.shane changing from /data/app/ie.gannon.shane-1.apk to /data/app/ie.gannon.shane-2.apk
D/PackageManager(  235): [embedded] New package installed in /data/app/ie.gannon.shane-2.apk
D/dalvikvm(  235): GC_CONCURRENT freed 1814K, 47% free 11113K/20643K, paused 4ms+10ms
I/ActivityManager(  235): Force stopping package ie.gannon.shane uid=10122
D/PhoneApp(  441): -- PackageChangeBroadcastReceiver  action = android.intent.action.PACKAGE_REMOVED
D/HtcWidgetScanner( 5033): onReceive +
D/HtcWidgetScanner( 5033): onReceive with action: android.intent.action.PACKAGE_REMOVED
D/HtcWidgetScanner( 5033): onReceive -
D/HtcWidgetScannerService( 5033): onHandleIntent +
D/HtcWidgetScannerService( 5033): onReceiveInternal +
D/HtcWidgetScannerService( 5033): packageUid - 10122
D/HtcWidgetScannerService( 5033): action - android.intent.action.PACKAGE_REMOVED
D/FxWidgetScanner( 5033): create
D/FxWidgetScanner( 5033): onHandleIntent remove
D/FxWidgetScanner( 5033): provider ie.gannon.shane
D/FxWidgetScanner( 5033): removeFxWidgetList
D/FxWidgetScanner( 5033): delete 0
D/AccountTypeManager( 1101): Registering external account type=com.htc.htctwitter, packageName=com.htc.htctwitter
D/dalvikvm(  235): GC_EXPLICIT freed 206K, 47% free 10969K/20643K, paused 4ms+9ms
D/MP-Decision(  753): UP Nw:2.700000 Tw:180 rq:3.400000 seq:196
D/PackageManager(  235): generateServicesMap(android.accounts.AccountAuthenticator): 17 services unchanged
W/PackageManager(  235): Unable to load service info ResolveInfo{414f6318 com.htc.socialnetwork.facebook.remote.FacebookSyncService p=0 o=0 m=0x108000}
W/PackageManager(  235): org.xmlpull.v1.XmlPullParserException: No android.content.SyncAdapter meta-data
W/PackageManager(  235): 	at android.content.pm.RegisteredServicesCache.parseServiceInfo(RegisteredServicesCache.java:380)
W/PackageManager(  235): 	at android.content.pm.RegisteredServicesCache.generateServicesMap(RegisteredServicesCache.java:261)
W/PackageManager(  235): 	at android.content.pm.RegisteredServicesCache$1.onReceive(RegisteredServicesCache.java:110)
W/PackageManager(  235): 	at android.app.LoadedApk$ReceiverDispatcher$Args.run(LoadedApk.java:781)
W/PackageManager(  235): 	at android.os.Handler.handleCallback(Handler.java:605)
W/PackageManager(  235): 	at android.os.Handler.dispatchMessage(Handler.java:92)
W/PackageManager(  235): 	at android.os.Looper.loop(Looper.java:154)
W/PackageManager(  235): 	at com.android.server.ServerThread.run(SystemServer.java:914)
D/AccountTypeManager( 1101): Registering external account type=com.facebook.auth.login, packageName=com.facebook.katana
W/ResourceType( 1101): getEntry failing because entryIndex 326 is beyond type entryCount 117
W/ResourceType( 1101): Failure getting entry for 0x7f020146 (t=1 e=326) in package 0 (error -2147483647)
D/AccountTypeManager( 1101): Registering external account type=com.hotmail.Z7.eas, packageName=com.hotmail.Z7
D/PackageManager(  235): generateServicesMap(android.content.SyncAdapter): 38 services unchanged
D/BackupManagerService(  235): Received broadcast Intent { act=android.intent.action.PACKAGE_REMOVED dat=package:ie.gannon.shane flg=0x10000010 (has extras) }
D/AccountTypeManager( 1101): Registering 1 extension packages
D/dalvikvm(  235): GC_EXPLICIT freed 110K, 47% free 11017K/20643K, paused 4ms+13ms
D/SqliteDatabaseCpp( 5283): dbopen(): path = /data/data/com.android.keychain/databases , key = cvYjtw, flag = 6, file size = 5120
D/SqliteDatabaseCpp( 5283): dbopen(): path = /data/data/com.android.keychain/databases , key = cvYjtw, mode: truncate, disk free size: 909 M, handle: 0x10016b8
D/HtcWidgetScannerService( 5033): onReceiveInternal -
D/HtcWidgetScannerService( 5033): onHandleIntent -
E/ExternalAccountType( 1101): Unsupported attribute readOnly
D/AccountTypeManager( 1101): Registering extension package account type=com.google, dataSet=plus, packageName=com.google.android.apps.plus
D/PhoneApp(  441): -- PackageChangeBroadcastReceiver  action = android.intent.action.PACKAGE_ADDED
D/SqliteDatabaseCpp( 5283): dbclose(): path = /data/data/com.android.keychain/databases/grants.db, handle = 0x10016b8
I/RegisterService( 4483): android.intent.action.PACKAGE_REMOVED package:ie.gannon.shane
I/AccountTypeManager( 1101): Loaded meta-data for 8 account types, 3 accounts in 402ms(wall) 28ms(cpu)
D/AccountTypeManager( 1101): Registering external account type=com.htc.htctwitter, packageName=com.htc.htctwitter
D/PackageManager(  235): generateServicesMap(android.accounts.AccountAuthenticator): 17 services unchanged
D/AccountTypeManager( 1101): Registering external account type=com.facebook.auth.login, packageName=com.facebook.katana
W/ResourceType( 1101): getEntry failing because entryIndex 326 is beyond type entryCount 117
W/PackageManager(  235): Unable to load service info ResolveInfo{4159f450 com.htc.socialnetwork.facebook.remote.FacebookSyncService p=0 o=0 m=0x108000}
W/PackageManager(  235): org.xmlpull.v1.XmlPullParserException: No android.content.SyncAdapter meta-data
W/PackageManager(  235): 	at android.content.pm.RegisteredServicesCache.parseServiceInfo(RegisteredServicesCache.java:380)
W/PackageManager(  235): 	at android.content.pm.RegisteredServicesCache.generateServicesMap(RegisteredServicesCache.java:261)
