W/dalvikvm( 5104): VFY: unable to resolve virtual method 3177: Landroid/location/Location;.setElapsedRealtimeNanos (J)V
D/dalvikvm( 5104): VFY: replacing opcode 0x6e at 0x073d
I/ActivityManager(  235): Start proc com.google.android.gsf.login for service com.google.android.gms/.recovery.AccountRecoveryBackgroundService: pid=5158 uid=10012 gids={3003, 1015, 2001, 1007, 3006, 1006}
D/GCM     (  387): GcmService start Intent { act=com.google.android.gms.INITIALIZE flg=0x10 pkg=com.google.android.gms cmp=com.google.android.gms/.gcm.GcmService } com.google.android.gms.INITIALIZE
D/Socket_Alarm( 5104): registerHTCSocketMonitorCallBack
D/Socket_Alarm( 5104): set mSocketMonitor
D/Socket_Alarm( 5104): HTCSocketMonitorImpl::HTCSocketMonitorImpl
V/LocationManagerService(  235): requestLocationUpdates
V/LocationManagerService(  235): _requestLocationUpdates: listener = Receiver{40e12970 Listener android.os.BinderProxy@41223820}mUpdateRecords: {}
V/LocationManagerService(  235): requestLocationUpdatesLocked: updateProvidersLocked
V/LocationManagerService(  235): _requestLocationUpdates: provider = passive listener = Receiver{40e12970 Listener android.os.BinderProxy@41223820}mUpdateRecords: {passive=UpdateRecord{413b7308 mProvider: passive mUid: 10012}}
D/PenUtils( 5140): getDefaultPen() end 58
I/ActivityManager(  235): Start proc com.htc.mysketcher for broadcast com.htc.mysketcher/.PenFreshedReceiver: pid=5171 uid=1003 gids={1015}
I/MySketcher( 5171): onReceive: com.htc.pen.refreshed
I/MySketcher( 5171): SketchAndShootWorker UID: 1003 PID: 5171
I/MySketcher( 5171): onStartCommand: com.htc.action.PREPARE_VARS
I/MySketcher( 5171): handleMessage : MSG_CHECK_TASK_FINISHED
I/MySketcher( 5171):  no other message, stop service 
I/Recovery( 2617): Received: Intent { act=com.google.android.gms.INITIALIZE flg=0x10 pkg=com.google.android.gms cmp=com.google.android.gms/.recovery.AccountRecoveryBackgroundService$Receiver }
I/MySketcher( 5171):  SketchAndShootWorker.this.stopSelf() , in thread:5190
D/GCM     (  387): GcmService start Intent { act=com.google.android.gms.INITIALIZE flg=0x10 pkg=com.google.android.gms cmp=com.google.android.gms/.gcm.GcmService } com.google.android.gms.INITIALIZE
D/Process (  235): killProcessQuiet, pid=4828
D/Process (  235): dalvik.system.VMStack.getThreadStackTrace(Native Method)
D/Process (  235): java.lang.Thread.getStackTrace(Thread.java:599)
D/Process (  235): android.os.Process.killProcessQuiet(Process.java:820)
D/Process (  235): com.android.server.am.ActivityManagerService.updateOomAdjLocked(ActivityManagerService.java:15198)
D/Process (  235): com.android.server.am.ActivityManagerService.processNextBroadcast(ActivityManagerService.java:13639)
D/Process (  235): com.android.server.am.ActivityManagerService.finishReceiver(ActivityManagerService.java:13256)
D/Process (  235): android.app.ActivityManagerNative.onTransact(ActivityManagerNative.java:336)
D/Process (  235): com.android.server.am.ActivityManagerService.onTransact(ActivityManagerService.java:1699)
D/Process (  235): android.os.Binder.execTransact(Binder.java:338)
D/Process (  235): dalvik.system.NativeStart.run(Native Method)
I/ActivityManager(  235): No longer want com.htc.idlescreen.base (pid 4828): hidden #16, adj=13
D/SqliteDatabaseCpp( 5104): dbopen(): path = /data/data/com.google.android.gms/databases , key = cgkve[ulv[UlvLkgYtakj, flag = 6, file size = 5120
D/SqliteDatabaseCpp( 5104): dbopen(): path = /data/data/com.google.android.gms/databases , key = cgkve[ulv[UlvLkgYtakj, mode: truncate, disk free size: 911 M, handle: 0x1013478
D/SqliteDatabaseCpp( 5104): dbclose(): path = /data/data/com.google.android.gms/databases/gcore_ulr_UlrLocation.db, handle = 0x1013478
E/dalvikvm( 5158): Could not find class 'android.os.UserManager', referenced from method vq.b
W/dalvikvm( 5158): VFY: unable to resolve check-cast 597 (Landroid/os/UserManager;) in Lvq;
D/dalvikvm( 5158): VFY: replacing opcode 0x1f at 0x000c
D/SqliteDatabaseCpp( 5104): dbopen(): path = /data/data/com.google.android.gms/databases , key = cgkve[ulv[9gtaratqDetegtakj, flag = 6, file size = 5120
I/dalvikvm( 5158): Could not find method android.accounts.AccountManager.getAccountsByTypeForPackage, referenced from method vq.c
W/dalvikvm( 5158): VFY: unable to resolve virtual method 2336: Landroid/accounts/AccountManager;.getAccountsByTypeForPackage (Ljava/lang/String;Ljava/lang/String;)[Landroid/accounts/Account;
D/dalvikvm( 5158): VFY: replacing opcode 0x6e at 0x000c
D/SqliteDatabaseCpp( 5104): dbopen(): path = /data/data/com.google.android.gms/databases , key = cgkve[ulv[9gtaratqDetegtakj, mode: truncate, disk free size: 911 M, handle: 0x1013478
E/dalvikvm( 5158): Could not find class 'android.os.UserManager', referenced from method vq.c
W/dalvikvm( 5158): VFY: unable to resolve check-cast 597 (Landroid/os/UserManager;) in Lvq;
D/dalvikvm( 5158): VFY: replacing opcode 0x1f at 0x000f
D/SqliteDatabaseCpp( 5104): dbclose(): path = /data/data/com.google.android.gms/databases/gcore_ulr_ActivityDetection.db, handle = 0x1013478
I/GCoreUlr( 5104): Ensuring that reporting is stopped because of reasons: {account#-5#=[InactiveReason{mVersionCode=0, mIdentifier=6, mName='ReportingNotSelected'}]}
D/GCoreFlp( 5104): Unknown pending intent to remove.
I/GCoreUlr( 5104): Unbound from all location providers
D/GeofencerStateMachine( 5104): Creating GeofencerStateMachine
W/dalvikvm( 5104): Unable to resolve superclass of Ldyx; (2284)
W/dalvikvm( 5104): Link of class 'Ldyx;' failed
W/dalvikvm( 5104): VFY: unable to find class referenced in signature (Ldyx;)
W/dalvikvm( 5104): Unable to resolve superclass of Ldyx; (2284)
W/dalvikvm( 5104): Link of class 'Ldyx;' failed
W/dalvikvm( 5104): VFY: unable to find class referenced in signature (Ldyx;)
W/dalvikvm( 5104): Unable to resolve superclass of Ldyx; (2284)
W/dalvikvm( 5104): Link of class 'Ldyx;' failed
W/dalvikvm( 5104): VFY: unable to find class referenced in signature (Ldyx;)
W/dalvikvm( 5104): Unable to resolve superclass of Ldyx; (2284)
E/dalvikvm( 5104): Could not find class 'android.telephony.CellInfo', referenced from method eer.onCellInfoChanged
W/dalvikvm( 5104): VFY: unable to resolve check-cast 639 (Landroid/telephony/CellInfo;) in Leer;
D/dalvikvm( 5104): VFY: replacing opcode 0x1f at 0x0038
W/dalvikvm( 5104): Link of class 'Ldyx;' failed
I/dalvikvm( 5104): Could not find method dyx.a, referenced from method dyg.<init>
W/dalvikvm( 5104): VFY: unable to resolve static method 26308: Ldyx;.a ()Ldyx;
D/dalvikvm( 5104): VFY: replacing opcode 0x71 at 0x001a
W/dalvikvm( 5104): Unable to resolve superclass of Ldyx; (2284)
W/dalvikvm( 5104): Link of class 'Ldyx;' failed
W/dalvikvm( 5104): Unable to resolve superclass of Ldyx; (2284)
W/dalvikvm( 5104): Link of class 'Ldyx;' failed
W/dalvikvm( 5104): Unable to resolve superclass of Ldyx; (2284)
W/dalvikvm( 5104): Link of class 'Ldyx;' failed
W/dalvikvm( 5104): Unable to resolve superclass of Ldyx; (2284)
W/dalvikvm( 5104): Link of class 'Ldyx;' failed
W/dalvikvm( 5104): Unable to resolve superclass of Ldyx; (2284)
W/dalvikvm( 5104): Link of class 'Ldyx;' failed
I/dalvikvm( 5104): Could not find method dyx.b, referenced from method dyg.e
W/dalvikvm( 5104): VFY: unable to resolve virtual method 26309: Ldyx;.b ()Ldyc;
D/dalvikvm( 5104): VFY: replacing opcode 0x6e at 0x000d
V/GeofencerHelper( 5104): Initializing geofence's system cache.
D/Socket_Alarm( 5158): registerHTCSocketMonitorCallBack
D/Socket_Alarm( 5158): set mSocketMonitor
D/Socket_Alarm( 5158): HTCSocketMonitorImpl::HTCSocketMonitorImpl
D/GeofenceStateCache( 5104): Recovered 0 geofences.
V/LocationManagerService(  235): getAllProviders
D/dalvikvm( 5104): GC_CONCURRENT freed 1219K, 28% free 3393K/4707K, paused 3ms+2ms
D/MP-Decision(  753): DOWN Ns:2.100000 Ts:270 rq:1.000000 seq:318 (Up time:2893)
V/LocationManagerService(  235): requestLocationUpdates
V/LocationManagerService(  235): _requestLocationUpdates: listener = Receiver{412f9be8 Listener android.os.BinderProxy@41183bc0}mUpdateRecords: {}
V/LocationManagerService(  235): requestLocationUpdatesLocked: updateProvidersLocked
V/LocationManagerService(  235): _requestLocationUpdates: provider = passive listener = Receiver{412f9be8 Listener android.os.BinderProxy@41183bc0}mUpdateRecords: {passive=UpdateRecord{412f8ab8 mProvider: passive mUid: 10012}}
D/WifiStateMachine(  235): syncRequestConnectionInfo mWifiInfo=SSID: eircom2734 4542, BSSID: 00:24:92:5d:ed:f0, MAC: E8:99:C4:20:B6:0A, Supplicant state: COMPLETED, RSSI: -79, Link speed: 24, Net ID: 2, Explicit connect: false
D/WifiStateMachine(  235): syncRequestConnectionInfo mWifiInfo=SSID: eircom2734 4542, BSSID: 00:24:92:5d:ed:f0, MAC: E8:99:C4:20:B6:0A, Supplicant state: COMPLETED, RSSI: -79, Link speed: 24, Net ID: 2, Explicit connect: false
D/SqliteDatabaseCpp( 5104): dbopen(): path = /data/data/com.google.android.gms/databases , key = cgkve[ulv[UlvLkgYtakj, flag = 6, file size = 5120
D/SqliteDatabaseCpp( 5104): dbopen(): path = /data/data/com.google.android.gms/databases , key = cgkve[ulv[UlvLkgYtakj, mode: truncate, disk free size: 911 M, handle: 0x1013478
D/SqliteDatabaseCpp( 5104): dbclose(): path = /data/data/com.google.android.gms/databases/gcore_ulr_UlrLocation.db, handle = 0x1013478
D/SqliteDatabaseCpp( 5104): dbopen(): path = /data/data/com.google.android.gms/databases , key = cgkve[ulv[9gtaratqDetegtakj, flag = 6, file size = 5120
D/SqliteDatabaseCpp( 5104): dbopen(): path = /data/data/com.google.android.gms/databases , key = cgkve[ulv[9gtaratqDetegtakj, mode: truncate, disk free size: 911 M, handle: 0x1013478
D/SqliteDatabaseCpp( 5104): dbclose(): path = /data/data/com.google.android.gms/databases/gcore_ulr_ActivityDetection.db, handle = 0x1013478
I/GCoreUlr( 5104): Ensuring that reporting is stopped because of reasons: {account#-5#=[InactiveReason{mVersionCode=0, mIdentifier=6, mName='ReportingNotSelected'}]}
D/GCoreFlp( 5104): Unknown pending intent to remove.
I/GCoreUlr( 5104): Unbound from all location providers
D/Process (  235): killProcessQuiet, pid=4940
D/Process (  235): dalvik.system.VMStack.getThreadStackTrace(Native Method)
D/Process (  235): java.lang.Thread.getStackTrace(Thread.java:599)
D/Process (  235): android.os.Process.killProcessQuiet(Process.java:820)
D/Process (  235): com.android.server.am.ActivityManagerService.updateOomAdjLocked(ActivityManagerService.java:15198)
D/Process (  235): com.android.server.am.ActivityManagerService.updateOomAdjLocked(ActivityManagerService.java:15123)
D/Process (  235): com.android.server.am.ActivityManagerService.serviceDoneExecutingLocked(ActivityManagerService.java:12356)
D/Process (  235): com.android.server.am.ActivityManagerService.serviceDoneExecuting(ActivityManagerService.java:12326)
D/Process (  235): android.app.ActivityManagerNative.onTransact(ActivityManagerNative.java:723)
D/Process (  235): com.android.server.am.ActivityManagerService.onTransact(ActivityManagerService.java:1699)
I/ActivityManager(  235): No longer want com.htc.calendar (pid 4940): hidden #16, adj=14
D/Process (  235): android.os.Binder.execTransact(Binder.java:338)
D/Process (  235): dalvik.system.NativeStart.run(Native Method)
W/dalvikvm(  372): disableGcForExternalAlloc: true
D/memalloc(  111): /dev/pmem: Allocated buffer base:0x42132000 size:2088960 offset:24510464 fd:68
D/memalloc(  372): /dev/pmem: Mapped buffer base:0x5dc42000 size:26599424 offset:24510464 fd:125
W/dalvikvm(  372): disableGcForExternalAlloc: false
I/ActivityManager(  235): START intent from pid 372
D/ViewRootImpl(  235): @@@- disable SystemServer HW acceleration
D/CAT     (  441): CatService: Return current sInstance
D/memalloc(  111): /dev/pmem: Allocated buffer base:0x42132000 size:2088960 offset:26599424 fd:71
D/memalloc(  235): /dev/pmem: Mapped buffer base:0x5a8f8000 size:28688384 offset:26599424 fd:295
D/dalvikvm( 5208): Late-enabling CheckJNI
I/ActivityManager(  235): Start proc ie.gannon.shane for activity ie.gannon.shane/.MainActivity: pid=5208 uid=10122 gids={}
D/SensorManager(  235): [SensorManager] registerListener: delay = 200000
D/SensorService(  235): enable: get sensor name = MPL accel
D/Sensors (  235): handle : 4 en: 1, v010.0 - Try to resolve lock issue
D/Sensors (  235): lock_status = 2
D/Sensors (  235): Andy: MPLSensor::enable: lock1
D/Sensors (  235): mEnabled = 0x10
D/Sensors (  235): set_power_states++: enabled_sensors: 16 dmp_started: 0
D/Sensors (  235): Before if statment: cs:0 rs:1 en_ped:0 da_ped:0 en_g:0 da_g:0
D/Sensors (  235): STOP timerirq_1
D/Sensors (  235): Starting DMP
I/        (  235): mpu3050_resume: Resuming to 0070
D/Sensors (  235): Exit: Starting DMP
D/Sensors (  235): set_power_states--
D/Sensors (  235): Andy: MPLSensor::enable: unlock1
D/Sensors (  235): MPLSensor::enable--1
D/SensorService(  235): SensorDevice::activate--: handle = 0x4, enabled = 0x1
D/SensorService(  235): pid=235, uid=1000
D/OpenGLRenderer(  372): Flushing caches (mode 1)
D/ConnectivityService(  235): onUidRulesChanged(uid=10122, uidRules=0)
V/WindowManager(  235): Starting animation in AppWindowToken{4128bd90 token=Token{40e4c650 ActivityRecord{40e11d30 com.htc.launcher/.Launcher}}} @ 2134168
V/WindowManager(  235): Finished animation in AppWindowToken{4128bd90 token=Token{40e4c650 ActivityRecord{40e11d30 com.htc.launcher/.Launcher}}} @ 2134168
V/WindowManager(  235): Starting animation in AppWindowToken{415907f8 token=Token{41486498 ActivityRecord{4110a5c8 ie.gannon.shane/.MainActivity}}} @ 2134168
D/MP-Decision(  753): UP Nw:2.700000 Tw:180 rq:3.700000 seq:199
W/dalvikvm(  372): disableGcForExternalAlloc: false
D/memalloc(  372): /dev/pmem: Unmapping buffer base:0x54fc9000 size:2088960 offset:0
D/memalloc(  372): /dev/pmem: Unmapping buffer base:0x57e4c000 size:10166272 offset:8077312
D/memalloc(  372): /dev/pmem: Unmapping buffer base:0x5aec2000 size:22421504 offset:20332544
D/memalloc(  111): /dev/pmem: Freeing buffer base:0x42132000 size:2088960 offset:0 fd:32
D/memalloc(  111): /dev/pmem: Freeing buffer base:0x43496000 size:2088960 offset:20332544 fd:62
D/memalloc(  111): /dev/pmem: Freeing buffer base:0x428e6000 size:2088960 offset:8077312 fd:38
D/OpenGLRenderer(  372): Flushing caches (mode 0)
D/memalloc(  372): /dev/pmem: Unmapping buffer base:0x59a8b000 size:20332544 offset:18243584
D/memalloc(  372): /dev/pmem: Unmapping buffer base:0x5c4e2000 size:24510464 offset:22421504
D/memalloc(  372): /dev/pmem: Unmapping buffer base:0x5dc42000 size:26599424 offset:24510464
D/memalloc(  111): /dev/pmem: Freeing buffer base:0x43298000 size:2088960 offset:18243584 fd:50
D/memalloc(  111): /dev/pmem: Freeing buffer base:0x43694000 size:2088960 offset:22421504 fd:65
D/memalloc(  111): /dev/pmem: Freeing buffer base:0x43892000 size:2088960 offset:24510464 fd:68
D/PowerManagerService(  235): New lightsensor value:160, lcdValue:90
D/PowerManagerService(  235): lightSensorChangedLocked, buttonValue >= 0, mPowerState = 3
D/libEGL  ( 5208): loaded /system/lib/egl/libGLES_android.so
D/libEGL  ( 5208): loaded /system/lib/egl/libEGL_adreno200.so
D/libEGL  ( 5208): loaded /system/lib/egl/libGLESv1_CM_adreno200.so
D/libEGL  ( 5208): loaded /system/lib/egl/libGLESv2_adreno200.so
D/memalloc(  111): /dev/pmem: Allocated buffer base:0x42132000 size:2088960 offset:0 fd:32
D/memalloc( 5208): /dev/pmem: Mapped buffer base:0x5204e000 size:2088960 offset:0 fd:61
D/OpenGLRenderer( 5208): Enabling debug mode 0
W/InputManagerService(  235): Starting input on non-focused client com.android.internal.view.IInputMethodClient$Stub$Proxy@410031c8 (uid=9999 pid=372)
V/WindowManager(  235): onProposedRotationChanged, rotation changed to 0
D/memalloc(  111): /dev/pmem: Allocated buffer base:0x42132000 size:2088960 offset:8077312 fd:38
D/memalloc( 5208): /dev/pmem: Mapped buffer base:0x525e1000 size:10166272 offset:8077312 fd:64
V/WindowManager(  235): Finished animation in AppWindowToken{415907f8 token=Token{41486498 ActivityRecord{4110a5c8 ie.gannon.shane/.MainActivity}}} @ 2134589
I/ActivityManager(  235): Displayed ie.gannon.shane/.MainActivity: +528ms
D/OpenGLRenderer(  372): Flushing caches (mode 2)
D/ConnectivityService(  235): onUidRulesChanged(uid=9999, uidRules=0)
D/memalloc(  235): /dev/pmem: Unmapping buffer base:0x5a8f8000 size:28688384 offset:26599424
D/memalloc(  111): /dev/pmem: Freeing buffer base:0x43a90000 size:2088960 offset:26599424 fd:71
D/MP-Decision(  753): DOWN Ns:2.100000 Ts:270 rq:0.200000 seq:297 (Up time:657)
D/memalloc(  111): /dev/pmem: Allocated buffer base:0x42132000 size:2088960 offset:18243584 fd:50
D/memalloc( 5208): /dev/pmem: Mapped buffer base:0x530d8000 size:20332544 offset:18243584 fd:67
D/dalvikvm( 1623): GC_CONCURRENT freed 1785K, 25% free 5979K/7907K, paused 6ms+4ms
D/Finsky  ( 1623): [1] 5.onFinished: Installation state replication succeeded.
W/SubtypeSwitcher(  421): Current subtype: en_US, keyboard
W/SubtypeSwitcher(  421): Last subtype was disabled. Update to the current one.
E/AbstractCompatWrapper(  421): Invalid input to AbstructCompatWrapper
E/CompatUtils(  421): Exception in invoke: NullPointerException
W/SubtypeSwitcher(  421): Update subtype to:en_US,keyboard, from: en_US, keyboard
D/SubtypeSwitcher(  421): Update shortcut IME from : com.google.android.voicesearch/.ime.VoiceInputMethodService, , voice
D/SubtypeSwitcher(  421): Update shortcut IME to : com.google.android.voicesearch/.ime.VoiceInputMethodService, , voice
I/HTCIMEService(  421): fetch result: 8.5
I/HTCIMEService(  421): fetch result: 8.5
I/XT9_C   (  421): [loadDefaultDB] xt9_raw/ldb_0409.ldb size=304198 (loaded)
I/XT9_C   (  421): [registerXT9LDB] ldb_0409.ldb loading [done]
D/XT9_C   (  421): [registerXT9LDB] current LdbNum=109, First LdbNum=109, Second LdbNum=0
I/XT9_C   (  421): [loadDefaultDB] xt9_raw/kbd_0d09.kbd size=22284 (loaded)
I/HTCIMMView(  421): [FixedWCL] adjustWCLHeight height:65
D/memalloc(  111): /dev/pmem: Allocated buffer base:0x42132000 size:974848 offset:32178176 fd:62
D/memalloc(  421): /dev/pmem: Mapped buffer base:0x52987000 size:33153024 offset:32178176 fd:61
D/MP-Decision(  753): UP Nw:2.700000 Tw:180 rq:3.400000 seq:196
D/dalvikvm(  421): GC_CONCURRENT freed 1321K, 37% free 5480K/8675K, paused 1ms+28ms
D/TileRenderer(  317): glEndTilingQCOM: 0x502
D/TileRenderer(  317): glEndTilingQCOM: 0x502
D/TileRenderer(  317): glEndTilingQCOM: 0x502
D/TileRenderer(  317): glEndTilingQCOM: 0x502
D/TileRenderer(  317): glEndTilingQCOM: 0x502
D/TileRenderer(  317): glEndTilingQCOM: 0x502
D/TileRenderer(  317): glEndTilingQCOM: 0x502
D/TileRenderer(  317): glEndTilingQCOM: 0x502
D/TileRenderer(  317): glEndTilingQCOM: 0x502
D/TileRenderer(  317): glEndTilingQCOM: 0x502
D/TileRenderer(  317): glEndTilingQCOM: 0x502
D/TileRenderer(  317): glEndTilingQCOM: 0x502
D/TileRenderer(  317): glEndTilingQCOM: 0x502
D/TileRenderer(  317): glEndTilingQCOM: 0x502
D/TileRenderer(  317): glEndTilingQCOM: 0x502
D/TileRenderer(  317): glEndTilingQCOM: 0x502
D/TileRenderer(  317): glEndTilingQCOM: 0x502
D/MP-Decision(  753): DOWN Ns:2.100000 Ts:270 rq:0.000000 seq:303 (Up time:303)
D/WifiStateMachine(  235): BroadcastRSSIForIMS, newrssi =-80 , oldRssi= -78
I/HTCIMMView(  421): [FixedWCL] adjustWCLHeight height:65
D/memalloc(  111): /dev/pmem: Allocated buffer base:0x42132000 size:974848 offset:12533760 fd:65
D/memalloc(  421): /dev/pmem: Mapped buffer base:0x54925000 size:13508608 offset:12533760 fd:67
D/memalloc(  111): /dev/pmem: Allocated buffer base:0x42132000 size:147456 offset:10166272 fd:68
D/memalloc(  421): /dev/pmem: Mapped buffer base:0x55649000 size:10313728 offset:10166272 fd:76
D/memalloc(  111): /dev/pmem: Allocated buffer base:0x42132000 size:208896 offset:33153024 fd:71
D/memalloc(  421): /dev/pmem: Mapped buffer base:0x560ab000 size:33361920 offset:33153024 fd:79
D/memalloc(  421): /dev/pmem: Unmapping buffer base:0x55649000 size:10313728 offset:10166272
D/memalloc(  111): /dev/pmem: Freeing buffer base:0x42ae4000 size:147456 offset:10166272 fd:68
D/memalloc(  111): /dev/pmem: Allocated buffer base:0x42132000 size:208896 offset:10166272 fd:68
D/memalloc(  421): /dev/pmem: Mapped buffer base:0x55607000 size:10375168 offset:10166272 fd:68
D/memalloc(  111): /dev/pmem: Allocated buffer base:0x42132000 size:147456 offset:33361920 fd:74
D/memalloc(  421): /dev/pmem: Mapped buffer base:0x5807c000 size:33509376 offset:33361920 fd:82
D/memalloc(  111): /dev/pmem: Allocated buffer base:0x42132000 size:147456 offset:13508608 fd:77
D/memalloc(  421): /dev/pmem: Mapped buffer base:0x5a165000 size:13656064 offset:13508608 fd:85
D/memalloc(  111): /dev/pmem: Freeing buffer base:0x44103000 size:147456 offset:33361920 fd:74
D/memalloc(  111): /dev/pmem: Freeing buffer base:0x42e14000 size:147456 offset:13508608 fd:77
D/memalloc(  421): /dev/pmem: Unmapping buffer base:0x5807c000 size:33509376 offset:33361920
D/memalloc(  421): /dev/pmem: Unmapping buffer base:0x5a165000 size:13656064 offset:13508608
D/skia    (  372): AndroidImageRef[ 0x1997420 ] releasePixel fail as lockCount=1
D/memalloc(  111): /dev/pmem: Allocated buffer base:0x42132000 size:147456 offset:33361920 fd:74
D/memalloc(  421): /dev/pmem: Mapped buffer base:0x5807c000 size:33509376 offset:33361920 fd:82
D/memalloc(  111): /dev/pmem: Allocated buffer base:0x42132000 size:147456 offset:13508608 fd:77
D/memalloc(  421): /dev/pmem: Mapped buffer base:0x5a07c000 size:13656064 offset:13508608 fd:85
D/memalloc(  111): /dev/pmem: Freeing buffer base:0x44103000 size:147456 offset:33361920 fd:74
D/memalloc(  111): /dev/pmem: Freeing buffer base:0x42e14000 size:147456 offset:13508608 fd:77
D/memalloc(  421): /dev/pmem: Unmapping buffer base:0x5807c000 size:33509376 offset:33361920
D/memalloc(  421): /dev/pmem: Unmapping buffer base:0x5a07c000 size:13656064 offset:13508608
D/memalloc(  111): /dev/pmem: Allocated buffer base:0x42132000 size:147456 offset:33361920 fd:74
D/memalloc(  421): /dev/pmem: Mapped buffer base:0x5807c000 size:33509376 offset:33361920 fd:82
D/memalloc(  111): /dev/pmem: Allocated buffer base:0x42132000 size:147456 offset:13508608 fd:77
D/memalloc(  421): /dev/pmem: Mapped buffer base:0x5a111000 size:13656064 offset:13508608 fd:85
D/memalloc(  111): /dev/pmem: Freeing buffer base:0x44103000 size:147456 offset:33361920 fd:74
D/memalloc(  111): /dev/pmem: Freeing buffer base:0x42e14000 size:147456 offset:13508608 fd:77
D/memalloc(  421): /dev/pmem: Unmapping buffer base:0x5807c000 size:33509376 offset:33361920
D/memalloc(  421): /dev/pmem: Unmapping buffer base:0x5a111000 size:13656064 offset:13508608
D/WifiStateMachine(  235): fetchRssiAndLinkSpeedNative send RSSIChange intent, SameSignalLevelCount =1
D/WifiStateMachine(  235): fetchRssiAndLinkSpeedNative send RSSIChange intent, newSignalLevel =1mLastSignalLevel = 2
W/myApp   ( 5208): test
I/ActivityManager(  235): START intent from pid 5208
D/AndroidRuntime( 5208): Shutting down VM
W/dalvikvm( 5208): threadid=1: thread exiting with uncaught exception (group=0x40ac6228)
E/AndroidRuntime( 5208): FATAL EXCEPTION: main
E/AndroidRuntime( 5208): java.lang.IllegalStateException: Could not execute method of the activity
E/AndroidRuntime( 5208): 	at android.view.View$1.onClick(View.java:3082)
E/AndroidRuntime( 5208): 	at android.view.View.performClick(View.java:3549)
E/AndroidRuntime( 5208): 	at android.view.View$PerformClick.run(View.java:14400)
E/AndroidRuntime( 5208): 	at android.os.Handler.handleCallback(Handler.java:605)
E/AndroidRuntime( 5208): 	at android.os.Handler.dispatchMessage(Handler.java:92)
E/AndroidRuntime( 5208): 	at android.os.Looper.loop(Looper.java:154)
E/AndroidRuntime( 5208): 	at android.app.ActivityThread.main(ActivityThread.java:4945)
E/AndroidRuntime( 5208): 	at java.lang.reflect.Method.invokeNative(Native Method)
E/AndroidRuntime( 5208): 	at java.lang.reflect.Method.invoke(Method.java:511)
E/AndroidRuntime( 5208): 	at com.android.internal.os.ZygoteInit$MethodAndArgsCaller.run(ZygoteInit.java:784)
E/AndroidRuntime( 5208): 	at com.android.internal.os.ZygoteInit.main(ZygoteInit.java:551)
E/AndroidRuntime( 5208): 	at dalvik.system.NativeStart.main(Native Method)
E/AndroidRuntime( 5208): Caused by: java.lang.reflect.InvocationTargetException
E/AndroidRuntime( 5208): 	at java.lang.reflect.Method.invokeNative(Native Method)
E/AndroidRuntime( 5208): 	at java.lang.reflect.Method.invoke(Method.java:511)
E/AndroidRuntime( 5208): 	at android.view.View$1.onClick(View.java:3077)
E/AndroidRuntime( 5208): 	... 11 more
E/AndroidRuntime( 5208): Caused by: android.content.ActivityNotFoundException: Unable to find explicit activity class {ie.gannon.shane/ie.gannon.shane.DisplayMessageActivity}; have you declared this activity in your AndroidManifest.xml?
E/AndroidRuntime( 5208): 	at android.app.Instrumentation.checkStartActivityResult(Instrumentation.java:1634)
E/AndroidRuntime( 5208): 	at android.app.Instrumentation.execStartActivity(Instrumentation.java:1510)
E/AndroidRuntime( 5208): 	at android.app.Activity.startActivityForResult(Activity.java:3251)
E/AndroidRuntime( 5208): 	at android.app.Activity.startActivity(Activity.java:3358)
E/AndroidRuntime( 5208): 	at ie.gannon.shane.MainActivity.sendMessage(MainActivity.java:30)
E/AndroidRuntime( 5208): 	... 14 more
E/EmbeddedLogger(  235): App crashed! Process: ie.gannon.shane
E/EmbeddedLogger(  235): App crashed! Package: ie.gannon.shane v1 (1.0)
E/EmbeddedLogger(  235): Application Label: MainActivity
W/ActivityManager(  235):   Force finishing activity ie.gannon.shane/.MainActivity
D/ViewRootImpl(  235): @@@- disable SystemServer HW acceleration
D/memalloc(  111): /dev/pmem: Allocated buffer base:0x42132000 size:368640 offset:13508608 fd:74
D/memalloc(  235): /dev/pmem: Mapped buffer base:0x57ecf000 size:13877248 offset:13508608 fd:305
D/dalvikvm(  372): GC_BEFORE_OOM freed 773K, 50% free 6953K/13667K, paused 82ms
W/ActivityManager(  235): Activity pause timeout for ActivityRecord{4110a5c8 ie.gannon.shane/.MainActivity}
D/ConnectivityService(  235): onUidRulesChanged(uid=9999, uidRules=0)
D/SensorService(  235): disable: get sensor name = MPL accel
D/Sensors (  235): handle : 4 en: 0, v010.0 - Try to resolve lock issue
D/Sensors (  235): lock_status = 4
D/Sensors (  235): Andy: MPLSensor::enable: lock1
W/MPL-sup (  235): MLGetAKMComassStatus, gAKMCompassStatus = 0
D/Sensors (  235): mEnabled = 0x0
D/Sensors (  235): set_power_states++: enabled_sensors: 0 dmp_started: 1
D/Sensors (  235): Before if statment: cs:0 rs:0 en_ped:0 da_ped:0 en_g:0 da_g:0
D/Sensors (  235): Stopping DMP
I/        (  235): mpu3050_suspend: suspending sensors to 0000
I/        (  235): mpu3050_suspend: Will resume next to 0070
D/Sensors (  235): inside if(s_use_timerirq)
D/Sensors (  235): set_power_states--
D/Sensors (  235): Andy: MPLSensor::enable: unlock1
D/Sensors (  235): MPLSensor::enable--1
D/SensorService(  235): SensorDevice::activate--: handle = 0x4, enabled = 0x0
D/SensorService(  235): pid=235, uid=1000
D/ActivityManager(  235): Config after re-evaluted by window manager: null
I/CarouselTimeLog(  372): onStart() finish: 1379362342001
D/CarouselDummyActivity(  372): CarouselDummyActivity.onResume: tab_allapps
D/CAT     (  441): CatService: Return current sInstance
D/memalloc(  111): /dev/pmem: Allocated buffer base:0x42132000 size:2088960 offset:20332544 fd:77
D/memalloc(  372): /dev/pmem: Mapped buffer base:0x57e4c000 size:22421504 offset:20332544 fd:101
D/memalloc(  111): /dev/pmem: Allocated buffer base:0x42132000 size:2088960 offset:22421504 fd:80
D/memalloc(  372): /dev/pmem: Mapped buffer base:0x59a8b000 size:24510464 offset:22421504 fd:105
D/memalloc(  111): /dev/pmem: Allocated buffer base:0x42132000 size:2088960 offset:24510464 fd:83
D/memalloc(  372): /dev/pmem: Mapped buffer base:0x5b1eb000 size:26599424 offset:24510464 fd:109
D/CarouselWidget(  372): onLayout()
E/Adreno200-ES20(  372): <process_gl_state_enables:456>: GL_INVALID_ENUM
D/memalloc(  111): /dev/pmem: Allocated buffer base:0x42132000 size:2088960 offset:26599424 fd:89
D/memalloc(  372): /dev/pmem: Mapped buffer base:0x5cb49000 size:28688384 offset:26599424 fd:112
E/memalloc(  111): /dev/pmem: No more pmem available
W/memalloc(  111): Falling back to ashmem
D/memalloc(  372): map_buffer: Successfully mapped 2088960 bytes
V/WindowManager(  235): Starting animation in AppWindowToken{4128bd90 token=Token{40e4c650 ActivityRecord{40e11d30 com.htc.launcher/.Launcher}}} @ 2145037
V/WindowManager(  235): Finished animation in AppWindowToken{4128bd90 token=Token{40e4c650 ActivityRecord{40e11d30 com.htc.launcher/.Launcher}}} @ 2145037
V/WindowManager(  235): Starting animation in AppWindowToken{415907f8 token=Token{41486498 ActivityRecord{4110a5c8 ie.gannon.shane/.MainActivity}}} @ 2145037
D/ActivityManager(  235): destroyActivityLocked, r=ActivityRecord{4110a5c8 ie.gannon.shane/.MainActivity}
V/ActivityManager(  235): destroyActivityLocked, dalvik.system.VMStack.getThreadStackTrace(Native Method)
V/ActivityManager(  235): destroyActivityLocked, java.lang.Thread.getStackTrace(Thread.java:599)
V/ActivityManager(  235): destroyActivityLocked, com.android.server.am.ActivityStack.destroyActivityLocked(ActivityStack.java:3754)
V/ActivityManager(  235): destroyActivityLocked, com.android.server.am.ActivityStack.finishCurrentActivityLocked(ActivityStack.java:3621)
V/ActivityManager(  235): destroyActivityLocked, com.android.server.am.ActivityStack.finishCurrentActivityLocked(ActivityStack.java:3578)
V/ActivityManager(  235): destroyActivityLocked, com.android.server.am.ActivityStack.activityIdleInternal(ActivityStack.java:3410)
V/ActivityManager(  235): destroyActivityLocked, com.android.server.am.ActivityManagerService.activityIdle(ActivityManagerService.java:4313)
V/ActivityManager(  235): destroyActivityLocked, android.app.ActivityManagerNative.onTransact(ActivityManagerNative.java:362)
V/ActivityManager(  235): destroyActivityLocked, com.android.server.am.ActivityManagerService.onTransact(ActivityManagerService.java:1699)
V/ActivityManager(  235): destroyActivityLocked, android.os.Binder.execTransact(Binder.java:338)
V/ActivityManager(  235): destroyActivityLocked, com.android.server.SystemServer.init1(Native Method)
V/ActivityManager(  235): destroyActivityLocked, com.android.server.SystemServer.main(SystemServer.java:984)
V/ActivityManager(  235): destroyActivityLocked, java.lang.reflect.Method.invokeNative(Native Method)
V/ActivityManager(  235): destroyActivityLocked, java.lang.reflect.Method.invoke(Method.java:511)
V/ActivityManager(  235): destroyActivityLocked, com.android.internal.os.ZygoteInit$MethodAndArgsCaller.run(ZygoteInit.java:784)
V/ActivityManager(  235): destroyActivityLocked, com.android.internal.os.ZygoteInit.main(ZygoteInit.java:551)
V/ActivityManager(  235): destroyActivityLocked, dalvik.system.NativeStart.main(Native Method)
D/Process (  235): killProcessQuiet, pid=5060
D/ConnectivityService(  235): onUidRulesChanged(uid=10122, uidRules=0)
I/ActivityManager(  235): No longer want com.android.keychain (pid 5060): hidden #16, adj=14
D/Process (  235): dalvik.system.VMStack.getThreadStackTrace(Native Method)
D/Process (  235): java.lang.Thread.getStackTrace(Thread.java:599)
D/Process (  235): android.os.Process.killProcessQuiet(Process.java:820)
D/Process (  235): com.android.server.am.ActivityManagerService.updateOomAdjLocked(ActivityManagerService.java:15198)
D/Process (  235): com.android.server.am.ActivityManagerService.updateLruProcessInternalLocked(ActivityManagerService.java:1937)
D/Process (  235): com.android.server.am.ActivityManagerService.updateLruProcessLocked(ActivityManagerService.java:1944)
D/Process (  235): com.android.server.am.ActivityStack.destroyActivityLocked(ActivityStack.java:3786)
D/Process (  235): com.android.server.am.ActivityStack.finishCurrentActivityLocked(ActivityStack.java:3621)
D/Process (  235): com.android.server.am.ActivityStack.finishCurrentActivityLocked(ActivityStack.java:3578)
D/Process (  235): com.android.server.am.ActivityStack.activityIdleInternal(ActivityStack.java:3410)
D/Process (  235): com.android.server.am.ActivityManagerService.activityIdle(ActivityManagerService.java:4313)
D/Process (  235): android.app.ActivityManagerNative.onTransact(ActivityManagerNative.java:362)
D/Process (  235): com.android.server.am.ActivityManagerService.onTransact(ActivityManagerService.java:1699)
D/Process (  235): android.os.Binder.execTransact(Binder.java:338)
D/Process (  235): com.android.server.SystemServer.init1(Native Method)
D/Process (  235): com.android.server.SystemServer.main(SystemServer.java:984)
D/Process (  235): java.lang.reflect.Method.invokeNative(Native Method)
D/Process (  235): java.lang.reflect.Method.invoke(Method.java:511)
D/Process (  235): com.android.internal.os.ZygoteInit$MethodAndArgsCaller.run(ZygoteInit.java:784)
D/Process (  235): com.android.internal.os.ZygoteInit.main(ZygoteInit.java:551)
D/Process (  235): dalvik.system.NativeStart.main(Native Method)
D/memalloc(  111): /dev/pmem: Allocated buffer base:0x42132000 size:368640 offset:13877248 fd:95
D/memalloc(  235): /dev/pmem: Mapped buffer base:0x5a8f8000 size:14245888 offset:13877248 fd:308
V/WindowManager(  235): Finished animation in AppWindowToken{415907f8 token=Token{41486498 ActivityRecord{4110a5c8 ie.gannon.shane/.MainActivity}}} @ 2145466
D/Process ( 5208): killProcess, pid=5208
D/Process ( 5208): dalvik.system.VMStack.getThreadStackTrace(Native Method)
W/SubtypeSwitcher(  421): Current subtype: en_US, keyboard
W/SubtypeSwitcher(  421): Last subtype was disabled. Update to the current one.
E/AbstractCompatWrapper(  421): Invalid input to AbstructCompatWrapper
E/CompatUtils(  421): Exception in invoke: NullPointerException
W/SubtypeSwitcher(  421): Update subtype to:en_US,keyboard, from: en_US, keyboard
D/SubtypeSwitcher(  421): Update shortcut IME from : com.google.android.voicesearch/.ime.VoiceInputMethodService, , voice
D/SubtypeSwitcher(  421): Update shortcut IME to : com.google.android.voicesearch/.ime.VoiceInputMethodService, , voice
I/HTCIMEService(  421): fetch result: 8.5
I/HTCIMEService(  421): fetch result: 8.5
I/XT9_C   (  421): [loadDefaultDB] xt9_raw/ldb_0409.ldb size=304198 (loaded)
D/Process ( 5208): java.lang.Thread.getStackTrace(Thread.java:599)
I/XT9_C   (  421): [registerXT9LDB] ldb_0409.ldb loading [done]
D/XT9_C   (  421): [registerXT9LDB] current LdbNum=109, First LdbNum=109, Second LdbNum=0
I/XT9_C   (  421): [loadDefaultDB] xt9_raw/kbd_0d09.kbd size=22284 (loaded)
D/Process ( 5208): android.os.Process.killProcess(Process.java:790)
I/HTCIMMView(  421): [FixedWCL] adjustWCLHeight height:65
D/Process ( 5208): com.android.internal.os.RuntimeInit$UncaughtHandler.uncaughtException(RuntimeInit.java:104)
D/Process ( 5208): java.lang.ThreadGroup.uncaughtException(ThreadGroup.java:693)
D/MP-Decision(  753): UP Nw:2.700000 Tw:180 rq:4.300000 seq:198
D/Process ( 5208): java.lang.ThreadGroup.uncaughtException(ThreadGroup.java:690)
D/Process ( 5208): dalvik.system.NativeStart.main(Native Method)
I/Process ( 5208): Sending signal. PID: 5208 SIG: 9
I/WindowManager(  235): WIN DEATH: Window{412ef1c8 ie.gannon.shane/ie.gannon.shane.MainActivity paused=false}
D/memalloc(  111): /dev/pmem: Freeing buffer base:0x42132000 size:2088960 offset:0 fd:32
D/memalloc(  111): /dev/pmem: Freeing buffer base:0x43298000 size:2088960 offset:18243584 fd:50
D/memalloc(  111): /dev/pmem: Freeing buffer base:0x428e6000 size:2088960 offset:8077312 fd:38
D/dalvikvm(  421): GC_EXPLICIT freed 85K, 36% free 5631K/8675K, paused 2ms+3ms
D/lights  (  235): [LedInfo] write attr ok name=/sys/class/leds/amber/brightness string=1,len=1
D/lights  (  235): [LedInfo] write attr ok name=/sys/class/leds/amber/blink string=0,len=1
I/ActivityManager(  235): Process ie.gannon.shane (pid 5208) has died.
V/NotificationService(  235): Charging...
D/lights  (  235): [LedInfo] write attr ok name=/sys/class/leds/amber/off_timer string=0 0,len=3
D/lights  (  235): [LedInfo] write attr ok name=/sys/class/leds/green/brightness string=0,len=1
D/lights  (  235): [LedInfo] write attr ok name=/sys/class/leds/green/blink string=0,len=1
D/lights  (  235): [LedInfo] write attr ok name=/sys/class/leds/green/off_timer string=0 0,len=3
D/NotificationService(  235): cancelNotification, ACTION_NOTIFICATION_REMOVE,pkg=android,id=17040407
D/memalloc(  111): /dev/pmem: Freeing buffer base:0x43fe2000 size:974848 offset:32178176 fd:62
D/memalloc(  235): /dev/pmem: Unmapping buffer base:0x57ecf000 size:13877248 offset:13508608
D/memalloc(  111): /dev/pmem: Freeing buffer base:0x42d26000 size:974848 offset:12533760 fd:65
D/memalloc(  421): /dev/pmem: Unmapping buffer base:0x52987000 size:33153024 offset:32178176
D/memalloc(  111): /dev/pmem: Freeing buffer base:0x42e14000 size:368640 offset:13508608 fd:74
D/memalloc(  235): /dev/pmem: Unmapping buffer base:0x5a8f8000 size:14245888 offset:13877248
D/memalloc(  421): /dev/pmem: Unmapping buffer base:0x54925000 size:13508608 offset:12533760
D/memalloc(  111): /dev/pmem: Freeing buffer base:0x42e6e000 size:368640 offset:13877248 fd:95
D/memalloc(  421): /dev/pmem: Unmapping buffer base:0x55607000 size:10375168 offset:10166272
D/memalloc(  111): /dev/pmem: Freeing buffer base:0x42ae4000 size:208896 offset:10166272 fd:68
D/memalloc(  421): /dev/pmem: Unmapping buffer base:0x560ab000 size:33361920 offset:33153024
D/memalloc(  111): /dev/pmem: Freeing buffer base:0x440d0000 size:208896 offset:33153024 fd:71
D/CarouselWidget(  372): onLayout()
D/TileRenderer(  317): glEndTilingQCOM: 0x502
D/TileRenderer(  317): glEndTilingQCOM: 0x502
D/TileRenderer(  317): glEndTilingQCOM: 0x502
D/memalloc(  111): /dev/pmem: Allocated buffer base:0x42132000 size:2088960 offset:0 fd:32
D/memalloc(  372): /dev/pmem: Mapped buffer base:0x571d4000 size:2088960 offset:0 fd:123
D/TileRenderer(  317): glEndTilingQCOM: 0x502
D/TileRenderer(  317): glEndTilingQCOM: 0x502
D/TileRenderer(  317): glEndTilingQCOM: 0x502
D/TileRenderer(  317): glEndTilingQCOM: 0x502
D/TileRenderer(  317): glEndTilingQCOM: 0x502
D/TileRenderer(  317): glEndTilingQCOM: 0x502
D/TileRenderer(  317): glEndTilingQCOM: 0x502
D/TileRenderer(  317): glEndTilingQCOM: 0x502
D/TileRenderer(  317): glEndTilingQCOM: 0x502
D/TileRenderer(  317): glEndTilingQCOM: 0x502
D/TileRenderer(  317): glEndTilingQCOM: 0x502
D/TileRenderer(  317): glEndTilingQCOM: 0x502
D/MP-Decision(  753): DOWN Ns:2.100000 Ts:270 rq:0.000000 seq:297 (Up time:449)
D/WifiStateMachine(  235): fetchRssiAndLinkSpeedNative send RSSIChange intent, newSignalLevel =2mLastSignalLevel = 1
D/WifiStateMachine(  235): fetchRssiAndLinkSpeedNative send RSSIChange intent, SameSignalLevelCount =1
D/PowerManagerService(  235): New lightsensor value:10, lcdValue:56
D/PowerManagerService(  235): lightSensorChangedLocked, buttonValue >= 0, mPowerState = 3
D/WifiStateMachine(  235): fetchRssiAndLinkSpeedNative send RSSIChange intent, SameSignalLevelCount =2
W/ActivityManager(  235): Activity destroy timeout for ActivityRecord{4110a5c8 ie.gannon.shane/.MainActivity}
D/WifiStateMachine(  235): fetchRssiAndLinkSpeedNative send RSSIChange intent, newSignalLevel =1mLastSignalLevel = 2
D/WifiStateMachine(  235): fetchRssiAndLinkSpeedNative send RSSIChange intent, newSignalLevel =2mLastSignalLevel = 1
D/WifiStateMachine(  235): fetchRssiAndLinkSpeedNative send RSSIChange intent, SameSignalLevelCount =1
D/WifiStateMachine(  235): fetchRssiAndLinkSpeedNative send RSSIChange intent, SameSignalLevelCount =2
D/BatteryService(  235): updateBatteryStats ======================================
I/BATT_ALG(  126): batt_alg_overtemp_check:temp:301, isOver_temp:0
I/BATT_ALG(  126): vol=3861;curr=325;dis_curr=0;temp=301;id=3;level=14;chg_src=1;chg_en=1;ov_chg=0;isOver_temp=0;timer=60;safety_count=2160
D/BatteryService(  235): UEvent updateBatteryStats
D/HtcPowerSaver(  235): Recived battery changed intent.
D/UsbnetService(  235): BroadcastReceiver::onReceive+
D/UsbnetService(  235): onReceive BATTERY_CHANGED
D/UsbnetService(  235):  --> pluggedType = 2, mPluggedType = 0, mScreenOff = false
D/UsbnetService(  235): BroadcastReceiver::onReceive-
D/HtcPowerSaver(  235): Checking...
I/HtcPowerSaver(  235): >> updateStatus
D/WifiService(  235): ACTION_BATTERY_CHANGED pluggedType: 2
D/NotificationService(  235): mIntentReceiver() Intent.ACTION_BATTERY_CHANGED
D/PowerManagerService(  235): runHtcPowerSaverCheck ======================================
D/HtcPowerSaver(  235): notifyUser: Unknown Status
I/HtcPowerSaver(  235): currentStatus=8000, currentLevel=14, enableLevel=20, enable=false, popDialog=false, statusChangeTo=-1
I/HtcPowerSaver(  235): << updateStatus
D/PackageManager(  235): Failed to get PackageInfo!, pkg:com.htc.demoflorebooter, flags:1
D/PowerUI (  317): closing low battery warning: level=14
D/PowerUI (  317): plugged = true, health = 2, mBatteryLevel = 14, mPluggedBatteryLevel = 2, mLowBatteryWarningLevel2 = 25, mshowLowChargingWarning2 = true
D/WifiStateMachine(  235): BroadcastRSSIForIMS, newrssi =-80 , oldRssi= -79
D/WifiStateMachine(  235): fetchRssiAndLinkSpeedNative send RSSIChange intent, SameSignalLevelCount =1
D/WifiStateMachine(  235): fetchRssiAndLinkSpeedNative send RSSIChange intent, SameSignalLevelCount =2
D/WifiStateMachine(  235): BroadcastRSSIForIMS, newrssi =-81 , oldRssi= -79
D/WifiStateMachine(  235): fetchRssiAndLinkSpeedNative send RSSIChange intent, newSignalLevel =2mLastSignalLevel = 1
D/WifiStateMachine(  235): fetchRssiAndLinkSpeedNative send RSSIChange intent, SameSignalLevelCount =1
D/WifiStateMachine(  235): fetchRssiAndLinkSpeedNative send RSSIChange intent, SameSignalLevelCount =2
D/WifiStateMachine(  235): BroadcastRSSIForIMS, newrssi =-80 , oldRssi= -79
D/WifiStateMachine(  235): fetchRssiAndLinkSpeedNative send RSSIChange intent, SameSignalLevelCount =1
D/WifiStateMachine(  235): fetchRssiAndLinkSpeedNative send RSSIChange intent, SameSignalLevelCount =2
D/BatteryService(  235): updateBatteryStats ======================================
I/BATT_ALG(  126): batt_alg_overtemp_check:temp:301, isOver_temp:0
I/BATT_ALG(  126): vol=3867;curr=331;dis_curr=0;temp=301;id=3;level=14;chg_src=1;chg_en=1;ov_chg=0;isOver_temp=0;timer=60;safety_count=2220
D/BatteryService(  235): UEvent updateBatteryStats
D/HtcPowerSaver(  235): Recived battery changed intent.
D/UsbnetService(  235): BroadcastReceiver::onReceive+
D/UsbnetService(  235): onReceive BATTERY_CHANGED
D/UsbnetService(  235):  --> pluggedType = 2, mPluggedType = 0, mScreenOff = false
D/UsbnetService(  235): BroadcastReceiver::onReceive-
D/HtcPowerSaver(  235): Checking...
I/HtcPowerSaver(  235): >> updateStatus
D/WifiService(  235): ACTION_BATTERY_CHANGED pluggedType: 2
D/NotificationService(  235): mIntentReceiver() Intent.ACTION_BATTERY_CHANGED
D/PowerManagerService(  235): runHtcPowerSaverCheck ======================================
D/HtcPowerSaver(  235): notifyUser: Unknown Status
I/HtcPowerSaver(  235): currentStatus=8000, currentLevel=14, enableLevel=20, enable=false, popDialog=false, statusChangeTo=-1
I/HtcPowerSaver(  235): << updateStatus
D/PowerUI (  317): closing low battery warning: level=14
D/PowerUI (  317): plugged = true, health = 2, mBatteryLevel = 14, mPluggedBatteryLevel = 2, mLowBatteryWarningLevel2 = 25, mshowLowChargingWarning2 = true
D/PackageManager(  235): Failed to get PackageInfo!, pkg:com.htc.demoflorebooter, flags:1
D/AndroidRuntime( 5268): 
D/AndroidRuntime( 5268): >>>>>> AndroidRuntime START com.android.internal.os.RuntimeInit <<<<<<
D/AndroidRuntime( 5268): CheckJNI is OFF
D/AndroidRuntime( 5268): Calling main entry com.android.commands.pm.Pm
W/ActivityManager(  235): No content provider found for permission revoke: file:///data/local/tmp/1stLesson-debug-unaligned.apk
W/ActivityManager(  235): No content provider found for permission revoke: file:///data/local/tmp/1stLesson-debug-unaligned.apk
D/dalvikvm(  235): GC_CONCURRENT freed 1636K, 47% free 11059K/20643K, paused 4ms+9ms
I/PackageManager(  235): Removing non-system package:ie.gannon.shane
I/ActivityManager(  235): Force stopping package ie.gannon.shane uid=10122
I/PackageManager(  235): Running dexopt on: ie.gannon.shane
I/PackageManager(  235): Package ie.gannon.shane codePath changed from /data/app/ie.gannon.shane-2.apk to /data/app/ie.gannon.shane-1.apk; Retaining data and using new
D/dalvikvm( 5280): DexOpt: load 59ms, verify+opt 234ms
I/ActivityManager(  235): Force stopping package ie.gannon.shane uid=10122
W/PackageManager(  235): Code path for pkg : ie.gannon.shane changing from /data/app/ie.gannon.shane-2.apk to /data/app/ie.gannon.shane-1.apk
W/PackageManager(  235): Resource path for pkg : ie.gannon.shane changing from /data/app/ie.gannon.shane-2.apk to /data/app/ie.gannon.shane-1.apk
D/PackageManager(  235): [embedded] New package installed in /data/app/ie.gannon.shane-1.apk
I/ActivityManager(  235): Force stopping package ie.gannon.shane uid=10122
D/dalvikvm(  372): GC_EXPLICIT freed 114K, 48% free 7168K/13667K, paused 2ms+4ms
D/dalvikvm(  453): GC_EXPLICIT freed 465K, 24% free 4440K/5795K, paused 2ms+2ms
D/PhoneApp(  441): -- PackageChangeBroadcastReceiver  action = android.intent.action.PACKAGE_REMOVED
D/HtcWidgetScanner( 5033): onReceive +
D/HtcWidgetScanner( 5033): onReceive with action: android.intent.action.PACKAGE_REMOVED
D/HtcWidgetScanner( 5033): onReceive -
D/HtcWidgetScannerService( 5033): onHandleIntent +
D/HtcWidgetScannerService( 5033): onReceiveInternal +
D/HtcWidgetScannerService( 5033): packageUid - 10122
D/HtcWidgetScannerService( 5033): action - android.intent.action.PACKAGE_REMOVED
D/FxWidgetScanner( 5033): create
D/FxWidgetScanner( 5033): onHandleIntent remove
D/FxWidgetScanner( 5033): provider ie.gannon.shane
D/FxWidgetScanner( 5033): removeFxWidgetList
D/FxWidgetScanner( 5033): delete 0
I/ActivityManager(  235): Start proc com.android.keychain for broadcast com.android.keychain/.KeyChainBroadcastReceiver: pid=5283 uid=1000 gids={1015, 3002, 3001, 3003, 5001, 5003, 3007, 3006, 2001, 1007}
D/MP-Decision(  753): UP Nw:2.700000 Tw:180 rq:7.900000 seq:198
D/AccountTypeManager( 1101): Registering external account type=com.htc.htctwitter, packageName=com.htc.htctwitter
D/dalvikvm(  235): GC_EXPLICIT freed 1001K, 47% free 10975K/20643K, paused 4ms+11ms
D/AccountTypeManager( 1101): Registering external account type=com.facebook.auth.login, packageName=com.facebook.katana
W/ResourceType( 1101): getEntry failing because entryIndex 326 is beyond type entryCount 117
W/ResourceType( 1101): Failure getting entry for 0x7f020146 (t=1 e=326) in package 0 (error -2147483647)
D/AccountTypeManager( 1101): Registering external account type=com.hotmail.Z7.eas, packageName=com.hotmail.Z7
D/AccountTypeManager( 1101): Registering 1 extension packages
E/ExternalAccountType( 1101): Unsupported attribute readOnly
D/AccountTypeManager( 1101): Registering extension package account type=com.google, dataSet=plus, packageName=com.google.android.apps.plus
D/PackageManager(  235): generateServicesMap(android.accounts.AccountAuthenticator): 17 services unchanged
I/AccountTypeManager( 1101): Loaded meta-data for 8 account types, 3 accounts in 221ms(wall) 29ms(cpu)
W/PackageManager(  235): Unable to load service info ResolveInfo{4150b2a8 com.htc.socialnetwork.facebook.remote.FacebookSyncService p=0 o=0 m=0x108000}
W/PackageManager(  235): org.xmlpull.v1.XmlPullParserException: No android.content.SyncAdapter meta-data
W/PackageManager(  235): 	at android.content.pm.RegisteredServicesCache.parseServiceInfo(RegisteredServicesCache.java:380)
W/PackageManager(  235): 	at android.content.pm.RegisteredServicesCache.generateServicesMap(RegisteredServicesCache.java:261)
W/PackageManager(  235): 	at android.content.pm.RegisteredServicesCache$1.onReceive(RegisteredServicesCache.java:110)
W/PackageManager(  235): 	at android.app.LoadedApk$ReceiverDispatcher$Args.run(LoadedApk.java:781)
W/PackageManager(  235): 	at android.os.Handler.handleCallback(Handler.java:605)
W/PackageManager(  235): 	at android.os.Handler.dispatchMessage(Handler.java:92)
W/PackageManager(  235): 	at android.os.Looper.loop(Looper.java:154)
W/PackageManager(  235): 	at com.android.server.ServerThread.run(SystemServer.java:914)
D/PhoneApp(  441): -- PackageChangeBroadcastReceiver  action = android.intent.action.PACKAGE_ADDED
D/SqliteDatabaseCpp( 5283): dbopen(): path = /data/data/com.android.keychain/databases , key = cvYjtw, flag = 6, file size = 5120
D/SqliteDatabaseCpp( 5283): dbopen(): path = /data/data/com.android.keychain/databases , key = cvYjtw, mode: truncate, disk free size: 910 M, handle: 0xf94970
D/PackageManager(  235): generateServicesMap(android.content.SyncAdapter): 38 services unchanged
D/HtcWidgetScannerService( 5033): onReceiveInternal -
D/HtcWidgetScannerService( 5033): onHandleIntent -
D/BackupManagerService(  235): Received broadcast Intent { act=android.intent.action.PACKAGE_REMOVED dat=package:ie.gannon.shane flg=0x10000010 (has extras) }
D/AccountTypeManager( 1101): Registering external account type=com.htc.htctwitter, packageName=com.htc.htctwitter
D/PackageManager(  235): generateServicesMap(android.accounts.AccountAuthenticator): 17 services unchanged
I/RegisterService( 4483): android.intent.action.PACKAGE_REMOVED package:ie.gannon.shane
W/PackageManager(  235): Unable to load service info ResolveInfo{40f7d7c0 com.htc.socialnetwork.facebook.remote.FacebookSyncService p=0 o=0 m=0x108000}
W/PackageManager(  235): org.xmlpull.v1.XmlPullParserException: No android.content.SyncAdapter meta-data
