E/AndroidRuntime(14321): Caused by: android.content.ActivityNotFoundException: Unable to find explicit activity class {ie.gannon.shane/ie.gannon.shane.DisplayMessageActivity}; have you declared this activity in your AndroidManifest.xml?
E/AndroidRuntime(14321): 	at android.app.Instrumentation.checkStartActivityResult(Instrumentation.java:1634)
E/AndroidRuntime(14321): 	at android.app.Instrumentation.execStartActivity(Instrumentation.java:1510)
E/AndroidRuntime(14321): 	at android.app.Activity.startActivityForResult(Activity.java:3251)
E/AndroidRuntime(14321): 	at android.app.Activity.startActivity(Activity.java:3358)
E/AndroidRuntime(14321): 	at ie.gannon.shane.MainActivity.sendMessage(MainActivity.java:28)
E/AndroidRuntime(14321): 	... 14 more
E/EmbeddedLogger(  231): App crashed! Process: ie.gannon.shane
E/EmbeddedLogger(  231): App crashed! Package: ie.gannon.shane v1 (1.0)
E/EmbeddedLogger(  231): Application Label: MainActivity
W/ActivityManager(  231):   Force finishing activity ie.gannon.shane/.MainActivity
D/ViewRootImpl(  231): @@@- disable SystemServer HW acceleration
D/memalloc(  110): /dev/pmem: Allocated buffer base:0x4213d000 size:368640 offset:16084992 fd:77
D/memalloc(  231): /dev/pmem: Mapped buffer base:0x5a47f000 size:16453632 offset:16084992 fd:320
W/ActivityManager(  231): Activity pause timeout for ActivityRecord{4138e0d8 ie.gannon.shane/.MainActivity}
D/SensorService(  231): disable: get sensor name = MPL accel
D/Sensors (  231): handle : 4 en: 0, v010.0 - Try to resolve lock issue
D/Sensors (  231): lock_status = 4
D/Sensors (  231): Andy: MPLSensor::enable: lock1
W/MPL-sup (  231): MLGetAKMComassStatus, gAKMCompassStatus = 0
D/Sensors (  231): mEnabled = 0x0
D/Sensors (  231): set_power_states++: enabled_sensors: 0 dmp_started: 1
D/Sensors (  231): Before if statment: cs:0 rs:0 en_ped:0 da_ped:0 en_g:0 da_g:0
D/Sensors (  231): Stopping DMP
I/        (  231): mpu3050_suspend: suspending sensors to 0000
I/        (  231): mpu3050_suspend: Will resume next to 0070
D/Sensors (  231): inside if(s_use_timerirq)
D/ConnectivityService(  231): onUidRulesChanged(uid=9999, uidRules=0)
D/Sensors (  231): set_power_states--
D/Sensors (  231): Andy: MPLSensor::enable: unlock1
D/Sensors (  231): MPLSensor::enable--1
D/SensorService(  231): SensorDevice::activate--: handle = 0x4, enabled = 0x0
D/SensorService(  231): pid=231, uid=1000
D/ActivityManager(  231): Config after re-evaluted by window manager: null
I/CarouselTimeLog(  371): onStart() finish: 1377363348919
D/CarouselDummyActivity(  371): CarouselDummyActivity.onResume: tab_allapps
D/CAT     (  433): CatService: Return current sInstance
D/memalloc(  110): /dev/pmem: Allocated buffer base:0x4213d000 size:2088960 offset:19124224 fd:80
D/memalloc(  371): /dev/pmem: Mapped buffer base:0x59d85000 size:21213184 offset:19124224 fd:87
D/memalloc(  110): /dev/pmem: Allocated buffer base:0x4213d000 size:2088960 offset:21213184 fd:83
D/memalloc(  371): /dev/pmem: Mapped buffer base:0x5b1c0000 size:23302144 offset:21213184 fd:102
D/memalloc(  110): /dev/pmem: Allocated buffer base:0x4213d000 size:2088960 offset:23302144 fd:86
D/memalloc(  371): /dev/pmem: Mapped buffer base:0x5cf96000 size:25391104 offset:23302144 fd:108
E/memalloc(  110): /dev/pmem: No more pmem available
W/memalloc(  110): Falling back to ashmem
D/memalloc(  371): map_buffer: Successfully mapped 2088960 bytes
E/Adreno200-ES20(  371): <process_gl_state_enables:456>: GL_INVALID_ENUM
D/CarouselWidget(  371): onLayout()
E/memalloc(  110): /dev/pmem: No more pmem available
W/memalloc(  110): Falling back to ashmem
D/memalloc(  371): map_buffer: Successfully mapped 2088960 bytes
V/WindowManager(  231): Starting animation in AppWindowToken{41248438 token=Token{40da1268 ActivityRecord{4115c8c8 com.htc.launcher/.Launcher}}} @ 6119131862
V/WindowManager(  231): Finished animation in AppWindowToken{41248438 token=Token{40da1268 ActivityRecord{4115c8c8 com.htc.launcher/.Launcher}}} @ 6119131862
V/WindowManager(  231): Starting animation in AppWindowToken{41640bb0 token=Token{4138e200 ActivityRecord{4138e0d8 ie.gannon.shane/.MainActivity}}} @ 6119131862
D/ActivityManager(  231): destroyActivityLocked, r=ActivityRecord{4138e0d8 ie.gannon.shane/.MainActivity}
V/ActivityManager(  231): destroyActivityLocked, dalvik.system.VMStack.getThreadStackTrace(Native Method)
V/ActivityManager(  231): destroyActivityLocked, java.lang.Thread.getStackTrace(Thread.java:599)
V/ActivityManager(  231): destroyActivityLocked, com.android.server.am.ActivityStack.destroyActivityLocked(ActivityStack.java:3754)
V/ActivityManager(  231): destroyActivityLocked, com.android.server.am.ActivityStack.finishCurrentActivityLocked(ActivityStack.java:3621)
V/ActivityManager(  231): destroyActivityLocked, com.android.server.am.ActivityStack.finishCurrentActivityLocked(ActivityStack.java:3578)
V/ActivityManager(  231): destroyActivityLocked, com.android.server.am.ActivityStack.activityIdleInternal(ActivityStack.java:3410)
V/ActivityManager(  231): destroyActivityLocked, com.android.server.am.ActivityManagerService.activityIdle(ActivityManagerService.java:4313)
V/ActivityManager(  231): destroyActivityLocked, android.app.ActivityManagerNative.onTransact(ActivityManagerNative.java:362)
V/ActivityManager(  231): destroyActivityLocked, com.android.server.am.ActivityManagerService.onTransact(ActivityManagerService.java:1699)
V/ActivityManager(  231): destroyActivityLocked, android.os.Binder.execTransact(Binder.java:338)
V/ActivityManager(  231): destroyActivityLocked, dalvik.system.NativeStart.run(Native Method)
D/ConnectivityService(  231): onUidRulesChanged(uid=10122, uidRules=0)
D/Process (  231): killProcessQuiet, pid=16610
D/Process (  231): dalvik.system.VMStack.getThreadStackTrace(Native Method)
D/Process (  231): java.lang.Thread.getStackTrace(Thread.java:599)
D/Process (  231): android.os.Process.killProcessQuiet(Process.java:820)
D/Process (  231): com.android.server.am.ActivityManagerService.updateOomAdjLocked(ActivityManagerService.java:15198)
D/Process (  231): com.android.server.am.ActivityManagerService.updateLruProcessInternalLocked(ActivityManagerService.java:1937)
D/Process (  231): com.android.server.am.ActivityManagerService.updateLruProcessLocked(ActivityManagerService.java:1944)
D/Process (  231): com.android.server.am.ActivityStack.destroyActivityLocked(ActivityStack.java:3786)
D/Process (  231): com.android.server.am.ActivityStack.finishCurrentActivityLocked(ActivityStack.java:3621)
D/Process (  231): com.android.server.am.ActivityStack.finishCurrentActivityLocked(ActivityStack.java:3578)
D/Process (  231): com.android.server.am.ActivityStack.activityIdleInternal(ActivityStack.java:3410)
D/Process (  231): com.android.server.am.ActivityManagerService.activityIdle(ActivityManagerService.java:4313)
D/Process (  231): android.app.ActivityManagerNative.onTransact(ActivityManagerNative.java:362)
D/Process (  231): com.android.server.am.ActivityManagerService.onTransact(ActivityManagerService.java:1699)
D/Process (  231): android.os.Binder.execTransact(Binder.java:338)
D/Process (  231): dalvik.system.NativeStart.run(Native Method)
I/ActivityManager(  231): No longer want com.google.android.apps.plus (pid 16610): hidden #16, adj=14
W/ContentService(  231): binderDied() at ObserverNode name fs_id
W/ContentService(  231): binderDied() at ObserverNode name fs_id
W/ContentService(  231): binderDied() at ObserverNode name media
W/ContentService(  231): binderDied() at ObserverNode name media
W/ContentService(  231): binderDied() at ObserverNode name media
W/ContentService(  231): binderDied() at ObserverNode name media
W/ContentService(  231): binderDied() at ObserverNode name media
W/ContentService(  231): binderDied() at ObserverNode name media
W/ContentService(  231): binderDied() at ObserverNode name font_scale
W/ContentService(  231): binderDied() at ObserverNode name font_scale
D/memalloc(  110): /dev/pmem: Allocated buffer base:0x4213d000 size:368640 offset:16453632 fd:95
D/memalloc(  231): /dev/pmem: Mapped buffer base:0x5b430000 size:16822272 offset:16453632 fd:323
V/WindowManager(  231): Finished animation in AppWindowToken{41640bb0 token=Token{4138e200 ActivityRecord{4138e0d8 ie.gannon.shane/.MainActivity}}} @ 6119132294
I/ActivityManager(  231): Start proc com.google.android.apps.maps:GoogleLocationService for service com.google.android.apps.maps/com.google.android.location.internal.server.GoogleLocationService: pid=14348 uid=10021 gids={3003, 1015}
D/Socket_Alarm(14348): registerHTCSocketMonitorCallBack
D/Socket_Alarm(14348): set mSocketMonitor
D/Socket_Alarm(14348): HTCSocketMonitorImpl::HTCSocketMonitorImpl
W/SubtypeSwitcher(  418): Current subtype: en_US, keyboard
W/SubtypeSwitcher(  418): Last subtype was disabled. Update to the current one.
E/AbstractCompatWrapper(  418): Invalid input to AbstructCompatWrapper
E/CompatUtils(  418): Exception in invoke: NullPointerException
W/SubtypeSwitcher(  418): Update subtype to:en_US,keyboard, from: en_US, keyboard
D/SubtypeSwitcher(  418): Update shortcut IME from : com.google.android.voicesearch/.ime.VoiceInputMethodService, , voice
D/SubtypeSwitcher(  418): Update shortcut IME to : com.google.android.voicesearch/.ime.VoiceInputMethodService, , voice
I/HTCIMEService(  418): fetch result: 8.5
I/HTCIMEService(  418): fetch result: 8.5
I/XT9_C   (  418): [loadDefaultDB] xt9_raw/ldb_0409.ldb size=304198 (loaded)
I/XT9_C   (  418): [registerXT9LDB] ldb_0409.ldb loading [done]
D/XT9_C   (  418): [registerXT9LDB] current LdbNum=109, First LdbNum=109, Second LdbNum=0
I/XT9_C   (  418): [loadDefaultDB] xt9_raw/kbd_0d09.kbd size=22284 (loaded)
I/HTCIMMView(  418): [FixedWCL] adjustWCLHeight height:65
D/Process (14321): killProcess, pid=14321
D/Process (14321): dalvik.system.VMStack.getThreadStackTrace(Native Method)
D/MP-Decision(  687): UP Nw:2.700000 Tw:180 rq:5.400000 seq:199
D/Process (14321): java.lang.Thread.getStackTrace(Thread.java:599)
D/Process (14321): android.os.Process.killProcess(Process.java:790)
D/Process (14321): com.android.internal.os.RuntimeInit$UncaughtHandler.uncaughtException(RuntimeInit.java:104)
D/dalvikvm(  418): GC_EXPLICIT freed 127K, 51% free 5771K/11619K, paused 2ms+3ms
D/Process (14321): java.lang.ThreadGroup.uncaughtException(ThreadGroup.java:693)
D/Process (14321): java.lang.ThreadGroup.uncaughtException(ThreadGroup.java:690)
D/lights  (  231): [LedInfo] write attr ok name=/sys/class/leds/amber/brightness string=0,len=1
D/Process (14321): dalvik.system.NativeStart.main(Native Method)
I/Process (14321): Sending signal. PID: 14321 SIG: 9
D/lights  (  231): [LedInfo] write attr ok name=/sys/class/leds/amber/blink string=0,len=1
D/lights  (  231): [LedInfo] write attr ok name=/sys/class/leds/amber/off_timer string=0 0,len=3
D/lights  (  231): [LedInfo] write attr ok name=/sys/class/leds/green/brightness string=1,len=1
D/lights  (  231): [LedInfo] write attr ok name=/sys/class/leds/green/blink string=0,len=1
D/lights  (  231): [LedInfo] write attr ok name=/sys/class/leds/green/off_timer string=0 0,len=3
V/NotificationService(  231): Battery Full, Charging
I/WindowManager(  231): WIN DEATH: Window{4158d120 ie.gannon.shane/ie.gannon.shane.MainActivity paused=false}
D/memalloc(  110): /dev/pmem: Freeing buffer base:0x42ade000 size:2088960 offset:10096640 fd:40
D/memalloc(  110): /dev/pmem: Freeing buffer base:0x4213d000 size:2088960 offset:0 fd:61
D/NotificationService(  231): cancelNotification, ACTION_NOTIFICATION_REMOVE,pkg=android,id=17040407
I/ActivityManager(  231): Process ie.gannon.shane (pid 14321) has died.
D/memalloc(  110): /dev/pmem: Freeing buffer base:0x42e96000 size:2088960 offset:13996032 fd:58
D/memalloc(  110): /dev/pmem: Freeing buffer base:0x4403b000 size:974848 offset:32497664 fd:65
D/memalloc(  231): /dev/pmem: Unmapping buffer base:0x5b430000 size:16822272 offset:16453632
D/memalloc(  110): /dev/pmem: Freeing buffer base:0x430ee000 size:368640 offset:16453632 fd:95
D/memalloc(  231): /dev/pmem: Unmapping buffer base:0x5a47f000 size:16453632 offset:16084992
D/memalloc(  418): /dev/pmem: Unmapping buffer base:0x536b6000 size:33472512 offset:32497664
D/memalloc(  110): /dev/pmem: Freeing buffer base:0x4233b000 size:974848 offset:2088960 fd:68
D/memalloc(  418): /dev/pmem: Unmapping buffer base:0x52a29000 size:3063808 offset:2088960
D/memalloc(  110): /dev/pmem: Freeing buffer base:0x43094000 size:368640 offset:16084992 fd:77
D/memalloc(  418): /dev/pmem: Unmapping buffer base:0x52d15000 size:3629056 offset:3420160
D/memalloc(  110): /dev/pmem: Freeing buffer base:0x42480000 size:208896 offset:3420160 fd:71
D/memalloc(  418): /dev/pmem: Unmapping buffer base:0x5315a000 size:3420160 offset:3211264
D/memalloc(  110): /dev/pmem: Freeing buffer base:0x4244d000 size:208896 offset:3211264 fd:74
D/CarouselWidget(  371): onLayout()
D/TileRenderer(  315): glEndTilingQCOM: 0x502
D/TileRenderer(  315): glEndTilingQCOM: 0x502
D/TileRenderer(  315): glEndTilingQCOM: 0x502
D/TileRenderer(  315): glEndTilingQCOM: 0x502
D/memalloc(  110): /dev/pmem: Allocated buffer base:0x4213d000 size:2088960 offset:10096640 fd:40
D/memalloc(  371): /dev/pmem: Mapped buffer base:0x5e7cd000 size:12185600 offset:10096640 fd:121
D/TileRenderer(  315): glEndTilingQCOM: 0x502
D/TileRenderer(  315): glEndTilingQCOM: 0x502
D/TileRenderer(  315): glEndTilingQCOM: 0x502
D/TileRenderer(  315): glEndTilingQCOM: 0x502
D/TileRenderer(  315): glEndTilingQCOM: 0x502
D/TileRenderer(  315): glEndTilingQCOM: 0x502
V/LocationManagerService(  231): getAllProviders
D/TileRenderer(  315): glEndTilingQCOM: 0x502
D/TileRenderer(  315): glEndTilingQCOM: 0x502
D/TileRenderer(  315): glEndTilingQCOM: 0x502
D/TileRenderer(  315): glEndTilingQCOM: 0x502
D/dalvikvm(14348): GC_CONCURRENT freed 955K, 23% free 3667K/4707K, paused 2ms+2ms
V/LocationManagerService(  231): requestLocationUpdates
V/LocationManagerService(  231): _requestLocationUpdates: listener = Receiver{412e9078 Listener android.os.BinderProxy@412ead30}mUpdateRecords: {}
V/LocationManagerService(  231): requestLocationUpdatesLocked: updateProvidersLocked
V/LocationManagerService(  231): _requestLocationUpdates: provider = passive listener = Receiver{412e9078 Listener android.os.BinderProxy@412ead30}mUpdateRecords: {passive=UpdateRecord{412d53d8 mProvider: passive mUid: 10021}}
D/WifiService(  231): acquireWifiLockLocked: WifiLock{NetworkLocationLocator type=2 binder=android.os.BinderProxy@41122848}
D/WifiService(  231): updateWifiState(): disable hotspot
D/WifiService(  231): updateWifiState(): disable wifi
D/MP-Decision(  687): DOWN Ns:2.100000 Ts:270 rq:2.000000 seq:287 (Up time:620)
I/PackageManager(  231):  setEnabledSetting(), pkgName=com.google.android.apps.maps, clsName=com.google.android.maps.driveabout.app.DestinationActivity, state=1, flag=1, pid=14257, uid=10021
W/ActivityManager(  231): Permission denied: checkComponentPermission() owningUid=10012
W/ActivityManager(  231): Permission Denial: broadcasting Intent { act=com.google.android.location.internal.server.ACTION_RESTARTED flg=0x10 } from com.google.android.apps.maps (pid=14348, uid=10021) is not exported from uid 10012 due to receiver com.google.android.gms/com.google.android.location.reporting.service.ExternalChangeReceiver
D/WifiService(  231): releaseWifiLockLocked: WifiLock{NetworkLocationLocator type=2 binder=android.os.BinderProxy@41122848}
D/WifiService(  231): updateWifiState(): disable hotspot
D/WifiService(  231): updateWifiState(): disable wifi
D/WifiService(  231): acquireWifiLockLocked: WifiLock{NetworkLocationCacheUpdater type=2 binder=android.os.BinderProxy@41503cb0}
D/WifiService(  231): updateWifiState(): disable hotspot
D/WifiService(  231): updateWifiState(): disable wifi
W/System.err(14348): java.net.UnknownHostException: Unable to resolve host "www.google.com": No address associated with hostname
W/System.err(14348): 	at java.net.InetAddress.lookupHostByName(InetAddress.java:436)
W/System.err(14348): 	at java.net.InetAddress.getAllByNameImpl(InetAddress.java:245)
W/System.err(14348): 	at java.net.InetAddress.getAllByName(InetAddress.java:220)
W/System.err(14348): 	at org.apache.http.impl.conn.DefaultClientConnectionOperator.openConnection(DefaultClientConnectionOperator.java:137)
W/System.err(14348): 	at org.apache.http.impl.conn.AbstractPoolEntry.open(AbstractPoolEntry.java:164)
W/System.err(14348): 	at org.apache.http.impl.conn.AbstractPooledConnAdapter.open(AbstractPooledConnAdapter.java:119)
W/System.err(14348): 	at org.apache.http.impl.client.DefaultRequestDirector.execute(DefaultRequestDirector.java:360)
W/System.err(14348): 	at org.apache.http.impl.client.AbstractHttpClient.execute(AbstractHttpClient.java:590)
W/System.err(14348): 	at org.apache.http.impl.client.AbstractHttpClient.execute(AbstractHttpClient.java:510)
W/System.err(14348): 	at android.net.http.AndroidHttpClient.execute(AndroidHttpClient.java:263)
W/System.err(14348): 	at H.a.a(SourceFile:202)
W/System.err(14348): 	at H.a.execute(SourceFile:244)
W/System.err(14348): 	at H.a.execute(SourceFile:312)
W/System.err(14348): 	at ap.c.g(SourceFile:126)
W/System.err(14348): 	at ap.c.c(SourceFile:172)
W/System.err(14348): 	at com.google.android.location.h.a.c$a.run(SourceFile:419)
W/System.err(14348): 	at com.google.android.location.h.a.c.c(SourceFile:225)
W/System.err(14348): 	at com.google.android.location.h.a.c.run(SourceFile:199)
W/System.err(14348): 	at ar.c.run(SourceFile:96)
W/System.err(14348): Caused by: libcore.io.GaiException: getaddrinfo failed: EAI_NODATA (No address associated with hostname)
W/System.err(14348): 	at libcore.io.Posix.getaddrinfo(Native Method)
W/System.err(14348): 	at libcore.io.ForwardingOs.getaddrinfo(ForwardingOs.java:55)
W/System.err(14348): 	at java.net.InetAddress.lookupHostByName(InetAddress.java:421)
W/System.err(14348): 	... 18 more
D/WifiService(  231): releaseWifiLockLocked: WifiLock{NetworkLocationCacheUpdater type=2 binder=android.os.BinderProxy@41503cb0}
D/WifiService(  231): updateWifiState(): disable hotspot
D/WifiService(  231): updateWifiState(): disable wifi
D/PowerManagerService(  231): New lightsensor value:225, lcdValue:117
W/ActivityManager(  231): Activity destroy timeout for ActivityRecord{4138e0d8 ie.gannon.shane/.MainActivity}
D/BatteryService(  231): updateBatteryStats ======================================
I/BATT_ALG(  125): batt_alg_timer_handle batt_alg->ischargingfull = TRUE, fullcharge:2400000
I/BATT_ALG(  125): vol=4218;curr=28;dis_curr=0;temp=257;id=3;level=100;chg_src=1;chg_en=1;ov_chg=0;isOver_temp=0;timer=60;safety_count=2400
D/BatteryService(  231): UEvent updateBatteryStats
D/HtcPowerSaver(  231): Recived battery changed intent.
D/UsbnetService(  231): BroadcastReceiver::onReceive+
D/UsbnetService(  231): onReceive BATTERY_CHANGED
D/UsbnetService(  231):  --> pluggedType = 2, mPluggedType = 0, mScreenOff = false
D/UsbnetService(  231): BroadcastReceiver::onReceive-
D/HtcPowerSaver(  231): Checking...
I/HtcPowerSaver(  231): >> updateStatus
D/HtcPowerSaver(  231): notifyUser: Unknown Status
I/HtcPowerSaver(  231): currentStatus=8000, currentLevel=100, enableLevel=20, enable=false, popDialog=false, statusChangeTo=-1
I/HtcPowerSaver(  231): << updateStatus
D/NotificationService(  231): mIntentReceiver() Intent.ACTION_BATTERY_CHANGED
D/PowerManagerService(  231): runHtcPowerSaverCheck ======================================
D/PowerUI (  315): closing low battery warning: level=100
D/PowerUI (  315): plugged = true, health = 2, mBatteryLevel = 100, mPluggedBatteryLevel = 100, mLowBatteryWarningLevel2 = 25, mshowLowChargingWarning2 = true
D/PackageManager(  231): Failed to get PackageInfo!, pkg:com.htc.demoflorebooter, flags:1
D/BatteryService(  231): updateBatteryStats ======================================
I/BATT_ALG(  125): batt_alg_timer_handle batt_alg->ischargingfull = TRUE, fullcharge:2460000
I/BATT_ALG(  125): vol=4218;curr=26;dis_curr=0;temp=259;id=3;level=100;chg_src=1;chg_en=1;ov_chg=0;isOver_temp=0;timer=60;safety_count=2460
D/BatteryService(  231): UEvent updateBatteryStats
D/HtcPowerSaver(  231): Recived battery changed intent.
D/UsbnetService(  231): BroadcastReceiver::onReceive+
D/UsbnetService(  231): onReceive BATTERY_CHANGED
D/UsbnetService(  231):  --> pluggedType = 2, mPluggedType = 0, mScreenOff = false
D/UsbnetService(  231): BroadcastReceiver::onReceive-
D/HtcPowerSaver(  231): Checking...
I/HtcPowerSaver(  231): >> updateStatus
D/HtcPowerSaver(  231): notifyUser: Unknown Status
D/NotificationService(  231): mIntentReceiver() Intent.ACTION_BATTERY_CHANGED
D/PowerManagerService(  231): runHtcPowerSaverCheck ======================================
I/HtcPowerSaver(  231): currentStatus=8000, currentLevel=100, enableLevel=20, enable=false, popDialog=false, statusChangeTo=-1
I/HtcPowerSaver(  231): << updateStatus
D/PowerUI (  315): closing low battery warning: level=100
D/PowerUI (  315): plugged = true, health = 2, mBatteryLevel = 100, mPluggedBatteryLevel = 100, mLowBatteryWarningLevel2 = 25, mshowLowChargingWarning2 = true
D/PackageManager(  231): Failed to get PackageInfo!, pkg:com.htc.demoflorebooter, flags:1
D/BatteryService(  231): updateBatteryStats ======================================
I/BATT_ALG(  125): batt_alg_timer_handle batt_alg->ischargingfull = TRUE, fullcharge:2520000
I/BATT_ALG(  125): vol=4218;curr=26;dis_curr=0;temp=261;id=3;level=100;chg_src=1;chg_en=1;ov_chg=0;isOver_temp=0;timer=60;safety_count=2520
D/BatteryService(  231): UEvent updateBatteryStats
D/HtcPowerSaver(  231): Recived battery changed intent.
D/UsbnetService(  231): BroadcastReceiver::onReceive+
D/UsbnetService(  231): onReceive BATTERY_CHANGED
D/UsbnetService(  231):  --> pluggedType = 2, mPluggedType = 0, mScreenOff = false
D/UsbnetService(  231): BroadcastReceiver::onReceive-
D/HtcPowerSaver(  231): Checking...
I/HtcPowerSaver(  231): >> updateStatus
D/NotificationService(  231): mIntentReceiver() Intent.ACTION_BATTERY_CHANGED
D/PowerManagerService(  231): runHtcPowerSaverCheck ======================================
D/HtcPowerSaver(  231): notifyUser: Unknown Status
I/HtcPowerSaver(  231): currentStatus=8000, currentLevel=100, enableLevel=20, enable=false, popDialog=false, statusChangeTo=-1
I/HtcPowerSaver(  231): << updateStatus
D/PowerUI (  315): closing low battery warning: level=100
D/PowerUI (  315): plugged = true, health = 2, mBatteryLevel = 100, mPluggedBatteryLevel = 100, mLowBatteryWarningLevel2 = 25, mshowLowChargingWarning2 = true
D/PackageManager(  231): Failed to get PackageInfo!, pkg:com.htc.demoflorebooter, flags:1
D/PowerManagerService(  231): New lightsensor value:320, lcdValue:142
D/PowerManagerService(  231): lightSensorChangedLocked, buttonValue >= 0, mPowerState = 3
I/ActivityManager(  231): START intent from pid 371
D/ViewRootImpl(  231): @@@- disable SystemServer HW acceleration
D/CAT     (  433): CatService: Return current sInstance
D/dalvikvm(14418): Late-enabling CheckJNI
D/memalloc(  110): /dev/pmem: Allocated buffer base:0x4213d000 size:2088960 offset:13996032 fd:58
D/memalloc(  231): /dev/pmem: Mapped buffer base:0x5a47f000 size:16084992 offset:13996032 fd:309
I/ActivityManager(  231): Start proc ie.gannon.shane for activity ie.gannon.shane/.MainActivity: pid=14418 uid=10122 gids={}
D/MP-Decision(  687): UP Nw:2.700000 Tw:180 rq:4.700000 seq:198
D/SensorManager(  231): [SensorManager] registerListener: delay = 200000
D/SensorService(  231): enable: get sensor name = MPL accel
D/Sensors (  231): handle : 4 en: 1, v010.0 - Try to resolve lock issue
D/Sensors (  231): lock_status = 2
D/Sensors (  231): Andy: MPLSensor::enable: lock1
D/Sensors (  231): mEnabled = 0x10
D/Sensors (  231): set_power_states++: enabled_sensors: 16 dmp_started: 0
D/Sensors (  231): Before if statment: cs:0 rs:1 en_ped:0 da_ped:0 en_g:0 da_g:0
D/Sensors (  231): STOP timerirq_1
D/Sensors (  231): Starting DMP
I/        (  231): mpu3050_resume: Resuming to 0070
D/Sensors (  231): Exit: Starting DMP
D/Sensors (  231): set_power_states--
D/Sensors (  231): Andy: MPLSensor::enable: unlock1
D/Sensors (  231): MPLSensor::enable--1
D/SensorService(  231): SensorDevice::activate--: handle = 0x4, enabled = 0x1
D/SensorService(  231): pid=231, uid=1000
D/ConnectivityService(  231): onUidRulesChanged(uid=10122, uidRules=0)
V/WindowManager(  231): Starting animation in AppWindowToken{41248438 token=Token{40da1268 ActivityRecord{4115c8c8 com.htc.launcher/.Launcher}}} @ 6119318870
V/WindowManager(  231): Finished animation in AppWindowToken{41248438 token=Token{40da1268 ActivityRecord{4115c8c8 com.htc.launcher/.Launcher}}} @ 6119318870
V/WindowManager(  231): Starting animation in AppWindowToken{41b32860 token=Token{41494340 ActivityRecord{410e18b8 ie.gannon.shane/.MainActivity}}} @ 6119318870
W/dalvikvm(  371): disableGcForExternalAlloc: false
D/OpenGLRenderer(  371): Flushing caches (mode 1)
D/memalloc(  371): /dev/pmem: Unmapping buffer base:0x59d85000 size:21213184 offset:19124224
D/memalloc(  371): /dev/pmem: Unmapping buffer base:0x5b1c0000 size:23302144 offset:21213184
D/memalloc(  371): /dev/pmem: Unmapping buffer base:0x5cf96000 size:25391104 offset:23302144
D/memalloc(  110): /dev/pmem: Freeing buffer base:0x43578000 size:2088960 offset:21213184 fd:83
D/memalloc(  110): /dev/pmem: Freeing buffer base:0x43776000 size:2088960 offset:23302144 fd:86
D/memalloc(  110): /dev/pmem: Freeing buffer base:0x4337a000 size:2088960 offset:19124224 fd:80
D/OpenGLRenderer(  371): Flushing caches (mode 0)
D/memalloc(  371): /dev/pmem: Unmapping buffer base:0x5e7cd000 size:12185600 offset:10096640
D/memalloc(  110): free_buffer:Freeing buffer size=2088960 base=0x44ac7000 fd=89 PID=110
D/memalloc(  110): /dev/pmem: Freeing buffer base:0x42ade000 size:2088960 offset:10096640 fd:40
D/memalloc(  110): free_buffer:Freeing buffer size=2088960 base=0x44cf9000 fd=92 PID=110
D/libEGL  (14418): loaded /system/lib/egl/libGLES_android.so
D/libEGL  (14418): loaded /system/lib/egl/libEGL_adreno200.so
D/libEGL  (14418): loaded /system/lib/egl/libGLESv1_CM_adreno200.so
D/libEGL  (14418): loaded /system/lib/egl/libGLESv2_adreno200.so
D/memalloc(  110): /dev/pmem: Allocated buffer base:0x4213d000 size:2088960 offset:10096640 fd:40
D/memalloc(14418): /dev/pmem: Mapped buffer base:0x51f40000 size:12185600 offset:10096640 fd:61
D/OpenGLRenderer(14418): Enabling debug mode 0
W/InputManagerService(  231): Starting input on non-focused client com.android.internal.view.IInputMethodClient$Stub$Proxy@40da83d0 (uid=9999 pid=371)
D/memalloc(  110): /dev/pmem: Allocated buffer base:0x4213d000 size:2088960 offset:0 fd:61
D/memalloc(14418): /dev/pmem: Mapped buffer base:0x52e0c000 size:2088960 offset:0 fd:64
I/ActivityManager(  231): Displayed ie.gannon.shane/.MainActivity: +482ms
V/WindowManager(  231): Finished animation in AppWindowToken{41b32860 token=Token{41494340 ActivityRecord{410e18b8 ie.gannon.shane/.MainActivity}}} @ 6119319298
D/OpenGLRenderer(  371): Flushing caches (mode 2)
D/ConnectivityService(  231): onUidRulesChanged(uid=9999, uidRules=0)
D/memalloc(  231): /dev/pmem: Unmapping buffer base:0x5a47f000 size:16084992 offset:13996032
D/memalloc(  110): /dev/pmem: Freeing buffer base:0x42e96000 size:2088960 offset:13996032 fd:58
D/MP-Decision(  687): DOWN Ns:2.100000 Ts:270 rq:1.600000 seq:297 (Up time:649)
D/memalloc(  110): /dev/pmem: Allocated buffer base:0x4213d000 size:2088960 offset:13996032 fd:58
D/memalloc(14418): /dev/pmem: Mapped buffer base:0x531a2000 size:16084992 offset:13996032 fd:67
I/ActivityManager(  231): START intent from pid 14418
D/AndroidRuntime(14418): Shutting down VM
W/dalvikvm(14418): threadid=1: thread exiting with uncaught exception (group=0x40aaa228)
E/AndroidRuntime(14418): FATAL EXCEPTION: main
E/AndroidRuntime(14418): java.lang.IllegalStateException: Could not execute method of the activity
E/AndroidRuntime(14418): 	at android.view.View$1.onClick(View.java:3082)
E/AndroidRuntime(14418): 	at android.view.View.performClick(View.java:3549)
E/AndroidRuntime(14418): 	at android.view.View$PerformClick.run(View.java:14400)
E/AndroidRuntime(14418): 	at android.os.Handler.handleCallback(Handler.java:605)
E/AndroidRuntime(14418): 	at android.os.Handler.dispatchMessage(Handler.java:92)
E/AndroidRuntime(14418): 	at android.os.Looper.loop(Looper.java:154)
E/AndroidRuntime(14418): 	at android.app.ActivityThread.main(ActivityThread.java:4945)
E/AndroidRuntime(14418): 	at java.lang.reflect.Method.invokeNative(Native Method)
E/AndroidRuntime(14418): 	at java.lang.reflect.Method.invoke(Method.java:511)
E/AndroidRuntime(14418): 	at com.android.internal.os.ZygoteInit$MethodAndArgsCaller.run(ZygoteInit.java:784)
E/AndroidRuntime(14418): 	at com.android.internal.os.ZygoteInit.main(ZygoteInit.java:551)
E/AndroidRuntime(14418): 	at dalvik.system.NativeStart.main(Native Method)
E/AndroidRuntime(14418): Caused by: java.lang.reflect.InvocationTargetException
E/AndroidRuntime(14418): 	at java.lang.reflect.Method.invokeNative(Native Method)
E/AndroidRuntime(14418): 	at java.lang.reflect.Method.invoke(Method.java:511)
E/AndroidRuntime(14418): 	at android.view.View$1.onClick(View.java:3077)
E/AndroidRuntime(14418): 	... 11 more
E/AndroidRuntime(14418): Caused by: android.content.ActivityNotFoundException: Unable to find explicit activity class {ie.gannon.shane/ie.gannon.shane.DisplayMessageActivity}; have you declared this activity in your AndroidManifest.xml?
E/AndroidRuntime(14418): 	at android.app.Instrumentation.checkStartActivityResult(Instrumentation.java:1634)
E/AndroidRuntime(14418): 	at android.app.Instrumentation.execStartActivity(Instrumentation.java:1510)
E/AndroidRuntime(14418): 	at android.app.Activity.startActivityForResult(Activity.java:3251)
E/AndroidRuntime(14418): 	at android.app.Activity.startActivity(Activity.java:3358)
E/AndroidRuntime(14418): 	at ie.gannon.shane.MainActivity.sendMessage(MainActivity.java:28)
E/AndroidRuntime(14418): 	... 14 more
E/EmbeddedLogger(  231): App crashed! Process: ie.gannon.shane
E/EmbeddedLogger(  231): App crashed! Package: ie.gannon.shane v1 (1.0)
E/EmbeddedLogger(  231): Application Label: MainActivity
W/ActivityManager(  231):   Force finishing activity ie.gannon.shane/.MainActivity
D/ViewRootImpl(  231): @@@- disable SystemServer HW acceleration
D/memalloc(  110): /dev/pmem: Allocated buffer base:0x4213d000 size:368640 offset:16084992 fd:65
D/memalloc(  231): /dev/pmem: Mapped buffer base:0x5a47f000 size:16453632 offset:16084992 fd:310
W/ActivityManager(  231): Activity pause timeout for ActivityRecord{410e18b8 ie.gannon.shane/.MainActivity}
D/SensorService(  231): disable: get sensor name = MPL accel
D/Sensors (  231): handle : 4 en: 0, v010.0 - Try to resolve lock issue
D/Sensors (  231): lock_status = 4
D/Sensors (  231): Andy: MPLSensor::enable: lock1
W/MPL-sup (  231): MLGetAKMComassStatus, gAKMCompassStatus = 0
D/Sensors (  231): mEnabled = 0x0
D/Sensors (  231): set_power_states++: enabled_sensors: 0 dmp_started: 1
D/Sensors (  231): Before if statment: cs:0 rs:0 en_ped:0 da_ped:0 en_g:0 da_g:0
D/Sensors (  231): Stopping DMP
D/ConnectivityService(  231): onUidRulesChanged(uid=9999, uidRules=0)
I/        (  231): mpu3050_suspend: suspending sensors to 0000
I/        (  231): mpu3050_suspend: Will resume next to 0070
D/Sensors (  231): inside if(s_use_timerirq)
D/Sensors (  231): set_power_states--
D/Sensors (  231): Andy: MPLSensor::enable: unlock1
D/Sensors (  231): MPLSensor::enable--1
D/SensorService(  231): SensorDevice::activate--: handle = 0x4, enabled = 0x0
D/SensorService(  231): pid=231, uid=1000
D/ActivityManager(  231): Config after re-evaluted by window manager: null
I/CarouselTimeLog(  371): onStart() finish: 1377363539030
D/CarouselDummyActivity(  371): CarouselDummyActivity.onResume: tab_allapps
D/CAT     (  433): CatService: Return current sInstance
D/memalloc(  110): /dev/pmem: Allocated buffer base:0x4213d000 size:2088960 offset:19124224 fd:68
D/memalloc(  371): /dev/pmem: Mapped buffer base:0x59d85000 size:21213184 offset:19124224 fd:87
D/memalloc(  110): /dev/pmem: Allocated buffer base:0x4213d000 size:2088960 offset:21213184 fd:71
D/memalloc(  371): /dev/pmem: Mapped buffer base:0x5b1c0000 size:23302144 offset:21213184 fd:102
D/memalloc(  110): /dev/pmem: Allocated buffer base:0x4213d000 size:2088960 offset:23302144 fd:74
D/memalloc(  371): /dev/pmem: Mapped buffer base:0x5cf96000 size:25391104 offset:23302144 fd:108
E/Adreno200-ES20(  371): <process_gl_state_enables:456>: GL_INVALID_ENUM
E/memalloc(  110): /dev/pmem: No more pmem available
W/memalloc(  110): Falling back to ashmem
D/memalloc(  371): map_buffer: Successfully mapped 2088960 bytes
E/memalloc(  110): /dev/pmem: No more pmem available
W/memalloc(  110): Falling back to ashmem
D/memalloc(  371): map_buffer: Successfully mapped 2088960 bytes
V/WindowManager(  231): Starting animation in AppWindowToken{41248438 token=Token{40da1268 ActivityRecord{4115c8c8 com.htc.launcher/.Launcher}}} @ 6119321876
V/WindowManager(  231): Finished animation in AppWindowToken{41248438 token=Token{40da1268 ActivityRecord{4115c8c8 com.htc.launcher/.Launcher}}} @ 6119321876
V/WindowManager(  231): Starting animation in AppWindowToken{41b32860 token=Token{41494340 ActivityRecord{410e18b8 ie.gannon.shane/.MainActivity}}} @ 6119321876
D/ActivityManager(  231): destroyActivityLocked, r=ActivityRecord{410e18b8 ie.gannon.shane/.MainActivity}
V/ActivityManager(  231): destroyActivityLocked, dalvik.system.VMStack.getThreadStackTrace(Native Method)
V/ActivityManager(  231): destroyActivityLocked, java.lang.Thread.getStackTrace(Thread.java:599)
V/ActivityManager(  231): destroyActivityLocked, com.android.server.am.ActivityStack.destroyActivityLocked(ActivityStack.java:3754)
V/ActivityManager(  231): destroyActivityLocked, com.android.server.am.ActivityStack.finishCurrentActivityLocked(ActivityStack.java:3621)
V/ActivityManager(  231): destroyActivityLocked, com.android.server.am.ActivityStack.finishCurrentActivityLocked(ActivityStack.java:3578)
V/ActivityManager(  231): destroyActivityLocked, com.android.server.am.ActivityStack.activityIdleInternal(ActivityStack.java:3410)
V/ActivityManager(  231): destroyActivityLocked, com.android.server.am.ActivityManagerService.activityIdle(ActivityManagerService.java:4313)
V/ActivityManager(  231): destroyActivityLocked, android.app.ActivityManagerNative.onTransact(ActivityManagerNative.java:362)
V/ActivityManager(  231): destroyActivityLocked, com.android.server.am.ActivityManagerService.onTransact(ActivityManagerService.java:1699)
V/ActivityManager(  231): destroyActivityLocked, android.os.Binder.execTransact(Binder.java:338)
V/ActivityManager(  231): destroyActivityLocked, dalvik.system.NativeStart.run(Native Method)
D/Process (  231): killProcessQuiet, pid=13412
D/ConnectivityService(  231): onUidRulesChanged(uid=10122, uidRules=0)
I/ActivityManager(  231): No longer want android.process.media (pid 13412): hidden #16, adj=13
D/Process (  231): dalvik.system.VMStack.getThreadStackTrace(Native Method)
D/Process (  231): java.lang.Thread.getStackTrace(Thread.java:599)
D/Process (  231): android.os.Process.killProcessQuiet(Process.java:820)
D/Process (  231): com.android.server.am.ActivityManagerService.updateOomAdjLocked(ActivityManagerService.java:15198)
D/Process (  231): com.android.server.am.ActivityManagerService.updateLruProcessInternalLocked(ActivityManagerService.java:1937)
D/Process (  231): com.android.server.am.ActivityManagerService.updateLruProcessLocked(ActivityManagerService.java:1944)
D/Process (  231): com.android.server.am.ActivityStack.destroyActivityLocked(ActivityStack.java:3786)
D/Process (  231): com.android.server.am.ActivityStack.finishCurrentActivityLocked(ActivityStack.java:3621)
D/Process (  231): com.android.server.am.ActivityStack.finishCurrentActivityLocked(ActivityStack.java:3578)
D/Process (  231): com.android.server.am.ActivityStack.activityIdleInternal(ActivityStack.java:3410)
D/Process (  231): com.android.server.am.ActivityManagerService.activityIdle(ActivityManagerService.java:4313)
D/Process (  231): android.app.ActivityManagerNative.onTransact(ActivityManagerNative.java:362)
D/Process (  231): com.android.server.am.ActivityManagerService.onTransact(ActivityManagerService.java:1699)
D/Process (  231): android.os.Binder.execTransact(Binder.java:338)
D/Process (  231): dalvik.system.NativeStart.run(Native Method)
D/MountService(  231): An IMountServiceListener has died!
D/memalloc(  110): /dev/pmem: Allocated buffer base:0x4213d000 size:368640 offset:16453632 fd:83
D/memalloc(  231): /dev/pmem: Mapped buffer base:0x5b430000 size:16822272 offset:16453632 fd:317
V/WindowManager(  231): Finished animation in AppWindowToken{41b32860 token=Token{41494340 ActivityRecord{410e18b8 ie.gannon.shane/.MainActivity}}} @ 6119322305
D/Process (14418): killProcess, pid=14418
D/Process (14418): dalvik.system.VMStack.getThreadStackTrace(Native Method)
D/Process (14418): java.lang.Thread.getStackTrace(Thread.java:599)
D/Process (14418): android.os.Process.killProcess(Process.java:790)
D/Process (14418): com.android.internal.os.RuntimeInit$UncaughtHandler.uncaughtException(RuntimeInit.java:104)
D/Process (14418): java.lang.ThreadGroup.uncaughtException(ThreadGroup.java:693)
D/Process (14418): java.lang.ThreadGroup.uncaughtException(ThreadGroup.java:690)
D/Process (14418): dalvik.system.NativeStart.main(Native Method)
I/Process (14418): Sending signal. PID: 14418 SIG: 9
I/ActivityManager(  231): Process ie.gannon.shane (pid 14418) has died.
I/WindowManager(  231): WIN DEATH: Window{4171bdc0 ie.gannon.shane/ie.gannon.shane.MainActivity paused=false}
D/memalloc(  110): /dev/pmem: Freeing buffer base:0x42ade000 size:2088960 offset:10096640 fd:40
D/memalloc(  110): /dev/pmem: Freeing buffer base:0x4213d000 size:2088960 offset:0 fd:61
D/memalloc(  110): /dev/pmem: Freeing buffer base:0x42e96000 size:2088960 offset:13996032 fd:58
D/memalloc(  231): /dev/pmem: Unmapping buffer base:0x5a47f000 size:16453632 offset:16084992
D/memalloc(  110): /dev/pmem: Freeing buffer base:0x43094000 size:368640 offset:16084992 fd:65
D/memalloc(  231): /dev/pmem: Unmapping buffer base:0x5b430000 size:16822272 offset:16453632
D/memalloc(  110): /dev/pmem: Freeing buffer base:0x430ee000 size:368640 offset:16453632 fd:83
W/ActivityManager(  231): Activity destroy timeout for ActivityRecord{410e18b8 ie.gannon.shane/.MainActivity}
D/memalloc(  110): /dev/pmem: Allocated buffer base:0x4213d000 size:2088960 offset:10096640 fd:40
D/memalloc(  371): /dev/pmem: Mapped buffer base:0x5e7cd000 size:12185600 offset:10096640 fd:121
I/ActivityManager(  231): START intent from pid 371
D/ViewRootImpl(  231): @@@- disable SystemServer HW acceleration
D/CAT     (  433): CatService: Return current sInstance
D/dalvikvm(14444): Late-enabling CheckJNI
I/ActivityManager(  231): Start proc ie.gannon.shane for activity ie.gannon.shane/.MainActivity: pid=14444 uid=10122 gids={}
D/memalloc(  110): /dev/pmem: Allocated buffer base:0x4213d000 size:2088960 offset:13996032 fd:58
D/memalloc(  231): /dev/pmem: Mapped buffer base:0x5a47f000 size:16084992 offset:13996032 fd:309
D/SensorManager(  231): [SensorManager] registerListener: delay = 200000
D/SensorService(  231): enable: get sensor name = MPL accel
D/Sensors (  231): handle : 4 en: 1, v010.0 - Try to resolve lock issue
D/Sensors (  231): lock_status = 2
D/Sensors (  231): Andy: MPLSensor::enable: lock1
D/Sensors (  231): mEnabled = 0x10
D/Sensors (  231): set_power_states++: enabled_sensors: 16 dmp_started: 0
D/Sensors (  231): Before if statment: cs:0 rs:1 en_ped:0 da_ped:0 en_g:0 da_g:0
D/Sensors (  231): STOP timerirq_1
D/Sensors (  231): Starting DMP
I/        (  231): mpu3050_resume: Resuming to 0070
D/Sensors (  231): Exit: Starting DMP
D/Sensors (  231): set_power_states--
D/Sensors (  231): Andy: MPLSensor::enable: unlock1
D/Sensors (  231): MPLSensor::enable--1
D/SensorService(  231): SensorDevice::activate--: handle = 0x4, enabled = 0x1
D/SensorService(  231): pid=231, uid=1000
D/OpenGLRenderer(  371): Flushing caches (mode 1)
D/ConnectivityService(  231): onUidRulesChanged(uid=10122, uidRules=0)
V/WindowManager(  231): Starting animation in AppWindowToken{41248438 token=Token{40da1268 ActivityRecord{4115c8c8 com.htc.launcher/.Launcher}}} @ 6119338311
V/WindowManager(  231): Finished animation in AppWindowToken{41248438 token=Token{40da1268 ActivityRecord{4115c8c8 com.htc.launcher/.Launcher}}} @ 6119338311
V/WindowManager(  231): Starting animation in AppWindowToken{41a80fc0 token=Token{4167a568 ActivityRecord{4127fec8 ie.gannon.shane/.MainActivity}}} @ 6119338311
W/dalvikvm(  371): disableGcForExternalAlloc: false
D/libEGL  (14444): loaded /system/lib/egl/libGLES_android.so
D/MP-Decision(  687): UP Nw:2.700000 Tw:180 rq:3.200000 seq:198
D/libEGL  (14444): loaded /system/lib/egl/libEGL_adreno200.so
D/libEGL  (14444): loaded /system/lib/egl/libGLESv1_CM_adreno200.so
D/libEGL  (14444): loaded /system/lib/egl/libGLESv2_adreno200.so
D/memalloc(  371): /dev/pmem: Unmapping buffer base:0x59d85000 size:21213184 offset:19124224
D/memalloc(  371): /dev/pmem: Unmapping buffer base:0x5b1c0000 size:23302144 offset:21213184
D/memalloc(  110): /dev/pmem: Freeing buffer base:0x4337a000 size:2088960 offset:19124224 fd:68
D/memalloc(  110): /dev/pmem: Freeing buffer base:0x43578000 size:2088960 offset:21213184 fd:71
D/memalloc(  110): /dev/pmem: Allocated buffer base:0x4213d000 size:2088960 offset:0 fd:61
D/memalloc(14444): /dev/pmem: Mapped buffer base:0x51ed6000 size:2088960 offset:0 fd:61
D/OpenGLRenderer(  371): Flushing caches (mode 0)
D/memalloc(  371): /dev/pmem: Unmapping buffer base:0x5cf96000 size:25391104 offset:23302144
D/memalloc(  110): free_buffer:Freeing buffer size=2088960 base=0x44ac7000 fd=77 PID=110
D/memalloc(  371): /dev/pmem: Unmapping buffer base:0x5e7cd000 size:12185600 offset:10096640
D/memalloc(  110): free_buffer:Freeing buffer size=2088960 base=0x44d72000 fd=80 PID=110
D/OpenGLRenderer(14444): Enabling debug mode 0
D/memalloc(  110): /dev/pmem: Freeing buffer base:0x42ade000 size:2088960 offset:10096640 fd:40
D/memalloc(  110): /dev/pmem: Freeing buffer base:0x43776000 size:2088960 offset:23302144 fd:74
W/InputManagerService(  231): Starting input on non-focused client com.android.internal.view.IInputMethodClient$Stub$Proxy@40da83d0 (uid=9999 pid=371)
D/memalloc(  110): /dev/pmem: Allocated buffer base:0x4213d000 size:2088960 offset:10096640 fd:40
D/memalloc(14444): /dev/pmem: Mapped buffer base:0x524fe000 size:12185600 offset:10096640 fd:64
I/ActivityManager(  231): Displayed ie.gannon.shane/.MainActivity: +531ms
V/WindowManager(  231): Finished animation in AppWindowToken{41a80fc0 token=Token{4167a568 ActivityRecord{4127fec8 ie.gannon.shane/.MainActivity}}} @ 6119338721
D/OpenGLRenderer(  371): Flushing caches (mode 2)
D/ConnectivityService(  231): onUidRulesChanged(uid=9999, uidRules=0)
D/memalloc(  231): /dev/pmem: Unmapping buffer base:0x5a47f000 size:16084992 offset:13996032
D/memalloc(  110): /dev/pmem: Freeing buffer base:0x42e96000 size:2088960 offset:13996032 fd:58
D/MP-Decision(  687): DOWN Ns:2.100000 Ts:270 rq:0.400000 seq:307 (Up time:348)
D/memalloc(  110): /dev/pmem: Allocated buffer base:0x4213d000 size:2088960 offset:13996032 fd:58
D/memalloc(14444): /dev/pmem: Mapped buffer base:0x53308000 size:16084992 offset:13996032 fd:67
D/skia    (  371): AndroidImageRef[ 0x2035ce8 ] releasePixel fail as lockCount=1
D/AndroidRuntime(14444): Shutting down VM
W/dalvikvm(14444): threadid=1: thread exiting with uncaught exception (group=0x40aaa228)
I/ActivityManager(  231): START intent from pid 14444
E/AndroidRuntime(14444): FATAL EXCEPTION: main
E/AndroidRuntime(14444): java.lang.IllegalStateException: Could not execute method of the activity
E/AndroidRuntime(14444): 	at android.view.View$1.onClick(View.java:3082)
E/AndroidRuntime(14444): 	at android.view.View.performClick(View.java:3549)
E/AndroidRuntime(14444): 	at android.view.View$PerformClick.run(View.java:14400)
E/AndroidRuntime(14444): 	at android.os.Handler.handleCallback(Handler.java:605)
E/AndroidRuntime(14444): 	at android.os.Handler.dispatchMessage(Handler.java:92)
E/AndroidRuntime(14444): 	at android.os.Looper.loop(Looper.java:154)
E/AndroidRuntime(14444): 	at android.app.ActivityThread.main(ActivityThread.java:4945)
E/AndroidRuntime(14444): 	at java.lang.reflect.Method.invokeNative(Native Method)
E/AndroidRuntime(14444): 	at java.lang.reflect.Method.invoke(Method.java:511)
E/AndroidRuntime(14444): 	at com.android.internal.os.ZygoteInit$MethodAndArgsCaller.run(ZygoteInit.java:784)
E/AndroidRuntime(14444): 	at com.android.internal.os.ZygoteInit.main(ZygoteInit.java:551)
E/AndroidRuntime(14444): 	at dalvik.system.NativeStart.main(Native Method)
E/AndroidRuntime(14444): Caused by: java.lang.reflect.InvocationTargetException
E/AndroidRuntime(14444): 	at java.lang.reflect.Method.invokeNative(Native Method)
E/AndroidRuntime(14444): 	at java.lang.reflect.Method.invoke(Method.java:511)
E/AndroidRuntime(14444): 	at android.view.View$1.onClick(View.java:3077)
E/AndroidRuntime(14444): 	... 11 more
E/AndroidRuntime(14444): Caused by: android.content.ActivityNotFoundException: Unable to find explicit activity class {ie.gannon.shane/ie.gannon.shane.DisplayMessageActivity}; have you declared this activity in your AndroidManifest.xml?
E/AndroidRuntime(14444): 	at android.app.Instrumentation.checkStartActivityResult(Instrumentation.java:1634)
E/AndroidRuntime(14444): 	at android.app.Instrumentation.execStartActivity(Instrumentation.java:1510)
E/AndroidRuntime(14444): 	at android.app.Activity.startActivityForResult(Activity.java:3251)
E/AndroidRuntime(14444): 	at android.app.Activity.startActivity(Activity.java:3358)
E/AndroidRuntime(14444): 	at ie.gannon.shane.MainActivity.sendMessage(MainActivity.java:28)
E/AndroidRuntime(14444): 	... 14 more
E/EmbeddedLogger(  231): App crashed! Process: ie.gannon.shane
E/EmbeddedLogger(  231): App crashed! Package: ie.gannon.shane v1 (1.0)
E/EmbeddedLogger(  231): Application Label: MainActivity
W/ActivityManager(  231):   Force finishing activity ie.gannon.shane/.MainActivity
D/ViewRootImpl(  231): @@@- disable SystemServer HW acceleration
D/memalloc(  110): /dev/pmem: Allocated buffer base:0x4213d000 size:368640 offset:16084992 fd:65
D/memalloc(  231): /dev/pmem: Mapped buffer base:0x5a47f000 size:16453632 offset:16084992 fd:310
W/ActivityManager(  231): Activity pause timeout for ActivityRecord{4127fec8 ie.gannon.shane/.MainActivity}
D/SensorService(  231): disable: get sensor name = MPL accel
D/ConnectivityService(  231): onUidRulesChanged(uid=9999, uidRules=0)
D/Sensors (  231): handle : 4 en: 0, v010.0 - Try to resolve lock issue
D/Sensors (  231): lock_status = 4
D/Sensors (  231): Andy: MPLSensor::enable: lock1
W/MPL-sup (  231): MLGetAKMComassStatus, gAKMCompassStatus = 0
D/Sensors (  231): mEnabled = 0x0
D/Sensors (  231): set_power_states++: enabled_sensors: 0 dmp_started: 1
D/Sensors (  231): Before if statment: cs:0 rs:0 en_ped:0 da_ped:0 en_g:0 da_g:0
D/Sensors (  231): Stopping DMP
I/        (  231): mpu3050_suspend: suspending sensors to 0000
I/        (  231): mpu3050_suspend: Will resume next to 0070
D/Sensors (  231): inside if(s_use_timerirq)
D/Sensors (  231): set_power_states--
D/Sensors (  231): Andy: MPLSensor::enable: unlock1
D/Sensors (  231): MPLSensor::enable--1
D/SensorService(  231): SensorDevice::activate--: handle = 0x4, enabled = 0x0
D/SensorService(  231): pid=231, uid=1000
D/ActivityManager(  231): Config after re-evaluted by window manager: null
I/CarouselTimeLog(  371): onStart() finish: 1377363561610
D/CarouselDummyActivity(  371): CarouselDummyActivity.onResume: tab_allapps
D/CAT     (  433): CatService: Return current sInstance
D/memalloc(  110): /dev/pmem: Allocated buffer base:0x4213d000 size:2088960 offset:19124224 fd:68
D/memalloc(  371): /dev/pmem: Mapped buffer base:0x59d85000 size:21213184 offset:19124224 fd:87
D/memalloc(  110): /dev/pmem: Allocated buffer base:0x4213d000 size:2088960 offset:21213184 fd:71
D/memalloc(  371): /dev/pmem: Mapped buffer base:0x5b1c0000 size:23302144 offset:21213184 fd:102
D/memalloc(  110): /dev/pmem: Allocated buffer base:0x4213d000 size:2088960 offset:23302144 fd:74
D/memalloc(  371): /dev/pmem: Mapped buffer base:0x5cf96000 size:25391104 offset:23302144 fd:108
E/memalloc(  110): /dev/pmem: No more pmem available
W/memalloc(  110): Falling back to ashmem
D/memalloc(  371): map_buffer: Successfully mapped 2088960 bytes
E/Adreno200-ES20(  371): <process_gl_state_enables:456>: GL_INVALID_ENUM
E/memalloc(  110): /dev/pmem: No more pmem available
W/memalloc(  110): Falling back to ashmem
D/memalloc(  371): map_buffer: Successfully mapped 2088960 bytes
V/WindowManager(  231): Starting animation in AppWindowToken{41248438 token=Token{40da1268 ActivityRecord{4115c8c8 com.htc.launcher/.Launcher}}} @ 6119344467
V/WindowManager(  231): Finished animation in AppWindowToken{41248438 token=Token{40da1268 ActivityRecord{4115c8c8 com.htc.launcher/.Launcher}}} @ 6119344467
V/WindowManager(  231): Starting animation in AppWindowToken{41a80fc0 token=Token{4167a568 ActivityRecord{4127fec8 ie.gannon.shane/.MainActivity}}} @ 6119344467
D/ActivityManager(  231): destroyActivityLocked, r=ActivityRecord{4127fec8 ie.gannon.shane/.MainActivity}
