E/AndroidRuntime(14589): 	at android.app.ActivityThread.main(ActivityThread.java:4945)
E/AndroidRuntime(14589): 	at java.lang.reflect.Method.invokeNative(Native Method)
E/AndroidRuntime(14589): 	at java.lang.reflect.Method.invoke(Method.java:511)
E/AndroidRuntime(14589): 	at com.android.internal.os.ZygoteInit$MethodAndArgsCaller.run(ZygoteInit.java:784)
E/AndroidRuntime(14589): 	at com.android.internal.os.ZygoteInit.main(ZygoteInit.java:551)
E/AndroidRuntime(14589): 	at dalvik.system.NativeStart.main(Native Method)
E/AndroidRuntime(14589): Caused by: java.lang.reflect.InvocationTargetException
E/AndroidRuntime(14589): 	at java.lang.reflect.Method.invokeNative(Native Method)
E/AndroidRuntime(14589): 	at java.lang.reflect.Method.invoke(Method.java:511)
E/AndroidRuntime(14589): 	at android.view.View$1.onClick(View.java:3077)
E/AndroidRuntime(14589): 	... 11 more
E/AndroidRuntime(14589): Caused by: android.content.ActivityNotFoundException: Unable to find explicit activity class {ie.gannon.shane/ie.gannon.shane.DisplayMessageActivity}; have you declared this activity in your AndroidManifest.xml?
E/AndroidRuntime(14589): 	at android.app.Instrumentation.checkStartActivityResult(Instrumentation.java:1634)
E/AndroidRuntime(14589): 	at android.app.Instrumentation.execStartActivity(Instrumentation.java:1510)
E/AndroidRuntime(14589): 	at android.app.Activity.startActivityForResult(Activity.java:3251)
E/AndroidRuntime(14589): 	at android.app.Activity.startActivity(Activity.java:3358)
E/AndroidRuntime(14589): 	at ie.gannon.shane.MainActivity.sendMessage(MainActivity.java:28)
E/AndroidRuntime(14589): 	... 14 more
E/EmbeddedLogger(  231): App crashed! Process: ie.gannon.shane
E/EmbeddedLogger(  231): App crashed! Package: ie.gannon.shane v1 (1.0)
E/EmbeddedLogger(  231): Application Label: MainActivity
W/ActivityManager(  231):   Force finishing activity ie.gannon.shane/.MainActivity
D/ViewRootImpl(  231): @@@- disable SystemServer HW acceleration
D/memalloc(  110): /dev/pmem: Allocated buffer base:0x4213d000 size:368640 offset:16084992 fd:65
D/memalloc(  231): /dev/pmem: Mapped buffer base:0x5a47f000 size:16453632 offset:16084992 fd:309
D/PowerManagerService(  231): New lightsensor value:225, lcdValue:117
W/ActivityManager(  231): Activity pause timeout for ActivityRecord{40dd2338 ie.gannon.shane/.MainActivity}
D/ConnectivityService(  231): onUidRulesChanged(uid=9999, uidRules=0)
D/SensorService(  231): disable: get sensor name = MPL accel
D/Sensors (  231): handle : 4 en: 0, v010.0 - Try to resolve lock issue
D/Sensors (  231): lock_status = 4
D/Sensors (  231): Andy: MPLSensor::enable: lock1
W/MPL-sup (  231): MLGetAKMComassStatus, gAKMCompassStatus = 0
D/Sensors (  231): mEnabled = 0x0
D/Sensors (  231): set_power_states++: enabled_sensors: 0 dmp_started: 1
D/Sensors (  231): Before if statment: cs:0 rs:0 en_ped:0 da_ped:0 en_g:0 da_g:0
D/Sensors (  231): Stopping DMP
I/        (  231): mpu3050_suspend: suspending sensors to 0000
I/        (  231): mpu3050_suspend: Will resume next to 0070
D/Sensors (  231): inside if(s_use_timerirq)
D/Sensors (  231): set_power_states--
D/Sensors (  231): Andy: MPLSensor::enable: unlock1
D/Sensors (  231): MPLSensor::enable--1
D/SensorService(  231): SensorDevice::activate--: handle = 0x4, enabled = 0x0
D/SensorService(  231): pid=231, uid=1000
D/ActivityManager(  231): Config after re-evaluted by window manager: null
I/CarouselTimeLog(  371): onStart() finish: 1377363790292
D/CarouselDummyActivity(  371): CarouselDummyActivity.onResume: tab_allapps
D/CAT     (  433): CatService: Return current sInstance
D/memalloc(  110): /dev/pmem: Allocated buffer base:0x4213d000 size:2088960 offset:19124224 fd:68
D/memalloc(  371): /dev/pmem: Mapped buffer base:0x59d85000 size:21213184 offset:19124224 fd:87
D/memalloc(  110): /dev/pmem: Allocated buffer base:0x4213d000 size:2088960 offset:21213184 fd:71
D/memalloc(  371): /dev/pmem: Mapped buffer base:0x5b1c0000 size:23302144 offset:21213184 fd:102
D/memalloc(  110): /dev/pmem: Allocated buffer base:0x4213d000 size:2088960 offset:23302144 fd:74
D/memalloc(  371): /dev/pmem: Mapped buffer base:0x5cf96000 size:25391104 offset:23302144 fd:108
D/MP-Decision(  687): UP Nw:2.700000 Tw:180 rq:3.100000 seq:198
E/Adreno200-ES20(  371): <process_gl_state_enables:456>: GL_INVALID_ENUM
E/memalloc(  110): /dev/pmem: No more pmem available
W/memalloc(  110): Falling back to ashmem
E/memalloc(  110): /dev/pmem: No more pmem available
W/memalloc(  110): Falling back to ashmem
D/memalloc(  371): map_buffer: Successfully mapped 2088960 bytes
D/memalloc(  371): map_buffer: Successfully mapped 2088960 bytes
V/WindowManager(  231): Starting animation in AppWindowToken{41248438 token=Token{40da1268 ActivityRecord{4115c8c8 com.htc.launcher/.Launcher}}} @ 6119573150
V/WindowManager(  231): Finished animation in AppWindowToken{41248438 token=Token{40da1268 ActivityRecord{4115c8c8 com.htc.launcher/.Launcher}}} @ 6119573150
V/WindowManager(  231): Starting animation in AppWindowToken{41f5e838 token=Token{418fda20 ActivityRecord{40dd2338 ie.gannon.shane/.MainActivity}}} @ 6119573150
D/ActivityManager(  231): destroyActivityLocked, r=ActivityRecord{40dd2338 ie.gannon.shane/.MainActivity}
V/ActivityManager(  231): destroyActivityLocked, dalvik.system.VMStack.getThreadStackTrace(Native Method)
V/ActivityManager(  231): destroyActivityLocked, java.lang.Thread.getStackTrace(Thread.java:599)
V/ActivityManager(  231): destroyActivityLocked, com.android.server.am.ActivityStack.destroyActivityLocked(ActivityStack.java:3754)
V/ActivityManager(  231): destroyActivityLocked, com.android.server.am.ActivityStack.finishCurrentActivityLocked(ActivityStack.java:3621)
V/ActivityManager(  231): destroyActivityLocked, com.android.server.am.ActivityStack.finishCurrentActivityLocked(ActivityStack.java:3578)
V/ActivityManager(  231): destroyActivityLocked, com.android.server.am.ActivityStack.activityIdleInternal(ActivityStack.java:3410)
V/ActivityManager(  231): destroyActivityLocked, com.android.server.am.ActivityManagerService.activityIdle(ActivityManagerService.java:4313)
V/ActivityManager(  231): destroyActivityLocked, android.app.ActivityManagerNative.onTransact(ActivityManagerNative.java:362)
V/ActivityManager(  231): destroyActivityLocked, com.android.server.am.ActivityManagerService.onTransact(ActivityManagerService.java:1699)
V/ActivityManager(  231): destroyActivityLocked, android.os.Binder.execTransact(Binder.java:338)
V/ActivityManager(  231): destroyActivityLocked, dalvik.system.NativeStart.run(Native Method)
D/ConnectivityService(  231): onUidRulesChanged(uid=10122, uidRules=0)
D/memalloc(  110): /dev/pmem: Allocated buffer base:0x4213d000 size:368640 offset:16453632 fd:83
D/memalloc(  231): /dev/pmem: Mapped buffer base:0x5b430000 size:16822272 offset:16453632 fd:315
D/MP-Decision(  687): DOWN Ns:2.100000 Ts:270 rq:0.400000 seq:297 (Up time:328)
V/WindowManager(  231): Finished animation in AppWindowToken{41f5e838 token=Token{418fda20 ActivityRecord{40dd2338 ie.gannon.shane/.MainActivity}}} @ 6119573581
D/Process (14589): killProcess, pid=14589
D/Process (14589): dalvik.system.VMStack.getThreadStackTrace(Native Method)
D/Process (14589): java.lang.Thread.getStackTrace(Thread.java:599)
D/Process (14589): android.os.Process.killProcess(Process.java:790)
D/Process (14589): com.android.internal.os.RuntimeInit$UncaughtHandler.uncaughtException(RuntimeInit.java:104)
D/Process (14589): java.lang.ThreadGroup.uncaughtException(ThreadGroup.java:693)
D/Process (14589): java.lang.ThreadGroup.uncaughtException(ThreadGroup.java:690)
D/Process (14589): dalvik.system.NativeStart.main(Native Method)
I/Process (14589): Sending signal. PID: 14589 SIG: 9
I/ActivityManager(  231): Process ie.gannon.shane (pid 14589) has died.
I/WindowManager(  231): WIN DEATH: Window{41a4c980 ie.gannon.shane/ie.gannon.shane.MainActivity paused=false}
D/memalloc(  110): /dev/pmem: Freeing buffer base:0x4213d000 size:2088960 offset:0 fd:61
D/memalloc(  110): /dev/pmem: Freeing buffer base:0x42e96000 size:2088960 offset:13996032 fd:58
D/memalloc(  110): /dev/pmem: Freeing buffer base:0x42ade000 size:2088960 offset:10096640 fd:40
D/memalloc(  231): /dev/pmem: Unmapping buffer base:0x5b430000 size:16822272 offset:16453632
D/memalloc(  110): /dev/pmem: Freeing buffer base:0x430ee000 size:368640 offset:16453632 fd:83
D/memalloc(  231): /dev/pmem: Unmapping buffer base:0x5a47f000 size:16453632 offset:16084992
D/memalloc(  110): /dev/pmem: Freeing buffer base:0x43094000 size:368640 offset:16084992 fd:65
D/PowerManagerService(  231): New lightsensor value:320, lcdValue:142
D/PowerManagerService(  231): lightSensorChangedLocked, buttonValue >= 0, mPowerState = 3
W/ActivityManager(  231): Activity destroy timeout for ActivityRecord{40dd2338 ie.gannon.shane/.MainActivity}
D/BatteryService(  231): updateBatteryStats ======================================
I/BATT_ALG(  125): batt_alg_timer_handle batt_alg->ischargingfull = TRUE, fullcharge:2820000
I/BATT_ALG(  125): vol=4221;curr=26;dis_curr=0;temp=272;id=3;level=100;chg_src=1;chg_en=1;ov_chg=0;isOver_temp=0;timer=60;safety_count=2820
D/BatteryService(  231): UEvent updateBatteryStats
D/HtcPowerSaver(  231): Recived battery changed intent.
D/UsbnetService(  231): BroadcastReceiver::onReceive+
D/UsbnetService(  231): onReceive BATTERY_CHANGED
D/UsbnetService(  231):  --> pluggedType = 2, mPluggedType = 0, mScreenOff = false
D/UsbnetService(  231): BroadcastReceiver::onReceive-
D/NotificationService(  231): mIntentReceiver() Intent.ACTION_BATTERY_CHANGED
D/HtcPowerSaver(  231): Checking...
I/HtcPowerSaver(  231): >> updateStatus
D/HtcPowerSaver(  231): notifyUser: Unknown Status
I/HtcPowerSaver(  231): currentStatus=8000, currentLevel=100, enableLevel=20, enable=false, popDialog=false, statusChangeTo=-1
I/HtcPowerSaver(  231): << updateStatus
D/PowerManagerService(  231): runHtcPowerSaverCheck ======================================
D/PowerUI (  315): closing low battery warning: level=100
D/PowerUI (  315): plugged = true, health = 2, mBatteryLevel = 100, mPluggedBatteryLevel = 100, mLowBatteryWarningLevel2 = 25, mshowLowChargingWarning2 = true
D/PackageManager(  231): Failed to get PackageInfo!, pkg:com.htc.demoflorebooter, flags:1
D/PowerManagerService(  231): New lightsensor value:225, lcdValue:117
D/BatteryService(  231): updateBatteryStats ======================================
I/BATT_ALG(  125): batt_alg_timer_handle batt_alg->ischargingfull = TRUE, fullcharge:2880000
I/BATT_ALG(  125): vol=4221;curr=24;dis_curr=0;temp=274;id=3;level=100;chg_src=1;chg_en=1;ov_chg=0;isOver_temp=0;timer=60;safety_count=2880
D/BatteryService(  231): UEvent updateBatteryStats
D/HtcPowerSaver(  231): Recived battery changed intent.
D/UsbnetService(  231): BroadcastReceiver::onReceive+
D/UsbnetService(  231): onReceive BATTERY_CHANGED
D/UsbnetService(  231):  --> pluggedType = 2, mPluggedType = 0, mScreenOff = false
D/UsbnetService(  231): BroadcastReceiver::onReceive-
D/HtcPowerSaver(  231): Checking...
I/HtcPowerSaver(  231): >> updateStatus
D/HtcPowerSaver(  231): notifyUser: Unknown Status
I/HtcPowerSaver(  231): currentStatus=8000, currentLevel=100, enableLevel=20, enable=false, popDialog=false, statusChangeTo=-1
I/HtcPowerSaver(  231): << updateStatus
D/NotificationService(  231): mIntentReceiver() Intent.ACTION_BATTERY_CHANGED
D/PowerManagerService(  231): runHtcPowerSaverCheck ======================================
D/PowerUI (  315): closing low battery warning: level=100
D/PowerUI (  315): plugged = true, health = 2, mBatteryLevel = 100, mPluggedBatteryLevel = 100, mLowBatteryWarningLevel2 = 25, mshowLowChargingWarning2 = true
D/PackageManager(  231): Failed to get PackageInfo!, pkg:com.htc.demoflorebooter, flags:1
D/memalloc(  110): /dev/pmem: Allocated buffer base:0x4213d000 size:2088960 offset:10096640 fd:40
D/memalloc(  371): /dev/pmem: Mapped buffer base:0x5e7cd000 size:12185600 offset:10096640 fd:121
I/ActivityManager(  231): START intent from pid 371
D/CAT     (  433): CatService: Return current sInstance
D/ViewRootImpl(  231): @@@- disable SystemServer HW acceleration
D/dalvikvm(14640): Late-enabling CheckJNI
I/ActivityManager(  231): Start proc ie.gannon.shane for activity ie.gannon.shane/.MainActivity: pid=14640 uid=10122 gids={}
D/memalloc(  110): /dev/pmem: Allocated buffer base:0x4213d000 size:2088960 offset:13996032 fd:58
D/memalloc(  231): /dev/pmem: Mapped buffer base:0x5a47f000 size:16084992 offset:13996032 fd:308
D/dalvikvm(  111): GC_EXPLICIT freed 36K, 27% free 2810K/3807K, paused 2ms+2ms
D/MP-Decision(  687): UP Nw:2.700000 Tw:180 rq:3.800000 seq:198
D/SensorManager(  231): [SensorManager] registerListener: delay = 200000
D/SensorService(  231): enable: get sensor name = MPL accel
D/Sensors (  231): handle : 4 en: 1, v010.0 - Try to resolve lock issue
D/Sensors (  231): lock_status = 2
D/Sensors (  231): Andy: MPLSensor::enable: lock1
D/Sensors (  231): mEnabled = 0x10
D/Sensors (  231): set_power_states++: enabled_sensors: 16 dmp_started: 0
D/Sensors (  231): Before if statment: cs:0 rs:1 en_ped:0 da_ped:0 en_g:0 da_g:0
D/Sensors (  231): STOP timerirq_1
D/dalvikvm(  111): GC_EXPLICIT freed <1K, 27% free 2810K/3807K, paused 1ms+2ms
D/Sensors (  231): Starting DMP
I/        (  231): mpu3050_resume: Resuming to 0070
D/Sensors (  231): Exit: Starting DMP
D/Sensors (  231): set_power_states--
D/Sensors (  231): Andy: MPLSensor::enable: unlock1
D/Sensors (  231): MPLSensor::enable--1
D/SensorService(  231): SensorDevice::activate--: handle = 0x4, enabled = 0x1
D/SensorService(  231): pid=231, uid=1000
D/OpenGLRenderer(  371): Flushing caches (mode 1)
D/ConnectivityService(  231): onUidRulesChanged(uid=10122, uidRules=0)
V/WindowManager(  231): Starting animation in AppWindowToken{41248438 token=Token{40da1268 ActivityRecord{4115c8c8 com.htc.launcher/.Launcher}}} @ 6119662728
V/WindowManager(  231): Finished animation in AppWindowToken{41248438 token=Token{40da1268 ActivityRecord{4115c8c8 com.htc.launcher/.Launcher}}} @ 6119662728
V/WindowManager(  231): Starting animation in AppWindowToken{41b2a540 token=Token{41391f10 ActivityRecord{4109e980 ie.gannon.shane/.MainActivity}}} @ 6119662728
D/dalvikvm(  111): GC_EXPLICIT freed <1K, 27% free 2810K/3807K, paused 2ms+8ms
W/dalvikvm(  371): disableGcForExternalAlloc: false
D/memalloc(  371): /dev/pmem: Unmapping buffer base:0x59d85000 size:21213184 offset:19124224
D/memalloc(  371): /dev/pmem: Unmapping buffer base:0x5b1c0000 size:23302144 offset:21213184
D/memalloc(  110): /dev/pmem: Freeing buffer base:0x4337a000 size:2088960 offset:19124224 fd:68
D/memalloc(  110): /dev/pmem: Freeing buffer base:0x43578000 size:2088960 offset:21213184 fd:71
D/memalloc(  110): free_buffer:Freeing buffer size=2088960 base=0x44cf0000 fd=78 PID=110
D/OpenGLRenderer(  371): Flushing caches (mode 0)
D/memalloc(  371): /dev/pmem: Unmapping buffer base:0x5cf96000 size:25391104 offset:23302144
D/memalloc(  371): /dev/pmem: Unmapping buffer base:0x5e7cd000 size:12185600 offset:10096640
D/memalloc(  110): /dev/pmem: Freeing buffer base:0x43776000 size:2088960 offset:23302144 fd:74
D/memalloc(  110): free_buffer:Freeing buffer size=2088960 base=0x44ac7000 fd=77 PID=110
D/memalloc(  110): /dev/pmem: Freeing buffer base:0x42ade000 size:2088960 offset:10096640 fd:40
D/libEGL  (14640): loaded /system/lib/egl/libGLES_android.so
D/libEGL  (14640): loaded /system/lib/egl/libEGL_adreno200.so
D/libEGL  (14640): loaded /system/lib/egl/libGLESv1_CM_adreno200.so
D/libEGL  (14640): loaded /system/lib/egl/libGLESv2_adreno200.so
D/memalloc(  110): /dev/pmem: Allocated buffer base:0x4213d000 size:2088960 offset:10096640 fd:40
D/memalloc(14640): /dev/pmem: Mapped buffer base:0x51efd000 size:12185600 offset:10096640 fd:61
D/OpenGLRenderer(14640): Enabling debug mode 0
W/InputManagerService(  231): Starting input on non-focused client com.android.internal.view.IInputMethodClient$Stub$Proxy@40da83d0 (uid=9999 pid=371)
D/memalloc(  110): /dev/pmem: Allocated buffer base:0x4213d000 size:2088960 offset:0 fd:61
D/memalloc(14640): /dev/pmem: Mapped buffer base:0x52e84000 size:2088960 offset:0 fd:64
I/ActivityManager(  231): Displayed ie.gannon.shane/.MainActivity: +524ms
V/WindowManager(  231): Finished animation in AppWindowToken{41b2a540 token=Token{41391f10 ActivityRecord{4109e980 ie.gannon.shane/.MainActivity}}} @ 6119663148
D/OpenGLRenderer(  371): Flushing caches (mode 2)
D/MP-Decision(  687): DOWN Ns:2.100000 Ts:270 rq:1.500000 seq:308 (Up time:468)
D/ConnectivityService(  231): onUidRulesChanged(uid=9999, uidRules=0)
D/memalloc(  110): /dev/pmem: Freeing buffer base:0x42e96000 size:2088960 offset:13996032 fd:58
D/memalloc(  231): /dev/pmem: Unmapping buffer base:0x5a47f000 size:16084992 offset:13996032
D/memalloc(  110): /dev/pmem: Allocated buffer base:0x4213d000 size:2088960 offset:13996032 fd:58
D/memalloc(14640): /dev/pmem: Mapped buffer base:0x532b8000 size:16084992 offset:13996032 fd:67
D/skia    (  371): AndroidImageRef[ 0x2035ce8 ] releasePixel fail as lockCount=1
D/AndroidRuntime(14640): Shutting down VM
W/dalvikvm(14640): threadid=1: thread exiting with uncaught exception (group=0x40aaa228)
I/ActivityManager(  231): START intent from pid 14640
E/AndroidRuntime(14640): FATAL EXCEPTION: main
E/AndroidRuntime(14640): java.lang.IllegalStateException: Could not execute method of the activity
E/AndroidRuntime(14640): 	at android.view.View$1.onClick(View.java:3082)
E/AndroidRuntime(14640): 	at android.view.View.performClick(View.java:3549)
E/AndroidRuntime(14640): 	at android.view.View$PerformClick.run(View.java:14400)
E/AndroidRuntime(14640): 	at android.os.Handler.handleCallback(Handler.java:605)
E/AndroidRuntime(14640): 	at android.os.Handler.dispatchMessage(Handler.java:92)
E/AndroidRuntime(14640): 	at android.os.Looper.loop(Looper.java:154)
E/AndroidRuntime(14640): 	at android.app.ActivityThread.main(ActivityThread.java:4945)
E/AndroidRuntime(14640): 	at java.lang.reflect.Method.invokeNative(Native Method)
E/AndroidRuntime(14640): 	at java.lang.reflect.Method.invoke(Method.java:511)
E/AndroidRuntime(14640): 	at com.android.internal.os.ZygoteInit$MethodAndArgsCaller.run(ZygoteInit.java:784)
E/AndroidRuntime(14640): 	at com.android.internal.os.ZygoteInit.main(ZygoteInit.java:551)
E/AndroidRuntime(14640): 	at dalvik.system.NativeStart.main(Native Method)
E/AndroidRuntime(14640): Caused by: java.lang.reflect.InvocationTargetException
E/AndroidRuntime(14640): 	at java.lang.reflect.Method.invokeNative(Native Method)
E/AndroidRuntime(14640): 	at java.lang.reflect.Method.invoke(Method.java:511)
E/AndroidRuntime(14640): 	at android.view.View$1.onClick(View.java:3077)
E/AndroidRuntime(14640): 	... 11 more
E/AndroidRuntime(14640): Caused by: android.content.ActivityNotFoundException: Unable to find explicit activity class {ie.gannon.shane/ie.gannon.shane.DisplayMessageActivity}; have you declared this activity in your AndroidManifest.xml?
E/AndroidRuntime(14640): 	at android.app.Instrumentation.checkStartActivityResult(Instrumentation.java:1634)
E/AndroidRuntime(14640): 	at android.app.Instrumentation.execStartActivity(Instrumentation.java:1510)
E/AndroidRuntime(14640): 	at android.app.Activity.startActivityForResult(Activity.java:3251)
E/AndroidRuntime(14640): 	at android.app.Activity.startActivity(Activity.java:3358)
E/AndroidRuntime(14640): 	at ie.gannon.shane.MainActivity.sendMessage(MainActivity.java:28)
E/AndroidRuntime(14640): 	... 14 more
E/EmbeddedLogger(  231): App crashed! Process: ie.gannon.shane
E/EmbeddedLogger(  231): App crashed! Package: ie.gannon.shane v1 (1.0)
E/EmbeddedLogger(  231): Application Label: MainActivity
W/ActivityManager(  231):   Force finishing activity ie.gannon.shane/.MainActivity
D/ViewRootImpl(  231): @@@- disable SystemServer HW acceleration
D/memalloc(  110): /dev/pmem: Allocated buffer base:0x4213d000 size:368640 offset:16084992 fd:65
D/memalloc(  231): /dev/pmem: Mapped buffer base:0x5a47f000 size:16453632 offset:16084992 fd:309
W/ActivityManager(  231): Activity pause timeout for ActivityRecord{4109e980 ie.gannon.shane/.MainActivity}
D/SensorService(  231): disable: get sensor name = MPL accel
D/Sensors (  231): handle : 4 en: 0, v010.0 - Try to resolve lock issue
D/Sensors (  231): lock_status = 4
D/Sensors (  231): Andy: MPLSensor::enable: lock1
W/MPL-sup (  231): MLGetAKMComassStatus, gAKMCompassStatus = 0
D/Sensors (  231): mEnabled = 0x0
D/Sensors (  231): set_power_states++: enabled_sensors: 0 dmp_started: 1
D/Sensors (  231): Before if statment: cs:0 rs:0 en_ped:0 da_ped:0 en_g:0 da_g:0
D/Sensors (  231): Stopping DMP
I/        (  231): mpu3050_suspend: suspending sensors to 0000
D/ConnectivityService(  231): onUidRulesChanged(uid=9999, uidRules=0)
I/        (  231): mpu3050_suspend: Will resume next to 0070
D/Sensors (  231): inside if(s_use_timerirq)
D/Sensors (  231): set_power_states--
D/Sensors (  231): Andy: MPLSensor::enable: unlock1
D/Sensors (  231): MPLSensor::enable--1
D/SensorService(  231): SensorDevice::activate--: handle = 0x4, enabled = 0x0
D/SensorService(  231): pid=231, uid=1000
D/ActivityManager(  231): Config after re-evaluted by window manager: null
I/CarouselTimeLog(  371): onStart() finish: 1377363886950
D/CarouselDummyActivity(  371): CarouselDummyActivity.onResume: tab_allapps
D/CAT     (  433): CatService: Return current sInstance
D/memalloc(  110): /dev/pmem: Allocated buffer base:0x4213d000 size:2088960 offset:19124224 fd:68
D/memalloc(  371): /dev/pmem: Mapped buffer base:0x59d85000 size:21213184 offset:19124224 fd:87
D/memalloc(  110): /dev/pmem: Allocated buffer base:0x4213d000 size:2088960 offset:21213184 fd:71
D/memalloc(  371): /dev/pmem: Mapped buffer base:0x5b1c0000 size:23302144 offset:21213184 fd:102
D/memalloc(  110): /dev/pmem: Allocated buffer base:0x4213d000 size:2088960 offset:23302144 fd:74
D/memalloc(  371): /dev/pmem: Mapped buffer base:0x5cf96000 size:25391104 offset:23302144 fd:108
E/memalloc(  110): /dev/pmem: No more pmem available
W/memalloc(  110): Falling back to ashmem
D/memalloc(  371): map_buffer: Successfully mapped 2088960 bytes
E/Adreno200-ES20(  371): <process_gl_state_enables:456>: GL_INVALID_ENUM
E/memalloc(  110): /dev/pmem: No more pmem available
W/memalloc(  110): Falling back to ashmem
D/memalloc(  371): map_buffer: Successfully mapped 2088960 bytes
V/WindowManager(  231): Starting animation in AppWindowToken{41248438 token=Token{40da1268 ActivityRecord{4115c8c8 com.htc.launcher/.Launcher}}} @ 6119669829
V/WindowManager(  231): Finished animation in AppWindowToken{41248438 token=Token{40da1268 ActivityRecord{4115c8c8 com.htc.launcher/.Launcher}}} @ 6119669829
V/WindowManager(  231): Starting animation in AppWindowToken{41b2a540 token=Token{41391f10 ActivityRecord{4109e980 ie.gannon.shane/.MainActivity}}} @ 6119669829
D/ActivityManager(  231): destroyActivityLocked, r=ActivityRecord{4109e980 ie.gannon.shane/.MainActivity}
V/ActivityManager(  231): destroyActivityLocked, dalvik.system.VMStack.getThreadStackTrace(Native Method)
V/ActivityManager(  231): destroyActivityLocked, java.lang.Thread.getStackTrace(Thread.java:599)
V/ActivityManager(  231): destroyActivityLocked, com.android.server.am.ActivityStack.destroyActivityLocked(ActivityStack.java:3754)
V/ActivityManager(  231): destroyActivityLocked, com.android.server.am.ActivityStack.finishCurrentActivityLocked(ActivityStack.java:3621)
V/ActivityManager(  231): destroyActivityLocked, com.android.server.am.ActivityStack.finishCurrentActivityLocked(ActivityStack.java:3578)
V/ActivityManager(  231): destroyActivityLocked, com.android.server.am.ActivityStack.activityIdleInternal(ActivityStack.java:3410)
V/ActivityManager(  231): destroyActivityLocked, com.android.server.am.ActivityManagerService.activityIdle(ActivityManagerService.java:4313)
V/ActivityManager(  231): destroyActivityLocked, android.app.ActivityManagerNative.onTransact(ActivityManagerNative.java:362)
V/ActivityManager(  231): destroyActivityLocked, com.android.server.am.ActivityManagerService.onTransact(ActivityManagerService.java:1699)
V/ActivityManager(  231): destroyActivityLocked, android.os.Binder.execTransact(Binder.java:338)
V/ActivityManager(  231): destroyActivityLocked, dalvik.system.NativeStart.run(Native Method)
D/ConnectivityService(  231): onUidRulesChanged(uid=10122, uidRules=0)
D/memalloc(  110): /dev/pmem: Allocated buffer base:0x4213d000 size:368640 offset:16453632 fd:83
D/memalloc(  231): /dev/pmem: Mapped buffer base:0x5b430000 size:16822272 offset:16453632 fd:315
V/WindowManager(  231): Finished animation in AppWindowToken{41b2a540 token=Token{41391f10 ActivityRecord{4109e980 ie.gannon.shane/.MainActivity}}} @ 6119670256
D/Process (14640): killProcess, pid=14640
D/Process (14640): dalvik.system.VMStack.getThreadStackTrace(Native Method)
D/Process (14640): java.lang.Thread.getStackTrace(Thread.java:599)
D/Process (14640): android.os.Process.killProcess(Process.java:790)
D/Process (14640): com.android.internal.os.RuntimeInit$UncaughtHandler.uncaughtException(RuntimeInit.java:104)
D/Process (14640): java.lang.ThreadGroup.uncaughtException(ThreadGroup.java:693)
D/Process (14640): java.lang.ThreadGroup.uncaughtException(ThreadGroup.java:690)
D/Process (14640): dalvik.system.NativeStart.main(Native Method)
I/Process (14640): Sending signal. PID: 14640 SIG: 9
I/ActivityManager(  231): Process ie.gannon.shane (pid 14640) has died.
I/WindowManager(  231): WIN DEATH: Window{41418e80 ie.gannon.shane/ie.gannon.shane.MainActivity paused=false}
D/memalloc(  110): /dev/pmem: Freeing buffer base:0x42ade000 size:2088960 offset:10096640 fd:40
D/memalloc(  110): /dev/pmem: Freeing buffer base:0x42e96000 size:2088960 offset:13996032 fd:58
D/memalloc(  110): /dev/pmem: Freeing buffer base:0x4213d000 size:2088960 offset:0 fd:61
D/memalloc(  231): /dev/pmem: Unmapping buffer base:0x5a47f000 size:16453632 offset:16084992
D/memalloc(  110): /dev/pmem: Freeing buffer base:0x43094000 size:368640 offset:16084992 fd:65
D/memalloc(  231): /dev/pmem: Unmapping buffer base:0x5b430000 size:16822272 offset:16453632
D/memalloc(  110): /dev/pmem: Freeing buffer base:0x430ee000 size:368640 offset:16453632 fd:83
W/ActivityManager(  231): Activity destroy timeout for ActivityRecord{4109e980 ie.gannon.shane/.MainActivity}
D/memalloc(  110): /dev/pmem: Allocated buffer base:0x4213d000 size:2088960 offset:10096640 fd:40
D/memalloc(  371): /dev/pmem: Mapped buffer base:0x5e7cd000 size:12185600 offset:10096640 fd:121
I/ActivityManager(  231): START intent from pid 371
D/ViewRootImpl(  231): @@@- disable SystemServer HW acceleration
D/CAT     (  433): CatService: Return current sInstance
D/memalloc(  110): /dev/pmem: Allocated buffer base:0x4213d000 size:2088960 offset:13996032 fd:58
D/memalloc(  231): /dev/pmem: Mapped buffer base:0x5a47f000 size:16084992 offset:13996032 fd:308
D/dalvikvm(14673): Late-enabling CheckJNI
I/ActivityManager(  231): Start proc ie.gannon.shane for activity ie.gannon.shane/.MainActivity: pid=14673 uid=10122 gids={}
D/SensorManager(  231): [SensorManager] registerListener: delay = 200000
D/SensorService(  231): enable: get sensor name = MPL accel
D/Sensors (  231): handle : 4 en: 1, v010.0 - Try to resolve lock issue
D/Sensors (  231): lock_status = 2
D/Sensors (  231): Andy: MPLSensor::enable: lock1
D/Sensors (  231): mEnabled = 0x10
D/Sensors (  231): set_power_states++: enabled_sensors: 16 dmp_started: 0
D/Sensors (  231): Before if statment: cs:0 rs:1 en_ped:0 da_ped:0 en_g:0 da_g:0
D/Sensors (  231): STOP timerirq_1
D/Sensors (  231): Starting DMP
I/        (  231): mpu3050_resume: Resuming to 0070
D/Sensors (  231): Exit: Starting DMP
D/Sensors (  231): set_power_states--
D/Sensors (  231): Andy: MPLSensor::enable: unlock1
D/Sensors (  231): MPLSensor::enable--1
D/SensorService(  231): SensorDevice::activate--: handle = 0x4, enabled = 0x1
D/SensorService(  231): pid=231, uid=1000
D/ConnectivityService(  231): onUidRulesChanged(uid=10122, uidRules=0)
V/WindowManager(  231): Starting animation in AppWindowToken{41248438 token=Token{40da1268 ActivityRecord{4115c8c8 com.htc.launcher/.Launcher}}} @ 6119705845
V/WindowManager(  231): Finished animation in AppWindowToken{41248438 token=Token{40da1268 ActivityRecord{4115c8c8 com.htc.launcher/.Launcher}}} @ 6119705845
V/WindowManager(  231): Starting animation in AppWindowToken{41a81dc0 token=Token{416d9db0 ActivityRecord{410d85b0 ie.gannon.shane/.MainActivity}}} @ 6119705845
D/OpenGLRenderer(  371): Flushing caches (mode 1)
D/MP-Decision(  687): UP Nw:2.700000 Tw:180 rq:5.752475 seq:200
D/libEGL  (14673): loaded /system/lib/egl/libGLES_android.so
D/libEGL  (14673): loaded /system/lib/egl/libEGL_adreno200.so
D/libEGL  (14673): loaded /system/lib/egl/libGLESv1_CM_adreno200.so
W/dalvikvm(  371): disableGcForExternalAlloc: false
D/libEGL  (14673): loaded /system/lib/egl/libGLESv2_adreno200.so
D/memalloc(  371): /dev/pmem: Unmapping buffer base:0x59d85000 size:21213184 offset:19124224
D/memalloc(  371): /dev/pmem: Unmapping buffer base:0x5b1c0000 size:23302144 offset:21213184
D/memalloc(  371): /dev/pmem: Unmapping buffer base:0x5cf96000 size:25391104 offset:23302144
D/memalloc(  110): /dev/pmem: Freeing buffer base:0x43578000 size:2088960 offset:21213184 fd:71
D/memalloc(  110): /dev/pmem: Freeing buffer base:0x43776000 size:2088960 offset:23302144 fd:74
D/OpenGLRenderer(  371): Flushing caches (mode 0)
D/memalloc(  371): /dev/pmem: Unmapping buffer base:0x5e7cd000 size:12185600 offset:10096640
D/memalloc(  110): free_buffer:Freeing buffer size=2088960 base=0x44ac7000 fd=77 PID=110
D/memalloc(  110): free_buffer:Freeing buffer size=2088960 base=0x44cd6000 fd=80 PID=110
D/memalloc(  110): /dev/pmem: Freeing buffer base:0x4337a000 size:2088960 offset:19124224 fd:68
D/memalloc(  110): /dev/pmem: Allocated buffer base:0x4213d000 size:2088960 offset:0 fd:61
D/memalloc(14673): /dev/pmem: Mapped buffer base:0x51f5c000 size:2088960 offset:0 fd:61
D/memalloc(  110): /dev/pmem: Freeing buffer base:0x42ade000 size:2088960 offset:10096640 fd:40
D/OpenGLRenderer(14673): Enabling debug mode 0
W/InputManagerService(  231): Starting input on non-focused client com.android.internal.view.IInputMethodClient$Stub$Proxy@40da83d0 (uid=9999 pid=371)
D/memalloc(  110): /dev/pmem: Allocated buffer base:0x4213d000 size:2088960 offset:10096640 fd:40
V/WindowManager(  231): Finished animation in AppWindowToken{41a81dc0 token=Token{416d9db0 ActivityRecord{410d85b0 ie.gannon.shane/.MainActivity}}} @ 6119706263
D/memalloc(14673): /dev/pmem: Mapped buffer base:0x524de000 size:12185600 offset:10096640 fd:64
I/ActivityManager(  231): Displayed ie.gannon.shane/.MainActivity: +536ms
D/OpenGLRenderer(  371): Flushing caches (mode 2)
D/ConnectivityService(  231): onUidRulesChanged(uid=9999, uidRules=0)
D/memalloc(  110): /dev/pmem: Freeing buffer base:0x42e96000 size:2088960 offset:13996032 fd:58
D/memalloc(  231): /dev/pmem: Unmapping buffer base:0x5a47f000 size:16084992 offset:13996032
D/MP-Decision(  687): DOWN Ns:2.100000 Ts:270 rq:0.224806 seq:327 (Up time:480)
D/memalloc(  110): /dev/pmem: Allocated buffer base:0x4213d000 size:2088960 offset:13996032 fd:58
D/memalloc(14673): /dev/pmem: Mapped buffer base:0x531e7000 size:16084992 offset:13996032 fd:67
D/AndroidRuntime(14673): Shutting down VM
I/ActivityManager(  231): START intent from pid 14673
W/dalvikvm(14673): threadid=1: thread exiting with uncaught exception (group=0x40aaa228)
E/AndroidRuntime(14673): FATAL EXCEPTION: main
E/AndroidRuntime(14673): java.lang.IllegalStateException: Could not execute method of the activity
E/AndroidRuntime(14673): 	at android.view.View$1.onClick(View.java:3082)
E/AndroidRuntime(14673): 	at android.view.View.performClick(View.java:3549)
E/AndroidRuntime(14673): 	at android.view.View$PerformClick.run(View.java:14400)
E/AndroidRuntime(14673): 	at android.os.Handler.handleCallback(Handler.java:605)
E/AndroidRuntime(14673): 	at android.os.Handler.dispatchMessage(Handler.java:92)
E/AndroidRuntime(14673): 	at android.os.Looper.loop(Looper.java:154)
E/AndroidRuntime(14673): 	at android.app.ActivityThread.main(ActivityThread.java:4945)
E/AndroidRuntime(14673): 	at java.lang.reflect.Method.invokeNative(Native Method)
E/AndroidRuntime(14673): 	at java.lang.reflect.Method.invoke(Method.java:511)
E/AndroidRuntime(14673): 	at com.android.internal.os.ZygoteInit$MethodAndArgsCaller.run(ZygoteInit.java:784)
E/AndroidRuntime(14673): 	at com.android.internal.os.ZygoteInit.main(ZygoteInit.java:551)
E/AndroidRuntime(14673): 	at dalvik.system.NativeStart.main(Native Method)
E/AndroidRuntime(14673): Caused by: java.lang.reflect.InvocationTargetException
E/AndroidRuntime(14673): 	at java.lang.reflect.Method.invokeNative(Native Method)
E/AndroidRuntime(14673): 	at java.lang.reflect.Method.invoke(Method.java:511)
E/AndroidRuntime(14673): 	at android.view.View$1.onClick(View.java:3077)
E/AndroidRuntime(14673): 	... 11 more
E/AndroidRuntime(14673): Caused by: android.content.ActivityNotFoundException: Unable to find explicit activity class {ie.gannon.shane/ie.gannon.shane.DisplayMessageActivity}; have you declared this activity in your AndroidManifest.xml?
E/AndroidRuntime(14673): 	at android.app.Instrumentation.checkStartActivityResult(Instrumentation.java:1634)
E/AndroidRuntime(14673): 	at android.app.Instrumentation.execStartActivity(Instrumentation.java:1510)
E/AndroidRuntime(14673): 	at android.app.Activity.startActivityForResult(Activity.java:3251)
E/AndroidRuntime(14673): 	at android.app.Activity.startActivity(Activity.java:3358)
E/AndroidRuntime(14673): 	at ie.gannon.shane.MainActivity.sendMessage(MainActivity.java:28)
E/AndroidRuntime(14673): 	... 14 more
E/EmbeddedLogger(  231): App crashed! Process: ie.gannon.shane
E/EmbeddedLogger(  231): App crashed! Package: ie.gannon.shane v1 (1.0)
E/EmbeddedLogger(  231): Application Label: MainActivity
W/ActivityManager(  231):   Force finishing activity ie.gannon.shane/.MainActivity
D/ViewRootImpl(  231): @@@- disable SystemServer HW acceleration
D/memalloc(  110): /dev/pmem: Allocated buffer base:0x4213d000 size:368640 offset:16084992 fd:65
D/memalloc(  231): /dev/pmem: Mapped buffer base:0x5a47f000 size:16453632 offset:16084992 fd:309
W/ActivityManager(  231): Activity pause timeout for ActivityRecord{410d85b0 ie.gannon.shane/.MainActivity}
D/ConnectivityService(  231): onUidRulesChanged(uid=9999, uidRules=0)
D/SensorService(  231): disable: get sensor name = MPL accel
D/Sensors (  231): handle : 4 en: 0, v010.0 - Try to resolve lock issue
D/Sensors (  231): lock_status = 4
D/Sensors (  231): Andy: MPLSensor::enable: lock1
W/MPL-sup (  231): MLGetAKMComassStatus, gAKMCompassStatus = 0
D/Sensors (  231): mEnabled = 0x0
D/Sensors (  231): set_power_states++: enabled_sensors: 0 dmp_started: 1
D/Sensors (  231): Before if statment: cs:0 rs:0 en_ped:0 da_ped:0 en_g:0 da_g:0
D/Sensors (  231): Stopping DMP
I/        (  231): mpu3050_suspend: suspending sensors to 0000
I/        (  231): mpu3050_suspend: Will resume next to 0070
D/Sensors (  231): inside if(s_use_timerirq)
D/Sensors (  231): set_power_states--
D/Sensors (  231): Andy: MPLSensor::enable: unlock1
D/Sensors (  231): MPLSensor::enable--1
D/SensorService(  231): SensorDevice::activate--: handle = 0x4, enabled = 0x0
D/SensorService(  231): pid=231, uid=1000
D/ActivityManager(  231): Config after re-evaluted by window manager: null
I/CarouselTimeLog(  371): onStart() finish: 1377363926123
D/CarouselDummyActivity(  371): CarouselDummyActivity.onResume: tab_allapps
D/CAT     (  433): CatService: Return current sInstance
D/memalloc(  110): /dev/pmem: Allocated buffer base:0x4213d000 size:2088960 offset:19124224 fd:68
D/memalloc(  371): /dev/pmem: Mapped buffer base:0x59d85000 size:21213184 offset:19124224 fd:87
D/memalloc(  110): /dev/pmem: Allocated buffer base:0x4213d000 size:2088960 offset:21213184 fd:71
D/MP-Decision(  687): UP Nw:2.700000 Tw:180 rq:2.900000 seq:196
D/memalloc(  371): /dev/pmem: Mapped buffer base:0x5b1c0000 size:23302144 offset:21213184 fd:102
D/memalloc(  110): /dev/pmem: Allocated buffer base:0x4213d000 size:2088960 offset:23302144 fd:74
D/memalloc(  371): /dev/pmem: Mapped buffer base:0x5cf96000 size:25391104 offset:23302144 fd:108
E/memalloc(  110): /dev/pmem: No more pmem available
W/memalloc(  110): Falling back to ashmem
E/Adreno200-ES20(  371): <process_gl_state_enables:456>: GL_INVALID_ENUM
D/memalloc(  371): map_buffer: Successfully mapped 2088960 bytes
V/WindowManager(  231): Starting animation in AppWindowToken{41248438 token=Token{40da1268 ActivityRecord{4115c8c8 com.htc.launcher/.Launcher}}} @ 6119708890
V/WindowManager(  231): Finished animation in AppWindowToken{41248438 token=Token{40da1268 ActivityRecord{4115c8c8 com.htc.launcher/.Launcher}}} @ 6119708890
V/WindowManager(  231): Starting animation in AppWindowToken{41a81dc0 token=Token{416d9db0 ActivityRecord{410d85b0 ie.gannon.shane/.MainActivity}}} @ 6119708890
D/ActivityManager(  231): destroyActivityLocked, r=ActivityRecord{410d85b0 ie.gannon.shane/.MainActivity}
V/ActivityManager(  231): destroyActivityLocked, dalvik.system.VMStack.getThreadStackTrace(Native Method)
V/ActivityManager(  231): destroyActivityLocked, java.lang.Thread.getStackTrace(Thread.java:599)
V/ActivityManager(  231): destroyActivityLocked, com.android.server.am.ActivityStack.destroyActivityLocked(ActivityStack.java:3754)
V/ActivityManager(  231): destroyActivityLocked, com.android.server.am.ActivityStack.finishCurrentActivityLocked(ActivityStack.java:3621)
V/ActivityManager(  231): destroyActivityLocked, com.android.server.am.ActivityStack.finishCurrentActivityLocked(ActivityStack.java:3578)
V/ActivityManager(  231): destroyActivityLocked, com.android.server.am.ActivityStack.activityIdleInternal(ActivityStack.java:3410)
V/ActivityManager(  231): destroyActivityLocked, com.android.server.am.ActivityManagerService.activityIdle(ActivityManagerService.java:4313)
V/ActivityManager(  231): destroyActivityLocked, android.app.ActivityManagerNative.onTransact(ActivityManagerNative.java:362)
V/ActivityManager(  231): destroyActivityLocked, com.android.server.am.ActivityManagerService.onTransact(ActivityManagerService.java:1699)
V/ActivityManager(  231): destroyActivityLocked, android.os.Binder.execTransact(Binder.java:338)
E/memalloc(  110): /dev/pmem: No more pmem available
W/memalloc(  110): Falling back to ashmem
V/ActivityManager(  231): destroyActivityLocked, dalvik.system.NativeStart.run(Native Method)
D/ConnectivityService(  231): onUidRulesChanged(uid=10122, uidRules=0)
D/memalloc(  371): map_buffer: Successfully mapped 2088960 bytes
D/memalloc(  110): /dev/pmem: Allocated buffer base:0x4213d000 size:368640 offset:16453632 fd:83
D/memalloc(  231): /dev/pmem: Mapped buffer base:0x5b430000 size:16822272 offset:16453632 fd:315
D/MP-Decision(  687): DOWN Ns:2.100000 Ts:270 rq:0.200000 seq:297 (Up time:443)
V/WindowManager(  231): Finished animation in AppWindowToken{41a81dc0 token=Token{416d9db0 ActivityRecord{410d85b0 ie.gannon.shane/.MainActivity}}} @ 6119709323
D/Process (14673): killProcess, pid=14673
D/Process (14673): dalvik.system.VMStack.getThreadStackTrace(Native Method)
D/Process (14673): java.lang.Thread.getStackTrace(Thread.java:599)
D/Process (14673): android.os.Process.killProcess(Process.java:790)
D/Process (14673): com.android.internal.os.RuntimeInit$UncaughtHandler.uncaughtException(RuntimeInit.java:104)
D/Process (14673): java.lang.ThreadGroup.uncaughtException(ThreadGroup.java:693)
D/Process (14673): java.lang.ThreadGroup.uncaughtException(ThreadGroup.java:690)
D/Process (14673): dalvik.system.NativeStart.main(Native Method)
I/Process (14673): Sending signal. PID: 14673 SIG: 9
I/ActivityManager(  231): Process ie.gannon.shane (pid 14673) has died.
I/WindowManager(  231): WIN DEATH: Window{41579b10 ie.gannon.shane/ie.gannon.shane.MainActivity paused=false}
D/memalloc(  110): /dev/pmem: Freeing buffer base:0x4213d000 size:2088960 offset:0 fd:61
D/memalloc(  110): /dev/pmem: Freeing buffer base:0x42ade000 size:2088960 offset:10096640 fd:40
D/memalloc(  110): /dev/pmem: Freeing buffer base:0x42e96000 size:2088960 offset:13996032 fd:58
D/memalloc(  231): /dev/pmem: Unmapping buffer base:0x5a47f000 size:16453632 offset:16084992
D/memalloc(  110): /dev/pmem: Freeing buffer base:0x43094000 size:368640 offset:16084992 fd:65
D/memalloc(  231): /dev/pmem: Unmapping buffer base:0x5b430000 size:16822272 offset:16453632
D/memalloc(  110): /dev/pmem: Freeing buffer base:0x430ee000 size:368640 offset:16453632 fd:83
