I/BATT_ALG(  125): vol=4218;curr=18;dis_curr=0;temp=246;id=3;level=100;chg_src=1;chg_en=1;ov_chg=0;isOver_temp=0;timer=60;safety_count=3360
E/Adreno200-ES20(24223): <process_gl_state_enables:456>: GL_INVALID_ENUM
D/BatteryService(  231): updateBatteryStats ======================================
I/BATT_ALG(  125): batt_alg_timer_handle batt_alg->ischargingfull = TRUE, fullcharge:3420000
I/BATT_ALG(  125): vol=4218;curr=18;dis_curr=0;temp=246;id=3;level=100;chg_src=1;chg_en=1;ov_chg=0;isOver_temp=0;timer=60;safety_count=3420
E/Adreno200-ES20(24223): <process_gl_state_enables:456>: GL_INVALID_ENUM
D/BatteryService(  231): updateBatteryStats ======================================
I/BATT_ALG(  125): batt_alg_timer_handle batt_alg->ischargingfull = TRUE, fullcharge:3480000
I/BATT_ALG(  125): vol=4218;curr=18;dis_curr=0;temp=246;id=3;level=100;chg_src=1;chg_en=1;ov_chg=0;isOver_temp=0;timer=60;safety_count=3480
E/Adreno200-ES20(24223): <process_gl_state_enables:456>: GL_INVALID_ENUM
D/BatteryService(  231): updateBatteryStats ======================================
I/BATT_ALG(  125): batt_alg_timer_handle batt_alg->ischargingfull = TRUE, fullcharge:3540000
I/BATT_ALG(  125): vol=4218;curr=18;dis_curr=0;temp=246;id=3;level=100;chg_src=1;chg_en=1;ov_chg=0;isOver_temp=0;timer=60;safety_count=3540
D/SntpClient(  231): requestTime: called by Thread[ThrottleService,5,main], failed: java.net.UnknownHostException: Unable to resolve host "pool.ntp.org": No address associated with hostname
W/ThrottleService(  231): unable to find stats for iface rmnet0
W/AlarmManager(  231): RXTXtriggerAlarmsLocked
D/dalvikvm(  231): GC_EXPLICIT freed 715K, 44% free 17072K/30051K, paused 13ms+9ms
W/GCM     (29382): DIR: /data/data/com.google.android.gms/app_APP /data/data/com.google.android.gsf
D/GCM     (29382): [C2DMRegistrar.27920] Send register result  null 0 0
E/Adreno200-ES20(24223): <process_gl_state_enables:456>: GL_INVALID_ENUM
D/BatteryService(  231): updateBatteryStats ======================================
I/BATT_ALG(  125): batt_alg_timer_handle batt_alg->ischargingfull = TRUE, fullcharge:3600000
I/BATT_ALG(  125): batt_alg_timer_handle Disable charger due to full-charged.
I/BATT_ALG(  125): batt_alg_set_charging: set charging: 0
I/BATT_ALG(  125): batt_alg_timer_handle: enter recharge checking
I/BATT_ALG(  125): vol=4218;curr=18;dis_curr=0;temp=246;id=3;level=100;chg_src=1;chg_en=0;ov_chg=0;isOver_temp=0;timer=60;safety_count=0
E/Adreno200-ES20(24223): <process_gl_state_enables:456>: GL_INVALID_ENUM
D/BatteryService(  231): updateBatteryStats ======================================
I/BATT_ALG(  125): batt_alg_timer_handle batt_alg->ischargingfull = TRUE, fullcharge:60001
I/BATT_ALG(  125): batt_alg_timer_handle: enter recharge checking
I/BATT_ALG(  125): vol=4197;curr=0;dis_curr=43;temp=245;id=3;level=100;chg_src=1;chg_en=0;ov_chg=0;isOver_temp=0;timer=60;safety_count=0
D/BatteryService(  231): UEvent updateBatteryStats
D/HtcPowerSaver(  231): Recived battery changed intent.
D/UsbnetService(  231): BroadcastReceiver::onReceive+
D/UsbnetService(  231): onReceive BATTERY_CHANGED
D/UsbnetService(  231):  --> pluggedType = 2, mPluggedType = 0, mScreenOff = true
D/UsbnetService(  231): BroadcastReceiver::onReceive-
D/HtcPowerSaver(  231): Checking...
I/HtcPowerSaver(  231): >> updateStatus
D/HtcPowerSaver(  231): notifyUser: Unknown Status
I/HtcPowerSaver(  231): currentStatus=8000, currentLevel=100, enableLevel=20, enable=false, popDialog=false, statusChangeTo=-1
I/HtcPowerSaver(  231): << updateStatus
D/NotificationService(  231): mIntentReceiver() Intent.ACTION_BATTERY_CHANGED
D/PowerManagerService(  231): runHtcPowerSaverCheck ======================================
D/PowerUI (  315): closing low battery warning: level=100
D/PowerUI (  315): plugged = true, health = 2, mBatteryLevel = 100, mPluggedBatteryLevel = 100, mLowBatteryWarningLevel2 = 25, mshowLowChargingWarning2 = true
D/PackageManager(  231): Failed to get PackageInfo!, pkg:com.htc.demoflorebooter, flags:1
E/Adreno200-ES20(24223): <process_gl_state_enables:456>: GL_INVALID_ENUM
D/BatteryService(  231): updateBatteryStats ======================================
I/BATT_ALG(  125): batt_alg_timer_handle batt_alg->ischargingfull = TRUE, fullcharge:120001
I/BATT_ALG(  125): batt_alg_timer_handle: enter recharge checking
I/BATT_ALG(  125): vol=4191;curr=0;dis_curr=45;temp=245;id=3;level=100;chg_src=1;chg_en=0;ov_chg=0;isOver_temp=0;timer=60;safety_count=0
D/BatteryService(  231): UEvent updateBatteryStats
D/HtcPowerSaver(  231): Recived battery changed intent.
D/UsbnetService(  231): BroadcastReceiver::onReceive+
D/UsbnetService(  231): onReceive BATTERY_CHANGED
D/UsbnetService(  231):  --> pluggedType = 2, mPluggedType = 0, mScreenOff = true
D/UsbnetService(  231): BroadcastReceiver::onReceive-
D/HtcPowerSaver(  231): Checking...
I/HtcPowerSaver(  231): >> updateStatus
D/NotificationService(  231): mIntentReceiver() Intent.ACTION_BATTERY_CHANGED
D/PowerManagerService(  231): runHtcPowerSaverCheck ======================================
D/HtcPowerSaver(  231): notifyUser: Unknown Status
I/HtcPowerSaver(  231): currentStatus=8000, currentLevel=100, enableLevel=20, enable=false, popDialog=false, statusChangeTo=-1
I/HtcPowerSaver(  231): << updateStatus
D/PowerUI (  315): closing low battery warning: level=100
D/PowerUI (  315): plugged = true, health = 2, mBatteryLevel = 100, mPluggedBatteryLevel = 100, mLowBatteryWarningLevel2 = 25, mshowLowChargingWarning2 = true
D/PackageManager(  231): Failed to get PackageInfo!, pkg:com.htc.demoflorebooter, flags:1
E/Adreno200-ES20(24223): <process_gl_state_enables:456>: GL_INVALID_ENUM
D/BatteryService(  231): updateBatteryStats ======================================
I/BATT_ALG(  125): batt_alg_timer_handle batt_alg->ischargingfull = TRUE, fullcharge:180001
I/BATT_ALG(  125): batt_alg_timer_handle: enter recharge checking
I/BATT_ALG(  125): vol=4188;curr=0;dis_curr=45;temp=245;id=3;level=100;chg_src=1;chg_en=0;ov_chg=0;isOver_temp=0;timer=60;safety_count=0
D/BatteryService(  231): UEvent updateBatteryStats
D/HtcPowerSaver(  231): Recived battery changed intent.
D/UsbnetService(  231): BroadcastReceiver::onReceive+
D/UsbnetService(  231): onReceive BATTERY_CHANGED
D/UsbnetService(  231):  --> pluggedType = 2, mPluggedType = 0, mScreenOff = true
D/UsbnetService(  231): BroadcastReceiver::onReceive-
D/HtcPowerSaver(  231): Checking...
I/HtcPowerSaver(  231): >> updateStatus
D/NotificationService(  231): mIntentReceiver() Intent.ACTION_BATTERY_CHANGED
D/PowerManagerService(  231): runHtcPowerSaverCheck ======================================
D/HtcPowerSaver(  231): notifyUser: Unknown Status
I/HtcPowerSaver(  231): currentStatus=8000, currentLevel=100, enableLevel=20, enable=false, popDialog=false, statusChangeTo=-1
I/HtcPowerSaver(  231): << updateStatus
D/PowerUI (  315): closing low battery warning: level=100
D/PowerUI (  315): plugged = true, health = 2, mBatteryLevel = 100, mPluggedBatteryLevel = 100, mLowBatteryWarningLevel2 = 25, mshowLowChargingWarning2 = true
D/PackageManager(  231): Failed to get PackageInfo!, pkg:com.htc.demoflorebooter, flags:1
E/Adreno200-ES20(24223): <process_gl_state_enables:456>: GL_INVALID_ENUM
D/BatteryService(  231): updateBatteryStats ======================================
I/BATT_ALG(  125): batt_alg_timer_handle batt_alg->ischargingfull = TRUE, fullcharge:240001
I/BATT_ALG(  125): batt_alg_timer_handle: enter recharge checking
I/BATT_ALG(  125): vol=4188;curr=0;dis_curr=43;temp=245;id=3;level=100;chg_src=1;chg_en=0;ov_chg=0;isOver_temp=0;timer=60;safety_count=0
E/Adreno200-ES20(24223): <process_gl_state_enables:456>: GL_INVALID_ENUM
D/BatteryService(  231): updateBatteryStats ======================================
I/BATT_ALG(  125): batt_alg_timer_handle batt_alg->ischargingfull = TRUE, fullcharge:300001
I/BATT_ALG(  125): batt_alg_timer_handle: enter recharge checking
I/BATT_ALG(  125): vol=4188;curr=0;dis_curr=41;temp=245;id=3;level=100;chg_src=1;chg_en=0;ov_chg=0;isOver_temp=0;timer=60;safety_count=0
E/Adreno200-ES20(24223): <process_gl_state_enables:456>: GL_INVALID_ENUM
D/BatteryService(  231): updateBatteryStats ======================================
I/BATT_ALG(  125): batt_alg_timer_handle batt_alg->ischargingfull = TRUE, fullcharge:360001
I/BATT_ALG(  125): batt_alg_timer_handle: enter recharge checking
I/BATT_ALG(  125): vol=4188;curr=0;dis_curr=41;temp=245;id=3;level=100;chg_src=1;chg_en=0;ov_chg=0;isOver_temp=0;timer=60;safety_count=0
E/Adreno200-ES20(24223): <process_gl_state_enables:456>: GL_INVALID_ENUM
D/BatteryService(  231): updateBatteryStats ======================================
I/BATT_ALG(  125): batt_alg_timer_handle batt_alg->ischargingfull = TRUE, fullcharge:420001
I/BATT_ALG(  125): batt_alg_timer_handle: enter recharge checking
I/BATT_ALG(  125): vol=4185;curr=0;dis_curr=43;temp=245;id=3;level=100;chg_src=1;chg_en=0;ov_chg=0;isOver_temp=0;timer=60;safety_count=0
D/BatteryService(  231): UEvent updateBatteryStats
D/HtcPowerSaver(  231): Recived battery changed intent.
D/UsbnetService(  231): BroadcastReceiver::onReceive+
D/UsbnetService(  231): onReceive BATTERY_CHANGED
D/UsbnetService(  231):  --> pluggedType = 2, mPluggedType = 0, mScreenOff = true
D/UsbnetService(  231): BroadcastReceiver::onReceive-
D/HtcPowerSaver(  231): Checking...
I/HtcPowerSaver(  231): >> updateStatus
D/HtcPowerSaver(  231): notifyUser: Unknown Status
I/HtcPowerSaver(  231): currentStatus=8000, currentLevel=100, enableLevel=20, enable=false, popDialog=false, statusChangeTo=-1
I/HtcPowerSaver(  231): << updateStatus
D/NotificationService(  231): mIntentReceiver() Intent.ACTION_BATTERY_CHANGED
D/PowerManagerService(  231): runHtcPowerSaverCheck ======================================
D/PowerUI (  315): closing low battery warning: level=100
D/PowerUI (  315): plugged = true, health = 2, mBatteryLevel = 100, mPluggedBatteryLevel = 100, mLowBatteryWarningLevel2 = 25, mshowLowChargingWarning2 = true
D/PackageManager(  231): Failed to get PackageInfo!, pkg:com.htc.demoflorebooter, flags:1
E/Adreno200-ES20(24223): <process_gl_state_enables:456>: GL_INVALID_ENUM
D/BatteryService(  231): updateBatteryStats ======================================
I/BATT_ALG(  125): batt_alg_timer_handle batt_alg->ischargingfull = TRUE, fullcharge:480001
I/BATT_ALG(  125): batt_alg_timer_handle: enter recharge checking
I/BATT_ALG(  125): vol=4182;curr=0;dis_curr=43;temp=245;id=3;level=100;chg_src=1;chg_en=0;ov_chg=0;isOver_temp=0;timer=60;safety_count=0
D/BatteryService(  231): UEvent updateBatteryStats
D/HtcPowerSaver(  231): Recived battery changed intent.
D/UsbnetService(  231): BroadcastReceiver::onReceive+
D/UsbnetService(  231): onReceive BATTERY_CHANGED
D/UsbnetService(  231):  --> pluggedType = 2, mPluggedType = 0, mScreenOff = true
D/UsbnetService(  231): BroadcastReceiver::onReceive-
D/HtcPowerSaver(  231): Checking...
I/HtcPowerSaver(  231): >> updateStatus
D/HtcPowerSaver(  231): notifyUser: Unknown Status
I/HtcPowerSaver(  231): currentStatus=8000, currentLevel=100, enableLevel=20, enable=false, popDialog=false, statusChangeTo=-1
I/HtcPowerSaver(  231): << updateStatus
D/NotificationService(  231): mIntentReceiver() Intent.ACTION_BATTERY_CHANGED
D/PowerManagerService(  231): runHtcPowerSaverCheck ======================================
D/PowerUI (  315): closing low battery warning: level=100
D/PowerUI (  315): plugged = true, health = 2, mBatteryLevel = 100, mPluggedBatteryLevel = 100, mLowBatteryWarningLevel2 = 25, mshowLowChargingWarning2 = true
D/PackageManager(  231): Failed to get PackageInfo!, pkg:com.htc.demoflorebooter, flags:1
E/Adreno200-ES20(24223): <process_gl_state_enables:456>: GL_INVALID_ENUM
D/BatteryService(  231): updateBatteryStats ======================================
I/BATT_ALG(  125): batt_alg_timer_handle batt_alg->ischargingfull = TRUE, fullcharge:540001
I/BATT_ALG(  125): batt_alg_timer_handle: enter recharge checking
I/BATT_ALG(  125): vol=4182;curr=0;dis_curr=43;temp=244;id=3;level=100;chg_src=1;chg_en=0;ov_chg=0;isOver_temp=0;timer=60;safety_count=0
D/BatteryService(  231): UEvent updateBatteryStats
D/HtcPowerSaver(  231): Recived battery changed intent.
D/UsbnetService(  231): BroadcastReceiver::onReceive+
D/UsbnetService(  231): onReceive BATTERY_CHANGED
D/UsbnetService(  231):  --> pluggedType = 2, mPluggedType = 0, mScreenOff = true
D/UsbnetService(  231): BroadcastReceiver::onReceive-
D/HtcPowerSaver(  231): Checking...
I/HtcPowerSaver(  231): >> updateStatus
D/HtcPowerSaver(  231): notifyUser: Unknown Status
I/HtcPowerSaver(  231): currentStatus=8000, currentLevel=100, enableLevel=20, enable=false, popDialog=false, statusChangeTo=-1
I/HtcPowerSaver(  231): << updateStatus
D/NotificationService(  231): mIntentReceiver() Intent.ACTION_BATTERY_CHANGED
D/PowerManagerService(  231): runHtcPowerSaverCheck ======================================
D/PowerUI (  315): closing low battery warning: level=100
D/PowerUI (  315): plugged = true, health = 2, mBatteryLevel = 100, mPluggedBatteryLevel = 100, mLowBatteryWarningLevel2 = 25, mshowLowChargingWarning2 = true
D/PackageManager(  231): Failed to get PackageInfo!, pkg:com.htc.demoflorebooter, flags:1
D/SntpClient(  231): requestTime: called by Thread[ThrottleService,5,main], failed: java.net.UnknownHostException: Unable to resolve host "pool.ntp.org": No address associated with hostname
W/ThrottleService(  231): unable to find stats for iface rmnet0
W/AlarmManager(  231): RXTXtriggerAlarmsLocked
W/GCM     (29382): DIR: /data/data/com.google.android.gms/app_APP /data/data/com.google.android.gsf
D/GCM     (29382): [C2DMRegistrar.27921] Send register result  null 0 0
E/Adreno200-ES20(24223): <process_gl_state_enables:456>: GL_INVALID_ENUM
D/BatteryService(  231): updateBatteryStats ======================================
I/BATT_ALG(  125): batt_alg_timer_handle batt_alg->ischargingfull = TRUE, fullcharge:600001
I/BATT_ALG(  125): batt_alg_timer_handle: enter recharge checking
I/BATT_ALG(  125): vol=4179;curr=0;dis_curr=47;temp=244;id=3;level=100;chg_src=1;chg_en=0;ov_chg=0;isOver_temp=0;timer=60;safety_count=0
D/BatteryService(  231): UEvent updateBatteryStats
D/HtcPowerSaver(  231): Recived battery changed intent.
D/UsbnetService(  231): BroadcastReceiver::onReceive+
D/UsbnetService(  231): onReceive BATTERY_CHANGED
D/UsbnetService(  231):  --> pluggedType = 2, mPluggedType = 0, mScreenOff = true
D/UsbnetService(  231): BroadcastReceiver::onReceive-
D/HtcPowerSaver(  231): Checking...
I/HtcPowerSaver(  231): >> updateStatus
D/HtcPowerSaver(  231): notifyUser: Unknown Status
I/HtcPowerSaver(  231): currentStatus=8000, currentLevel=100, enableLevel=20, enable=false, popDialog=false, statusChangeTo=-1
I/HtcPowerSaver(  231): << updateStatus
D/NotificationService(  231): mIntentReceiver() Intent.ACTION_BATTERY_CHANGED
D/PowerManagerService(  231): runHtcPowerSaverCheck ======================================
D/PowerUI (  315): closing low battery warning: level=100
D/PowerUI (  315): plugged = true, health = 2, mBatteryLevel = 100, mPluggedBatteryLevel = 100, mLowBatteryWarningLevel2 = 25, mshowLowChargingWarning2 = true
D/PackageManager(  231): Failed to get PackageInfo!, pkg:com.htc.demoflorebooter, flags:1
E/Adreno200-ES20(24223): <process_gl_state_enables:456>: GL_INVALID_ENUM
D/BatteryService(  231): updateBatteryStats ======================================
I/BATT_ALG(  125): batt_alg_timer_handle batt_alg->ischargingfull = TRUE, fullcharge:660001
I/BATT_ALG(  125): batt_alg_timer_handle: enter recharge checking
I/BATT_ALG(  125): vol=4179;curr=0;dis_curr=45;temp=244;id=3;level=100;chg_src=1;chg_en=0;ov_chg=0;isOver_temp=0;timer=60;safety_count=0
E/Adreno200-ES20(24223): <process_gl_state_enables:456>: GL_INVALID_ENUM
D/BatteryService(  231): updateBatteryStats ======================================
I/BATT_ALG(  125): batt_alg_timer_handle batt_alg->ischargingfull = TRUE, fullcharge:720001
I/BATT_ALG(  125): batt_alg_timer_handle: enter recharge checking
I/BATT_ALG(  125): vol=4179;curr=0;dis_curr=43;temp=244;id=3;level=100;chg_src=1;chg_en=0;ov_chg=0;isOver_temp=0;timer=60;safety_count=0
E/Adreno200-ES20(24223): <process_gl_state_enables:456>: GL_INVALID_ENUM
D/BatteryService(  231): updateBatteryStats ======================================
I/BATT_ALG(  125): batt_alg_timer_handle batt_alg->ischargingfull = TRUE, fullcharge:780001
I/BATT_ALG(  125): batt_alg_timer_handle: enter recharge checking
I/BATT_ALG(  125): vol=4179;curr=0;dis_curr=43;temp=244;id=3;level=100;chg_src=1;chg_en=0;ov_chg=0;isOver_temp=0;timer=60;safety_count=0
E/Adreno200-ES20(24223): <process_gl_state_enables:456>: GL_INVALID_ENUM
D/BatteryService(  231): updateBatteryStats ======================================
I/BATT_ALG(  125): batt_alg_timer_handle batt_alg->ischargingfull = TRUE, fullcharge:840001
I/BATT_ALG(  125): batt_alg_timer_handle: enter recharge checking
I/BATT_ALG(  125): vol=4176;curr=0;dis_curr=41;temp=244;id=3;level=100;chg_src=1;chg_en=0;ov_chg=0;isOver_temp=0;timer=60;safety_count=0
D/BatteryService(  231): UEvent updateBatteryStats
D/HtcPowerSaver(  231): Recived battery changed intent.
D/UsbnetService(  231): BroadcastReceiver::onReceive+
D/UsbnetService(  231): onReceive BATTERY_CHANGED
D/UsbnetService(  231):  --> pluggedType = 2, mPluggedType = 0, mScreenOff = true
D/UsbnetService(  231): BroadcastReceiver::onReceive-
D/HtcPowerSaver(  231): Checking...
I/HtcPowerSaver(  231): >> updateStatus
D/NotificationService(  231): mIntentReceiver() Intent.ACTION_BATTERY_CHANGED
D/PowerManagerService(  231): runHtcPowerSaverCheck ======================================
D/HtcPowerSaver(  231): notifyUser: Unknown Status
I/HtcPowerSaver(  231): currentStatus=8000, currentLevel=100, enableLevel=20, enable=false, popDialog=false, statusChangeTo=-1
I/HtcPowerSaver(  231): << updateStatus
D/PowerUI (  315): closing low battery warning: level=100
D/PowerUI (  315): plugged = true, health = 2, mBatteryLevel = 100, mPluggedBatteryLevel = 100, mLowBatteryWarningLevel2 = 25, mshowLowChargingWarning2 = true
D/PackageManager(  231): Failed to get PackageInfo!, pkg:com.htc.demoflorebooter, flags:1
E/Adreno200-ES20(24223): <process_gl_state_enables:456>: GL_INVALID_ENUM
D/BatteryService(  231): updateBatteryStats ======================================
I/BATT_ALG(  125): batt_alg_timer_handle batt_alg->ischargingfull = TRUE, fullcharge:900001
I/BATT_ALG(  125): batt_alg_timer_handle: enter recharge checking
I/BATT_ALG(  125): vol=4176;curr=0;dis_curr=43;temp=244;id=3;level=100;chg_src=1;chg_en=0;ov_chg=0;isOver_temp=0;timer=60;safety_count=0
E/Adreno200-ES20(24223): <process_gl_state_enables:456>: GL_INVALID_ENUM
D/BatteryService(  231): updateBatteryStats ======================================
I/BATT_ALG(  125): batt_alg_timer_handle batt_alg->ischargingfull = TRUE, fullcharge:960001
I/BATT_ALG(  125): batt_alg_timer_handle: enter recharge checking
I/BATT_ALG(  125): vol=4176;curr=0;dis_curr=43;temp=244;id=3;level=100;chg_src=1;chg_en=0;ov_chg=0;isOver_temp=0;timer=60;safety_count=0
E/Adreno200-ES20(24223): <process_gl_state_enables:456>: GL_INVALID_ENUM
D/BatteryService(  231): updateBatteryStats ======================================
I/BATT_ALG(  125): batt_alg_timer_handle batt_alg->ischargingfull = TRUE, fullcharge:1020001
I/BATT_ALG(  125): batt_alg_timer_handle: enter recharge checking
I/BATT_ALG(  125): vol=4176;curr=0;dis_curr=41;temp=244;id=3;level=100;chg_src=1;chg_en=0;ov_chg=0;isOver_temp=0;timer=60;safety_count=0
E/Adreno200-ES20(24223): <process_gl_state_enables:456>: GL_INVALID_ENUM
D/BatteryService(  231): updateBatteryStats ======================================
I/BATT_ALG(  125): batt_alg_timer_handle batt_alg->ischargingfull = TRUE, fullcharge:1080001
I/BATT_ALG(  125): batt_alg_timer_handle: enter recharge checking
I/BATT_ALG(  125): vol=4173;curr=0;dis_curr=43;temp=244;id=3;level=100;chg_src=1;chg_en=0;ov_chg=0;isOver_temp=0;timer=60;safety_count=0
D/BatteryService(  231): UEvent updateBatteryStats
D/HtcPowerSaver(  231): Recived battery changed intent.
D/UsbnetService(  231): BroadcastReceiver::onReceive+
D/UsbnetService(  231): onReceive BATTERY_CHANGED
D/UsbnetService(  231):  --> pluggedType = 2, mPluggedType = 0, mScreenOff = true
D/UsbnetService(  231): BroadcastReceiver::onReceive-
D/HtcPowerSaver(  231): Checking...
I/HtcPowerSaver(  231): >> updateStatus
D/HtcPowerSaver(  231): notifyUser: Unknown Status
I/HtcPowerSaver(  231): currentStatus=8000, currentLevel=100, enableLevel=20, enable=false, popDialog=false, statusChangeTo=-1
I/HtcPowerSaver(  231): << updateStatus
D/NotificationService(  231): mIntentReceiver() Intent.ACTION_BATTERY_CHANGED
D/PowerManagerService(  231): runHtcPowerSaverCheck ======================================
D/PowerUI (  315): closing low battery warning: level=100
D/PowerUI (  315): plugged = true, health = 2, mBatteryLevel = 100, mPluggedBatteryLevel = 100, mLowBatteryWarningLevel2 = 25, mshowLowChargingWarning2 = true
D/PackageManager(  231): Failed to get PackageInfo!, pkg:com.htc.demoflorebooter, flags:1
E/Adreno200-ES20(24223): <process_gl_state_enables:456>: GL_INVALID_ENUM
D/BatteryService(  231): updateBatteryStats ======================================
I/BATT_ALG(  125): batt_alg_timer_handle batt_alg->ischargingfull = TRUE, fullcharge:1140001
I/BATT_ALG(  125): batt_alg_timer_handle: enter recharge checking
I/BATT_ALG(  125): vol=4170;curr=0;dis_curr=45;temp=244;id=3;level=100;chg_src=1;chg_en=0;ov_chg=0;isOver_temp=0;timer=60;safety_count=0
D/BatteryService(  231): UEvent updateBatteryStats
D/HtcPowerSaver(  231): Recived battery changed intent.
D/UsbnetService(  231): BroadcastReceiver::onReceive+
D/UsbnetService(  231): onReceive BATTERY_CHANGED
D/UsbnetService(  231):  --> pluggedType = 2, mPluggedType = 0, mScreenOff = true
D/UsbnetService(  231): BroadcastReceiver::onReceive-
D/HtcPowerSaver(  231): Checking...
I/HtcPowerSaver(  231): >> updateStatus
D/NotificationService(  231): mIntentReceiver() Intent.ACTION_BATTERY_CHANGED
D/PowerManagerService(  231): runHtcPowerSaverCheck ======================================
D/HtcPowerSaver(  231): notifyUser: Unknown Status
I/HtcPowerSaver(  231): currentStatus=8000, currentLevel=100, enableLevel=20, enable=false, popDialog=false, statusChangeTo=-1
I/HtcPowerSaver(  231): << updateStatus
D/PowerUI (  315): closing low battery warning: level=100
D/PowerUI (  315): plugged = true, health = 2, mBatteryLevel = 100, mPluggedBatteryLevel = 100, mLowBatteryWarningLevel2 = 25, mshowLowChargingWarning2 = true
D/PackageManager(  231): Failed to get PackageInfo!, pkg:com.htc.demoflorebooter, flags:1
D/SntpClient(  231): requestTime: called by Thread[ThrottleService,5,main], failed: java.net.UnknownHostException: Unable to resolve host "pool.ntp.org": No address associated with hostname
W/ThrottleService(  231): unable to find stats for iface rmnet0
W/AlarmManager(  231): RXTXtriggerAlarmsLocked
W/GCM     (29382): DIR: /data/data/com.google.android.gms/app_APP /data/data/com.google.android.gsf
D/GCM     (29382): [C2DMRegistrar.27922] Send register result  null 0 0
E/Adreno200-ES20(24223): <process_gl_state_enables:456>: GL_INVALID_ENUM
D/BatteryService(  231): updateBatteryStats ======================================
I/BATT_ALG(  125): batt_alg_timer_handle batt_alg->ischargingfull = TRUE, fullcharge:1200001
I/BATT_ALG(  125): batt_alg_timer_handle: enter recharge checking
I/BATT_ALG(  125): vol=4170;curr=0;dis_curr=49;temp=244;id=3;level=100;chg_src=1;chg_en=0;ov_chg=0;isOver_temp=0;timer=60;safety_count=0
E/Adreno200-ES20(24223): <process_gl_state_enables:456>: GL_INVALID_ENUM
I/EventLogService(29382): Aggregate from 1377357720941 (log), 1377357720941 (data)
D/BatteryService(  231): updateBatteryStats ======================================
I/BATT_ALG(  125): batt_alg_timer_handle batt_alg->ischargingfull = TRUE, fullcharge:1260001
I/BATT_ALG(  125): batt_alg_timer_handle: enter recharge checking
I/BATT_ALG(  125): vol=4170;curr=0;dis_curr=47;temp=244;id=3;level=100;chg_src=1;chg_en=0;ov_chg=0;isOver_temp=0;timer=60;safety_count=0
E/Adreno200-ES20(24223): <process_gl_state_enables:456>: GL_INVALID_ENUM
D/BatteryService(  231): updateBatteryStats ======================================
I/BATT_ALG(  125): batt_alg_timer_handle batt_alg->ischargingfull = TRUE, fullcharge:1320001
I/BATT_ALG(  125): batt_alg_timer_handle: enter recharge checking
I/BATT_ALG(  125): vol=4167;curr=0;dis_curr=47;temp=244;id=3;level=100;chg_src=1;chg_en=0;ov_chg=0;isOver_temp=0;timer=60;safety_count=0
D/BatteryService(  231): UEvent updateBatteryStats
D/HtcPowerSaver(  231): Recived battery changed intent.
D/UsbnetService(  231): BroadcastReceiver::onReceive+
D/UsbnetService(  231): onReceive BATTERY_CHANGED
D/UsbnetService(  231):  --> pluggedType = 2, mPluggedType = 0, mScreenOff = true
D/UsbnetService(  231): BroadcastReceiver::onReceive-
D/HtcPowerSaver(  231): Checking...
I/HtcPowerSaver(  231): >> updateStatus
D/HtcPowerSaver(  231): notifyUser: Unknown Status
I/HtcPowerSaver(  231): currentStatus=8000, currentLevel=100, enableLevel=20, enable=false, popDialog=false, statusChangeTo=-1
I/HtcPowerSaver(  231): << updateStatus
D/NotificationService(  231): mIntentReceiver() Intent.ACTION_BATTERY_CHANGED
D/PowerManagerService(  231): runHtcPowerSaverCheck ======================================
D/PowerUI (  315): closing low battery warning: level=100
D/PowerUI (  315): plugged = true, health = 2, mBatteryLevel = 100, mPluggedBatteryLevel = 100, mLowBatteryWarningLevel2 = 25, mshowLowChargingWarning2 = true
D/PackageManager(  231): Failed to get PackageInfo!, pkg:com.htc.demoflorebooter, flags:1
E/Adreno200-ES20(24223): <process_gl_state_enables:456>: GL_INVALID_ENUM
D/BatteryService(  231): updateBatteryStats ======================================
I/BATT_ALG(  125): batt_alg_timer_handle batt_alg->ischargingfull = TRUE, fullcharge:1380001
I/BATT_ALG(  125): batt_alg_timer_handle: enter recharge checking
I/BATT_ALG(  125): vol=4167;curr=0;dis_curr=49;temp=244;id=3;level=100;chg_src=1;chg_en=0;ov_chg=0;isOver_temp=0;timer=60;safety_count=0
D/SntpClient(  231): requestTime: called by Thread[NetworkStats,5,main], failed: java.net.UnknownHostException: Unable to resolve host "pool.ntp.org": No address associated with hostname
D/SntpClient(  231): requestTime: called by Thread[NetworkPolicy,5,main], failed: java.net.UnknownHostException: Unable to resolve host "pool.ntp.org": No address associated with hostname
E/Adreno200-ES20(24223): <process_gl_state_enables:456>: GL_INVALID_ENUM
D/BatteryService(  231): updateBatteryStats ======================================
I/BATT_ALG(  125): batt_alg_timer_handle batt_alg->ischargingfull = TRUE, fullcharge:1440001
I/BATT_ALG(  125): batt_alg_timer_handle: enter recharge checking
I/BATT_ALG(  125): vol=4167;curr=0;dis_curr=47;temp=244;id=3;level=100;chg_src=1;chg_en=0;ov_chg=0;isOver_temp=0;timer=60;safety_count=0
E/Adreno200-ES20(24223): <process_gl_state_enables:456>: GL_INVALID_ENUM
D/BatteryService(  231): updateBatteryStats ======================================
I/BATT_ALG(  125): batt_alg_timer_handle batt_alg->ischargingfull = TRUE, fullcharge:1500001
I/BATT_ALG(  125): batt_alg_timer_handle: enter recharge checking
I/BATT_ALG(  125): vol=4167;curr=0;dis_curr=49;temp=244;id=3;level=100;chg_src=1;chg_en=0;ov_chg=0;isOver_temp=0;timer=60;safety_count=0
E/Adreno200-ES20(24223): <process_gl_state_enables:456>: GL_INVALID_ENUM
D/BatteryService(  231): updateBatteryStats ======================================
I/BATT_ALG(  125): batt_alg_timer_handle batt_alg->ischargingfull = TRUE, fullcharge:1560001
I/BATT_ALG(  125): batt_alg_timer_handle: enter recharge checking
I/BATT_ALG(  125): vol=4164;curr=0;dis_curr=51;temp=244;id=3;level=100;chg_src=1;chg_en=0;ov_chg=0;isOver_temp=0;timer=60;safety_count=0
D/BatteryService(  231): UEvent updateBatteryStats
D/HtcPowerSaver(  231): Recived battery changed intent.
D/UsbnetService(  231): BroadcastReceiver::onReceive+
D/UsbnetService(  231): onReceive BATTERY_CHANGED
D/UsbnetService(  231):  --> pluggedType = 2, mPluggedType = 0, mScreenOff = true
D/UsbnetService(  231): BroadcastReceiver::onReceive-
D/HtcPowerSaver(  231): Checking...
I/HtcPowerSaver(  231): >> updateStatus
D/HtcPowerSaver(  231): notifyUser: Unknown Status
I/HtcPowerSaver(  231): currentStatus=8000, currentLevel=100, enableLevel=20, enable=false, popDialog=false, statusChangeTo=-1
I/HtcPowerSaver(  231): << updateStatus
D/NotificationService(  231): mIntentReceiver() Intent.ACTION_BATTERY_CHANGED
D/PowerManagerService(  231): runHtcPowerSaverCheck ======================================
D/PowerUI (  315): closing low battery warning: level=100
D/PowerUI (  315): plugged = true, health = 2, mBatteryLevel = 100, mPluggedBatteryLevel = 100, mLowBatteryWarningLevel2 = 25, mshowLowChargingWarning2 = true
D/PackageManager(  231): Failed to get PackageInfo!, pkg:com.htc.demoflorebooter, flags:1
E/Adreno200-ES20(24223): <process_gl_state_enables:456>: GL_INVALID_ENUM
D/BatteryService(  231): updateBatteryStats ======================================
I/BATT_ALG(  125): batt_alg_timer_handle batt_alg->ischargingfull = TRUE, fullcharge:1620001
I/BATT_ALG(  125): batt_alg_timer_handle: enter recharge checking
I/BATT_ALG(  125): vol=4164;curr=0;dis_curr=45;temp=244;id=3;level=100;chg_src=1;chg_en=0;ov_chg=0;isOver_temp=0;timer=60;safety_count=0
E/Adreno200-ES20(24223): <process_gl_state_enables:456>: GL_INVALID_ENUM
D/BatteryService(  231): updateBatteryStats ======================================
I/BATT_ALG(  125): batt_alg_timer_handle batt_alg->ischargingfull = TRUE, fullcharge:1680001
I/BATT_ALG(  125): batt_alg_timer_handle: enter recharge checking
I/BATT_ALG(  125): vol=4164;curr=0;dis_curr=49;temp=244;id=3;level=100;chg_src=1;chg_en=0;ov_chg=0;isOver_temp=0;timer=60;safety_count=0
E/Adreno200-ES20(24223): <process_gl_state_enables:456>: GL_INVALID_ENUM
D/BatteryService(  231): updateBatteryStats ======================================
I/BATT_ALG(  125): batt_alg_timer_handle batt_alg->ischargingfull = TRUE, fullcharge:1740001
I/BATT_ALG(  125): batt_alg_timer_handle: enter recharge checking
I/BATT_ALG(  125): vol=4164;curr=0;dis_curr=41;temp=244;id=3;level=100;chg_src=1;chg_en=0;ov_chg=0;isOver_temp=0;timer=60;safety_count=0
D/SntpClient(  231): requestTime: called by Thread[ThrottleService,5,main], failed: java.net.UnknownHostException: Unable to resolve host "pool.ntp.org": No address associated with hostname
W/ThrottleService(  231): unable to find stats for iface rmnet0
W/AlarmManager(  231): RXTXtriggerAlarmsLocked
W/GCM     (29382): DIR: /data/data/com.google.android.gms/app_APP /data/data/com.google.android.gsf
D/GCM     (29382): [C2DMRegistrar.27923] Send register result  null 0 0
E/Adreno200-ES20(24223): <process_gl_state_enables:456>: GL_INVALID_ENUM
D/BatteryService(  231): updateBatteryStats ======================================
I/BATT_ALG(  125): batt_alg_timer_handle batt_alg->ischargingfull = TRUE, fullcharge:1800001
I/BATT_ALG(  125): batt_alg_timer_handle: enter recharge checking
I/BATT_ALG(  125): vol=4164;curr=0;dis_curr=43;temp=244;id=3;level=100;chg_src=1;chg_en=0;ov_chg=0;isOver_temp=0;timer=60;safety_count=0
E/Adreno200-ES20(24223): <process_gl_state_enables:456>: GL_INVALID_ENUM
D/BatteryService(  231): updateBatteryStats ======================================
I/BATT_ALG(  125): batt_alg_timer_handle batt_alg->ischargingfull = TRUE, fullcharge:1860001
I/BATT_ALG(  125): batt_alg_timer_handle: enter recharge checking
I/BATT_ALG(  125): vol=4164;curr=0;dis_curr=43;temp=244;id=3;level=100;chg_src=1;chg_en=0;ov_chg=0;isOver_temp=0;timer=60;safety_count=0
E/Adreno200-ES20(24223): <process_gl_state_enables:456>: GL_INVALID_ENUM
D/BatteryService(  231): updateBatteryStats ======================================
I/BATT_ALG(  125): batt_alg_timer_handle batt_alg->ischargingfull = TRUE, fullcharge:1920001
I/BATT_ALG(  125): batt_alg_timer_handle: enter recharge checking
I/BATT_ALG(  125): vol=4161;curr=0;dis_curr=43;temp=244;id=3;level=100;chg_src=1;chg_en=0;ov_chg=0;isOver_temp=0;timer=60;safety_count=0
D/BatteryService(  231): UEvent updateBatteryStats
D/HtcPowerSaver(  231): Recived battery changed intent.
D/UsbnetService(  231): BroadcastReceiver::onReceive+
D/UsbnetService(  231): onReceive BATTERY_CHANGED
D/UsbnetService(  231):  --> pluggedType = 2, mPluggedType = 0, mScreenOff = true
D/UsbnetService(  231): BroadcastReceiver::onReceive-
D/HtcPowerSaver(  231): Checking...
I/HtcPowerSaver(  231): >> updateStatus
D/HtcPowerSaver(  231): notifyUser: Unknown Status
I/HtcPowerSaver(  231): currentStatus=8000, currentLevel=100, enableLevel=20, enable=false, popDialog=false, statusChangeTo=-1
I/HtcPowerSaver(  231): << updateStatus
D/NotificationService(  231): mIntentReceiver() Intent.ACTION_BATTERY_CHANGED
D/PowerManagerService(  231): runHtcPowerSaverCheck ======================================
D/PackageManager(  231): Failed to get PackageInfo!, pkg:com.htc.demoflorebooter, flags:1
D/PowerUI (  315): closing low battery warning: level=100
D/PowerUI (  315): plugged = true, health = 2, mBatteryLevel = 100, mPluggedBatteryLevel = 100, mLowBatteryWarningLevel2 = 25, mshowLowChargingWarning2 = true
D/dalvikvm(  315): GC_CONCURRENT freed 1714K, 57% free 7512K/17443K, paused 4ms+6ms
E/Adreno200-ES20(24223): <process_gl_state_enables:456>: GL_INVALID_ENUM
D/BatteryService(  231): updateBatteryStats ======================================
I/BATT_ALG(  125): batt_alg_timer_handle batt_alg->ischargingfull = TRUE, fullcharge:1980001
I/BATT_ALG(  125): batt_alg_timer_handle: enter recharge checking
I/BATT_ALG(  125): vol=4161;curr=0;dis_curr=43;temp=244;id=3;level=100;chg_src=1;chg_en=0;ov_chg=0;isOver_temp=0;timer=60;safety_count=0
E/Adreno200-ES20(24223): <process_gl_state_enables:456>: GL_INVALID_ENUM
D/BatteryService(  231): updateBatteryStats ======================================
I/BATT_ALG(  125): batt_alg_timer_handle batt_alg->ischargingfull = TRUE, fullcharge:2040001
I/BATT_ALG(  125): batt_alg_timer_handle: enter recharge checking
I/BATT_ALG(  125): vol=4161;curr=0;dis_curr=45;temp=244;id=3;level=100;chg_src=1;chg_en=0;ov_chg=0;isOver_temp=0;timer=60;safety_count=0
E/Adreno200-ES20(24223): <process_gl_state_enables:456>: GL_INVALID_ENUM
D/BatteryService(  231): updateBatteryStats ======================================
I/BATT_ALG(  125): batt_alg_timer_handle batt_alg->ischargingfull = TRUE, fullcharge:2100001
I/BATT_ALG(  125): batt_alg_timer_handle: enter recharge checking
I/BATT_ALG(  125): vol=4161;curr=0;dis_curr=43;temp=244;id=3;level=100;chg_src=1;chg_en=0;ov_chg=0;isOver_temp=0;timer=60;safety_count=0
E/Adreno200-ES20(24223): <process_gl_state_enables:456>: GL_INVALID_ENUM
D/BatteryService(  231): updateBatteryStats ======================================
I/BATT_ALG(  125): batt_alg_timer_handle batt_alg->ischargingfull = TRUE, fullcharge:2160001
I/BATT_ALG(  125): batt_alg_timer_handle: enter recharge checking
I/BATT_ALG(  125): vol=4161;curr=0;dis_curr=39;temp=244;id=3;level=100;chg_src=1;chg_en=0;ov_chg=0;isOver_temp=0;timer=60;safety_count=0
E/Adreno200-ES20(24223): <process_gl_state_enables:456>: GL_INVALID_ENUM
V/BackupManagerService(  231): Running a backup pass
V/BackupManagerService(  231): Backup requested but nothing pending
D/BatteryService(  231): updateBatteryStats ======================================
I/BATT_ALG(  125): batt_alg_timer_handle batt_alg->ischargingfull = TRUE, fullcharge:2220001
I/BATT_ALG(  125): batt_alg_timer_handle: enter recharge checking
I/BATT_ALG(  125): vol=4158;curr=0;dis_curr=43;temp=244;id=3;level=100;chg_src=1;chg_en=0;ov_chg=0;isOver_temp=0;timer=60;safety_count=0
D/BatteryService(  231): UEvent updateBatteryStats
D/HtcPowerSaver(  231): Recived battery changed intent.
D/UsbnetService(  231): BroadcastReceiver::onReceive+
D/UsbnetService(  231): onReceive BATTERY_CHANGED
D/UsbnetService(  231):  --> pluggedType = 2, mPluggedType = 0, mScreenOff = true
D/UsbnetService(  231): BroadcastReceiver::onReceive-
D/HtcPowerSaver(  231): Checking...
I/HtcPowerSaver(  231): >> updateStatus
D/HtcPowerSaver(  231): notifyUser: Unknown Status
I/HtcPowerSaver(  231): currentStatus=8000, currentLevel=100, enableLevel=20, enable=false, popDialog=false, statusChangeTo=-1
I/HtcPowerSaver(  231): << updateStatus
D/NotificationService(  231): mIntentReceiver() Intent.ACTION_BATTERY_CHANGED
D/PowerManagerService(  231): runHtcPowerSaverCheck ======================================
D/PowerUI (  315): closing low battery warning: level=100
D/PowerUI (  315): plugged = true, health = 2, mBatteryLevel = 100, mPluggedBatteryLevel = 100, mLowBatteryWarningLevel2 = 25, mshowLowChargingWarning2 = true
D/PackageManager(  231): Failed to get PackageInfo!, pkg:com.htc.demoflorebooter, flags:1
E/Adreno200-ES20(24223): <process_gl_state_enables:456>: GL_INVALID_ENUM
I/WSP     (32361): [Receiver] EVENT - ALARM MANAGER (AUTO-SYNC)
W/WSP     (32361): [Receiver] can't get active network info
D/BatteryService(  231): updateBatteryStats ======================================
I/BATT_ALG(  125): batt_alg_timer_handle batt_alg->ischargingfull = TRUE, fullcharge:2280001
I/BATT_ALG(  125): batt_alg_timer_handle: enter recharge checking
I/BATT_ALG(  125): vol=4158;curr=0;dis_curr=45;temp=244;id=3;level=100;chg_src=1;chg_en=0;ov_chg=0;isOver_temp=0;timer=60;safety_count=0
W/System.err(16610): java.lang.IllegalArgumentException: Unsupported op code: 1002
W/System.err(16610): 	at com.google.android.apps.plus.service.EsService.processIntent(EsService.java:3828)
W/System.err(16610): 	at com.google.android.apps.plus.service.ServiceThread$1.run(ServiceThread.java:50)
W/System.err(16610): 	at android.os.Handler.handleCallback(Handler.java:605)
W/System.err(16610): 	at android.os.Handler.dispatchMessage(Handler.java:92)
W/System.err(16610): 	at android.os.Looper.loop(Looper.java:154)
W/System.err(16610): 	at com.google.android.apps.plus.service.ServiceThread.run(ServiceThread.java:122)
E/EsService(16610): onIntentProcessed: Unhandled op code: 1002
E/Adreno200-ES20(24223): <process_gl_state_enables:456>: GL_INVALID_ENUM
D/BatteryService(  231): updateBatteryStats ======================================
I/BATT_ALG(  125): batt_alg_timer_handle batt_alg->ischargingfull = TRUE, fullcharge:2340001
I/BATT_ALG(  125): batt_alg_timer_handle: enter recharge checking
I/BATT_ALG(  125): vol=4158;curr=0;dis_curr=45;temp=244;id=3;level=100;chg_src=1;chg_en=0;ov_chg=0;isOver_temp=0;timer=60;safety_count=0
D/SntpClient(  231): requestTime: called by Thread[ThrottleService,5,main], failed: java.net.UnknownHostException: Unable to resolve host "pool.ntp.org": No address associated with hostname
W/ThrottleService(  231): unable to find stats for iface rmnet0
W/AlarmManager(  231): RXTXtriggerAlarmsLocked
W/GCM     (29382): DIR: /data/data/com.google.android.gms/app_APP /data/data/com.google.android.gsf
D/GCM     (29382): [C2DMRegistrar.27924] Send register result  null 0 0
E/Adreno200-ES20(24223): <process_gl_state_enables:456>: GL_INVALID_ENUM
D/BatteryService(  231): updateBatteryStats ======================================
I/BATT_ALG(  125): batt_alg_timer_handle batt_alg->ischargingfull = TRUE, fullcharge:2400001
I/BATT_ALG(  125): batt_alg_timer_handle: enter recharge checking
I/BATT_ALG(  125): vol=4155;curr=0;dis_curr=43;temp=244;id=3;level=100;chg_src=1;chg_en=0;ov_chg=0;isOver_temp=0;timer=60;safety_count=0
D/BatteryService(  231): UEvent updateBatteryStats
D/HtcPowerSaver(  231): Recived battery changed intent.
D/UsbnetService(  231): BroadcastReceiver::onReceive+
D/UsbnetService(  231): onReceive BATTERY_CHANGED
D/UsbnetService(  231):  --> pluggedType = 2, mPluggedType = 0, mScreenOff = true
D/UsbnetService(  231): BroadcastReceiver::onReceive-
D/NotificationService(  231): mIntentReceiver() Intent.ACTION_BATTERY_CHANGED
D/HtcPowerSaver(  231): Checking...
I/HtcPowerSaver(  231): >> updateStatus
D/HtcPowerSaver(  231): notifyUser: Unknown Status
I/HtcPowerSaver(  231): currentStatus=8000, currentLevel=100, enableLevel=20, enable=false, popDialog=false, statusChangeTo=-1
I/HtcPowerSaver(  231): << updateStatus
D/PowerManagerService(  231): runHtcPowerSaverCheck ======================================
D/PowerUI (  315): closing low battery warning: level=100
D/PowerUI (  315): plugged = true, health = 2, mBatteryLevel = 100, mPluggedBatteryLevel = 100, mLowBatteryWarningLevel2 = 25, mshowLowChargingWarning2 = true
D/PackageManager(  231): Failed to get PackageInfo!, pkg:com.htc.demoflorebooter, flags:1
E/Adreno200-ES20(24223): <process_gl_state_enables:456>: GL_INVALID_ENUM
D/BatteryService(  231): updateBatteryStats ======================================
I/BATT_ALG(  125): batt_alg_timer_handle batt_alg->ischargingfull = TRUE, fullcharge:2460001
I/BATT_ALG(  125): batt_alg_timer_handle: enter recharge checking
I/BATT_ALG(  125): vol=4155;curr=0;dis_curr=45;temp=244;id=3;level=100;chg_src=1;chg_en=0;ov_chg=0;isOver_temp=0;timer=60;safety_count=0
E/Adreno200-ES20(24223): <process_gl_state_enables:456>: GL_INVALID_ENUM
D/BatteryService(  231): updateBatteryStats ======================================
I/BATT_ALG(  125): batt_alg_timer_handle batt_alg->ischargingfull = TRUE, fullcharge:2520001
I/BATT_ALG(  125): batt_alg_timer_handle: enter recharge checking
I/BATT_ALG(  125): vol=4155;curr=0;dis_curr=45;temp=244;id=3;level=100;chg_src=1;chg_en=0;ov_chg=0;isOver_temp=0;timer=60;safety_count=0
E/Adreno200-ES20(24223): <process_gl_state_enables:456>: GL_INVALID_ENUM
D/BatteryService(  231): updateBatteryStats ======================================
I/BATT_ALG(  125): batt_alg_timer_handle batt_alg->ischargingfull = TRUE, fullcharge:2580001
I/BATT_ALG(  125): batt_alg_timer_handle: enter recharge checking
I/BATT_ALG(  125): vol=4155;curr=0;dis_curr=43;temp=244;id=3;level=100;chg_src=1;chg_en=0;ov_chg=0;isOver_temp=0;timer=60;safety_count=0
E/Adreno200-ES20(24223): <process_gl_state_enables:456>: GL_INVALID_ENUM
D/BatteryService(  231): updateBatteryStats ======================================
I/BATT_ALG(  125): batt_alg_timer_handle batt_alg->ischargingfull = TRUE, fullcharge:2640001
I/BATT_ALG(  125): batt_alg_timer_handle: enter recharge checking
I/BATT_ALG(  125): vol=4152;curr=0;dis_curr=41;temp=244;id=3;level=100;chg_src=1;chg_en=0;ov_chg=0;isOver_temp=0;timer=60;safety_count=0
D/BatteryService(  231): UEvent updateBatteryStats
D/HtcPowerSaver(  231): Recived battery changed intent.
D/UsbnetService(  231): BroadcastReceiver::onReceive+
D/UsbnetService(  231): onReceive BATTERY_CHANGED
D/UsbnetService(  231):  --> pluggedType = 2, mPluggedType = 0, mScreenOff = true
D/UsbnetService(  231): BroadcastReceiver::onReceive-
D/HtcPowerSaver(  231): Checking...
I/HtcPowerSaver(  231): >> updateStatus
D/HtcPowerSaver(  231): notifyUser: Unknown Status
I/HtcPowerSaver(  231): currentStatus=8000, currentLevel=100, enableLevel=20, enable=false, popDialog=false, statusChangeTo=-1
I/HtcPowerSaver(  231): << updateStatus
D/NotificationService(  231): mIntentReceiver() Intent.ACTION_BATTERY_CHANGED
D/PowerManagerService(  231): runHtcPowerSaverCheck ======================================
D/PowerUI (  315): closing low battery warning: level=100
D/PowerUI (  315): plugged = true, health = 2, mBatteryLevel = 100, mPluggedBatteryLevel = 100, mLowBatteryWarningLevel2 = 25, mshowLowChargingWarning2 = true
D/PackageManager(  231): Failed to get PackageInfo!, pkg:com.htc.demoflorebooter, flags:1
V/UsbDeviceManager(  231): [USBNET] USB UEVENT: {USB_STATE=CONNECTED, SUBSYSTEM=android_usb, DEVPATH=/devices/virtual/android_usb/android0, SEQNUM=147130, ACTION=change}
D/UsbDeviceManager(  231): [USBNET] handleMessage: 0; mConnected=false, mConfiguration=false
D/UsbnetService(  231): BroadcastReceiver::onReceive+
D/UsbnetService(  231): onReceive ACTION_USB_STATE: true
D/UsbnetService(  231): BroadcastReceiver::onReceive-
W/Vold    (  106): Cannot open CDROM ISO file
W/Vold    (  106): USB connected
W/Vold    (  106): Share method ums now available
V/UsbDeviceManager(  231): [USBNET] USB UEVENT: {USB_STATE=CONFIGURED, SUBSYSTEM=android_usb, DEVPATH=/devices/virtual/android_usb/android0, SEQNUM=147131, ACTION=change}
V/UsbDeviceManager(  231): [USBNET] USB UEVENT: {SUBSYSTEM=switch, SWITCH_STATE=1, DEVPATH=/devices/virtual/switch/usb_connect2pc, SEQNUM=147132, ACTION=change, SWITCH_NAME=usb_connect2pc}
D/UsbDeviceManager(  231): [USBNET] update2: 5,0
D/Tethering(  231): got USB_STATE change: usbConnected=true, mRndisEnabled=false, mUsbTetherRequested=false
I/MountService(  231): onEvent:: raw= 620 Share method ums now available cooked =  620 Share method ums now available
D/UsbDeviceManager(  231): sendStickyBroadcast ACTION_USB_STATE: true,false
D/UsbDeviceManager(  231): [USBNET] handleMessage: 0; mConnected=true, mConfiguration=false
D/UsbnetService(  231): BroadcastReceiver::onReceive+
D/UsbnetService(  231): onReceive ACTION_USB_STATE: true
D/UsbnetService(  231): BroadcastReceiver::onReceive-
D/Tethering(  231): got USB_STATE change: usbConnected=true, mRndisEnabled=false, mUsbTetherRequested=false
I/ActivityManager(  231): Start proc android.process.media for broadcast com.android.providers.media/.UsbReceiver: pid=13412 uid=10016 gids={1015, 1023, 1024, 5001, 5002, 2001, 3003, 3007}
D/UsbDeviceManager(  231): sendStickyBroadcast ACTION_USB_STATE: true,true
D/UsbDeviceManager(  231): [USBNET] handleMessage: 5; mConnected=true, mConfiguration=true
D/UsbDeviceManager(  231): [USBNET] sendStickyBroadcast ACTION_USB_CONNECT2PC: 1
I/ActivityThread(13412): Pub downloads: com.android.providers.downloads.DownloadProvider
I/StorageNotification(  315): UMS connection changed to true (media state removed)
D/DownloadManager(13412): DownloadProvider check: SD card is not ready 
I/ActivityThread(13412): Pub drm: com.android.providers.drm.DrmProvider
I/ActivityThread(13412): Pub media: com.android.providers.media.MediaProvider
D/MediaProvider(13412): [MediaProvider][onCreate]-
D/UsbReceiver(13412): [MTP][UsbReceiver][onReceive]+
D/UsbReceiver(13412): [MTP][UsbReceiver][onReceive]+
D/UsbConnectedReceiver(32361): action = android.hardware.usb.action.USB_CONNECT2PC
D/Process (  231): killProcessQuiet, pid=6824
D/Process (  231): dalvik.system.VMStack.getThreadStackTrace(Native Method)
D/Process (  231): java.lang.Thread.getStackTrace(Thread.java:599)
D/Process (  231): android.os.Process.killProcessQuiet(Process.java:820)
D/Process (  231): com.android.server.am.ActivityManagerService.updateOomAdjLocked(ActivityManagerService.java:15198)
D/Process (  231): com.android.server.am.ActivityManagerService.updateLruProcessInternalLocked(ActivityManagerService.java:1937)
D/Process (  231): com.android.server.am.ActivityManagerService.updateLruProcessLocked(ActivityManagerService.java:1944)
D/Process (  231): com.android.server.am.ActivityManagerService.processCurBroadcastLocked(ActivityManagerService.java:13428)
D/Process (  231): com.android.server.am.ActivityManagerService.processNextBroadcast(ActivityManagerService.java:13853)
D/Process (  231): com.android.server.am.ActivityManagerService.finishReceiver(ActivityManagerService.java:13256)
D/Process (  231): android.app.ActivityManagerNative.onTransact(ActivityManagerNative.java:336)
D/Process (  231): com.android.server.am.ActivityManagerService.onTransact(ActivityManagerService.java:1699)
D/Process (  231): android.os.Binder.execTransact(Binder.java:338)
D/Process (  231): dalvik.system.NativeStart.run(Native Method)
D/PSCommon(32361): state = 0
I/ActivityManager(  231): No longer want com.hotmail.Z7:engine (pid 6824): hidden #16, adj=14
D/PSCommon(32361): status = offline
D/PSCommon(32361): -initialDefaultSettingForFota()
D/PSCommon(32361): Don't need to initial.
D/UsbConnectedReceiver(32361): USB Connected.
D/PSCommon(32361): isMFGBuild() = false
D/PSCommon(32361): usb_cable_connect = 1
D/UsbConnectedReceiver(32361): Launch Usb connection UI
I/ActivityManager(  231): START intent from pid 32361
D/ConnectivityService(  231): onUidRulesChanged(uid=10010, uidRules=0)
D/ConnectivityService(  231): onUidRulesChanged(uid=1000, uidRules=0)
D/memalloc(29347): /dev/pmem: Unmapping buffer base:0x54b32000 size:16084992 offset:13996032
D/memalloc(  110): /dev/pmem: Freeing buffer base:0x42e96000 size:2088960 offset:13996032 fd:66
D/memalloc(29347): /dev/pmem: Unmapping buffer base:0x5338f000 size:12185600 offset:10096640
D/PSReceiver(29347): onReceive : android.hardware.usb.action.USB_CONNECT2PC
D/memalloc(  110): /dev/pmem: Freeing buffer base:0x42ade000 size:2088960 offset:10096640 fd:58
D/PSReceiver(29347): USB Plugged, Set USBPlugged=  true
I/MLReceiver(29347): customizedML:false
I/MLReceiver(29347): sp customizedML:false
I/MLReceiver(29347): customizedNS2:truecustomizedML2:false
I/MLReceiver(29347): LAN Type:false ML Type:true
I/MLReceiver(29347): IS Type:true IS_ML:false
I/NetSharing_NSReceiver(29347): customizedNS:true
I/NetSharing_NSReceiver(29347): sp customizedNS:true
I/NetSharing_NSReceiver(29347): customizedNS2:truecustomizedML2:false
I/NetSharing_NSReceiver(29347): LAN Type:false ML Type:true
I/NetSharing_NSReceiver(29347): IS Type:true IS_ML:false
D/NetSharing_NSReceiver(29347): onReceive : com.htc.usb.change
D/NetSharing_NSReceiver(29347): USB = true hasTethered = false
