D/BatteryService(  231): updateBatteryStats ======================================
D/BatteryService(  231): updateBatteryStats ======================================
W/ThrottleService(  231): unable to find stats for iface rmnet0
W/AlarmManager(  231): RXTXtriggerAlarmsLocked
I/ActivityManager(  231): Start proc com.android.vending for service com.android.vending/com.google.android.finsky.services.DailyHygiene: pid=5641 uid=10083 gids={3003, 1015}
I/PackageManager(  231):  setEnabledSetting(), pkgName=com.android.vending, clsName=com.android.vending.AssetBrowserActivity, state=1, flag=1, pid=5641, uid=10083
D/Socket_Alarm( 5641): registerHTCSocketMonitorCallBack
D/Socket_Alarm( 5641): set mSocketMonitor
D/Socket_Alarm( 5641): HTCSocketMonitorImpl::HTCSocketMonitorImpl
I/ActivityManager(  231): Start proc android.process.media for content provider com.android.providers.downloads/.DownloadProvider: pid=5671 uid=10016 gids={1015, 1023, 1024, 5001, 5002, 2001, 3003, 3007}
I/ActivityManager(  231): No longer want com.htc.android.Stock (pid 2799): hidden #16, adj=14
D/ActivityManager(  231): Config after re-evaluted by window manager: null
I/ActivityManager(  231): No longer want com.hotmail.Z7:client (pid 2831): hidden #16, adj=14
D/ActivityManager(  231): Config after re-evaluted by window manager: null
D/BatteryService(  231): updateBatteryStats ======================================
D/BatteryService(  231): UEvent updateBatteryStats
D/NotificationService(  231): mIntentReceiver() Intent.ACTION_BATTERY_CHANGED
D/PowerManagerService(  231): runHtcPowerSaverCheck ======================================
D/PowerUI (  315): closing low battery warning: level=100
D/PowerUI (  315): plugged = true, health = 2, mBatteryLevel = 100, mPluggedBatteryLevel = 100, mLowBatteryWarningLevel2 = 25, mshowLowChargingWarning2 = true
D/BatteryService(  231): updateBatteryStats ======================================
D/BatteryService(  231): updateBatteryStats ======================================
D/BatteryService(  231): updateBatteryStats ======================================
D/BatteryService(  231): updateBatteryStats ======================================
D/BatteryService(  231): updateBatteryStats ======================================
D/BatteryService(  231): updateBatteryStats ======================================
D/BatteryService(  231): updateBatteryStats ======================================
D/BatteryService(  231): updateBatteryStats ======================================
D/BatteryService(  231): updateBatteryStats ======================================
D/BatteryService(  231): UEvent updateBatteryStats
D/NotificationService(  231): mIntentReceiver() Intent.ACTION_BATTERY_CHANGED
D/PowerManagerService(  231): runHtcPowerSaverCheck ======================================
D/PowerUI (  315): closing low battery warning: level=100
D/PowerUI (  315): plugged = true, health = 2, mBatteryLevel = 100, mPluggedBatteryLevel = 100, mLowBatteryWarningLevel2 = 25, mshowLowChargingWarning2 = true
W/ThrottleService(  231): unable to find stats for iface rmnet0
W/AlarmManager(  231): RXTXtriggerAlarmsLocked
D/BatteryService(  231): updateBatteryStats ======================================
D/BatteryService(  231): UEvent updateBatteryStats
D/NotificationService(  231): mIntentReceiver() Intent.ACTION_BATTERY_CHANGED
D/PowerManagerService(  231): runHtcPowerSaverCheck ======================================
D/PowerUI (  315): closing low battery warning: level=100
D/PowerUI (  315): plugged = true, health = 2, mBatteryLevel = 100, mPluggedBatteryLevel = 100, mLowBatteryWarningLevel2 = 25, mshowLowChargingWarning2 = true
D/BatteryService(  231): updateBatteryStats ======================================
D/BatteryService(  231): updateBatteryStats ======================================
D/BatteryService(  231): updateBatteryStats ======================================
D/BatteryService(  231): UEvent updateBatteryStats
D/NotificationService(  231): mIntentReceiver() Intent.ACTION_BATTERY_CHANGED
D/PowerManagerService(  231): runHtcPowerSaverCheck ======================================
D/PowerUI (  315): closing low battery warning: level=100
D/PowerUI (  315): plugged = true, health = 2, mBatteryLevel = 100, mPluggedBatteryLevel = 100, mLowBatteryWarningLevel2 = 25, mshowLowChargingWarning2 = true
D/BatteryService(  231): updateBatteryStats ======================================
D/BatteryService(  231): UEvent updateBatteryStats
D/NotificationService(  231): mIntentReceiver() Intent.ACTION_BATTERY_CHANGED
D/PowerManagerService(  231): runHtcPowerSaverCheck ======================================
D/PowerUI (  315): closing low battery warning: level=100
D/PowerUI (  315): plugged = true, health = 2, mBatteryLevel = 100, mPluggedBatteryLevel = 100, mLowBatteryWarningLevel2 = 25, mshowLowChargingWarning2 = true
D/BatteryService(  231): updateBatteryStats ======================================
D/BatteryService(  231): UEvent updateBatteryStats
D/NotificationService(  231): mIntentReceiver() Intent.ACTION_BATTERY_CHANGED
D/PowerManagerService(  231): runHtcPowerSaverCheck ======================================
D/PowerUI (  315): closing low battery warning: level=100
D/PowerUI (  315): plugged = true, health = 2, mBatteryLevel = 100, mPluggedBatteryLevel = 100, mLowBatteryWarningLevel2 = 25, mshowLowChargingWarning2 = true
D/BatteryService(  231): updateBatteryStats ======================================
D/BatteryService(  231): updateBatteryStats ======================================
V/BackupManagerService(  231): Running a backup pass
V/BackupManagerService(  231): Backup requested but nothing pending
D/BatteryService(  231): updateBatteryStats ======================================
D/BatteryService(  231): UEvent updateBatteryStats
D/NotificationService(  231): mIntentReceiver() Intent.ACTION_BATTERY_CHANGED
D/PowerManagerService(  231): runHtcPowerSaverCheck ======================================
D/PowerUI (  315): closing low battery warning: level=100
D/PowerUI (  315): plugged = true, health = 2, mBatteryLevel = 100, mPluggedBatteryLevel = 100, mLowBatteryWarningLevel2 = 25, mshowLowChargingWarning2 = true
D/BatteryService(  231): updateBatteryStats ======================================
D/BatteryService(  231): UEvent updateBatteryStats
D/NotificationService(  231): mIntentReceiver() Intent.ACTION_BATTERY_CHANGED
D/PowerManagerService(  231): runHtcPowerSaverCheck ======================================
D/PowerUI (  315): closing low battery warning: level=100
D/PowerUI (  315): plugged = true, health = 2, mBatteryLevel = 100, mPluggedBatteryLevel = 100, mLowBatteryWarningLevel2 = 25, mshowLowChargingWarning2 = true
W/ThrottleService(  231): unable to find stats for iface rmnet0
W/AlarmManager(  231): RXTXtriggerAlarmsLocked
D/BatteryService(  231): updateBatteryStats ======================================
D/BatteryService(  231): updateBatteryStats ======================================
D/BatteryService(  231): updateBatteryStats ======================================
D/BatteryService(  231): updateBatteryStats ======================================
D/BatteryService(  231): UEvent updateBatteryStats
D/NotificationService(  231): mIntentReceiver() Intent.ACTION_BATTERY_CHANGED
D/PowerManagerService(  231): runHtcPowerSaverCheck ======================================
D/PowerUI (  315): closing low battery warning: level=100
D/PowerUI (  315): plugged = true, health = 2, mBatteryLevel = 100, mPluggedBatteryLevel = 100, mLowBatteryWarningLevel2 = 25, mshowLowChargingWarning2 = true
D/BatteryService(  231): updateBatteryStats ======================================
D/BatteryService(  231): updateBatteryStats ======================================
D/BatteryService(  231): updateBatteryStats ======================================
D/BatteryService(  231): updateBatteryStats ======================================
D/BatteryService(  231): UEvent updateBatteryStats
D/NotificationService(  231): mIntentReceiver() Intent.ACTION_BATTERY_CHANGED
D/PowerManagerService(  231): runHtcPowerSaverCheck ======================================
D/PowerUI (  315): closing low battery warning: level=100
D/PowerUI (  315): plugged = true, health = 2, mBatteryLevel = 100, mPluggedBatteryLevel = 100, mLowBatteryWarningLevel2 = 25, mshowLowChargingWarning2 = true
D/BatteryService(  231): updateBatteryStats ======================================
D/BatteryService(  231): UEvent updateBatteryStats
D/NotificationService(  231): mIntentReceiver() Intent.ACTION_BATTERY_CHANGED
D/PowerManagerService(  231): runHtcPowerSaverCheck ======================================
D/PowerUI (  315): closing low battery warning: level=100
D/PowerUI (  315): plugged = true, health = 2, mBatteryLevel = 100, mPluggedBatteryLevel = 100, mLowBatteryWarningLevel2 = 25, mshowLowChargingWarning2 = true
D/BatteryService(  231): updateBatteryStats ======================================
W/ThrottleService(  231): unable to find stats for iface rmnet0
W/AlarmManager(  231): RXTXtriggerAlarmsLocked
D/BatteryService(  231): updateBatteryStats ======================================
D/BatteryService(  231): updateBatteryStats ======================================
D/BatteryService(  231): updateBatteryStats ======================================
D/BatteryService(  231): updateBatteryStats ======================================
D/BatteryService(  231): UEvent updateBatteryStats
D/NotificationService(  231): mIntentReceiver() Intent.ACTION_BATTERY_CHANGED
D/PowerManagerService(  231): runHtcPowerSaverCheck ======================================
D/PowerUI (  315): closing low battery warning: level=100
D/PowerUI (  315): plugged = true, health = 2, mBatteryLevel = 100, mPluggedBatteryLevel = 100, mLowBatteryWarningLevel2 = 25, mshowLowChargingWarning2 = true
D/BatteryService(  231): updateBatteryStats ======================================
D/BatteryService(  231): UEvent updateBatteryStats
D/NotificationService(  231): mIntentReceiver() Intent.ACTION_BATTERY_CHANGED
D/PowerManagerService(  231): runHtcPowerSaverCheck ======================================
D/PowerUI (  315): closing low battery warning: level=100
D/PowerUI (  315): plugged = true, health = 2, mBatteryLevel = 100, mPluggedBatteryLevel = 100, mLowBatteryWarningLevel2 = 25, mshowLowChargingWarning2 = true
D/BatteryService(  231): updateBatteryStats ======================================
D/BatteryService(  231): UEvent updateBatteryStats
D/NotificationService(  231): mIntentReceiver() Intent.ACTION_BATTERY_CHANGED
D/PowerManagerService(  231): runHtcPowerSaverCheck ======================================
D/PowerUI (  315): closing low battery warning: level=100
D/PowerUI (  315): plugged = true, health = 2, mBatteryLevel = 100, mPluggedBatteryLevel = 100, mLowBatteryWarningLevel2 = 25, mshowLowChargingWarning2 = true
D/BatteryService(  231): updateBatteryStats ======================================
D/BatteryService(  231): UEvent updateBatteryStats
D/NotificationService(  231): mIntentReceiver() Intent.ACTION_BATTERY_CHANGED
D/PowerManagerService(  231): runHtcPowerSaverCheck ======================================
D/PowerUI (  315): closing low battery warning: level=100
D/PowerUI (  315): plugged = true, health = 2, mBatteryLevel = 100, mPluggedBatteryLevel = 100, mLowBatteryWarningLevel2 = 25, mshowLowChargingWarning2 = true
D/BatteryService(  231): updateBatteryStats ======================================
D/BatteryService(  231): updateBatteryStats ======================================
D/BatteryService(  231): updateBatteryStats ======================================
W/ThrottleService(  231): unable to find stats for iface rmnet0
W/AlarmManager(  231): RXTXtriggerAlarmsLocked
D/BatteryService(  231): updateBatteryStats ======================================
D/BatteryService(  231): UEvent updateBatteryStats
D/NotificationService(  231): mIntentReceiver() Intent.ACTION_BATTERY_CHANGED
D/PowerManagerService(  231): runHtcPowerSaverCheck ======================================
D/PowerUI (  315): closing low battery warning: level=100
D/PowerUI (  315): plugged = true, health = 2, mBatteryLevel = 100, mPluggedBatteryLevel = 100, mLowBatteryWarningLevel2 = 25, mshowLowChargingWarning2 = true
D/BatteryService(  231): updateBatteryStats ======================================
D/BatteryService(  231): updateBatteryStats ======================================
D/BatteryService(  231): UEvent updateBatteryStats
D/NotificationService(  231): mIntentReceiver() Intent.ACTION_BATTERY_CHANGED
D/PowerManagerService(  231): runHtcPowerSaverCheck ======================================
D/PowerUI (  315): closing low battery warning: level=100
D/PowerUI (  315): plugged = true, health = 2, mBatteryLevel = 100, mPluggedBatteryLevel = 100, mLowBatteryWarningLevel2 = 25, mshowLowChargingWarning2 = true
D/BatteryService(  231): updateBatteryStats ======================================
D/BatteryService(  231): updateBatteryStats ======================================
D/BatteryService(  231): updateBatteryStats ======================================
D/BatteryService(  231): updateBatteryStats ======================================
D/BatteryService(  231): UEvent updateBatteryStats
D/NotificationService(  231): mIntentReceiver() Intent.ACTION_BATTERY_CHANGED
D/PowerManagerService(  231): runHtcPowerSaverCheck ======================================
D/PowerUI (  315): closing low battery warning: level=100
D/PowerUI (  315): plugged = true, health = 2, mBatteryLevel = 100, mPluggedBatteryLevel = 100, mLowBatteryWarningLevel2 = 25, mshowLowChargingWarning2 = true
D/BatteryService(  231): updateBatteryStats ======================================
D/BatteryService(  231): updateBatteryStats ======================================
D/BatteryService(  231): updateBatteryStats ======================================
W/ThrottleService(  231): unable to find stats for iface rmnet0
W/AlarmManager(  231): RXTXtriggerAlarmsLocked
D/BatteryService(  231): updateBatteryStats ======================================
D/BatteryService(  231): UEvent updateBatteryStats
D/NotificationService(  231): mIntentReceiver() Intent.ACTION_BATTERY_CHANGED
D/PowerManagerService(  231): runHtcPowerSaverCheck ======================================
D/PowerUI (  315): closing low battery warning: level=100
D/PowerUI (  315): plugged = true, health = 2, mBatteryLevel = 100, mPluggedBatteryLevel = 100, mLowBatteryWarningLevel2 = 25, mshowLowChargingWarning2 = true
D/BatteryService(  231): updateBatteryStats ======================================
D/BatteryService(  231): UEvent updateBatteryStats
D/NotificationService(  231): mIntentReceiver() Intent.ACTION_BATTERY_CHANGED
D/PowerManagerService(  231): runHtcPowerSaverCheck ======================================
D/PowerUI (  315): closing low battery warning: level=100
D/PowerUI (  315): plugged = true, health = 2, mBatteryLevel = 100, mPluggedBatteryLevel = 100, mLowBatteryWarningLevel2 = 25, mshowLowChargingWarning2 = true
D/BatteryService(  231): updateBatteryStats ======================================
D/BatteryService(  231): UEvent updateBatteryStats
D/NotificationService(  231): mIntentReceiver() Intent.ACTION_BATTERY_CHANGED
D/PowerManagerService(  231): runHtcPowerSaverCheck ======================================
D/PowerUI (  315): closing low battery warning: level=99
D/PowerUI (  315): plugged = true, health = 2, mBatteryLevel = 99, mPluggedBatteryLevel = 100, mLowBatteryWarningLevel2 = 25, mshowLowChargingWarning2 = true
D/BatteryService(  231): updateBatteryStats ======================================
D/BatteryService(  231): UEvent updateBatteryStats
D/NotificationService(  231): mIntentReceiver() Intent.ACTION_BATTERY_CHANGED
D/PowerManagerService(  231): runHtcPowerSaverCheck ======================================
D/PowerUI (  315): closing low battery warning: level=99
D/PowerUI (  315): plugged = true, health = 2, mBatteryLevel = 99, mPluggedBatteryLevel = 100, mLowBatteryWarningLevel2 = 25, mshowLowChargingWarning2 = true
D/BatteryService(  231): updateBatteryStats ======================================
D/BatteryService(  231): UEvent updateBatteryStats
D/NotificationService(  231): mIntentReceiver() Intent.ACTION_BATTERY_CHANGED
D/PowerManagerService(  231): runHtcPowerSaverCheck ======================================
D/PowerUI (  315): closing low battery warning: level=100
D/PowerUI (  315): plugged = true, health = 2, mBatteryLevel = 100, mPluggedBatteryLevel = 100, mLowBatteryWarningLevel2 = 25, mshowLowChargingWarning2 = true
D/BatteryService(  231): updateBatteryStats ======================================
D/BatteryService(  231): UEvent updateBatteryStats
D/NotificationService(  231): mIntentReceiver() Intent.ACTION_BATTERY_CHANGED
D/PowerManagerService(  231): runHtcPowerSaverCheck ======================================
D/PowerUI (  315): closing low battery warning: level=100
D/PowerUI (  315): plugged = true, health = 2, mBatteryLevel = 100, mPluggedBatteryLevel = 100, mLowBatteryWarningLevel2 = 25, mshowLowChargingWarning2 = true
D/BatteryService(  231): updateBatteryStats ======================================
D/BatteryService(  231): UEvent updateBatteryStats
D/NotificationService(  231): mIntentReceiver() Intent.ACTION_BATTERY_CHANGED
D/PowerManagerService(  231): runHtcPowerSaverCheck ======================================
D/PowerUI (  315): closing low battery warning: level=100
D/PowerUI (  315): plugged = true, health = 2, mBatteryLevel = 100, mPluggedBatteryLevel = 100, mLowBatteryWarningLevel2 = 25, mshowLowChargingWarning2 = true
D/BatteryService(  231): updateBatteryStats ======================================
D/BatteryService(  231): UEvent updateBatteryStats
D/NotificationService(  231): mIntentReceiver() Intent.ACTION_BATTERY_CHANGED
D/PowerManagerService(  231): runHtcPowerSaverCheck ======================================
D/PowerUI (  315): closing low battery warning: level=100
D/PowerUI (  315): plugged = true, health = 2, mBatteryLevel = 100, mPluggedBatteryLevel = 100, mLowBatteryWarningLevel2 = 25, mshowLowChargingWarning2 = true
D/BatteryService(  231): updateBatteryStats ======================================
D/BatteryService(  231): updateBatteryStats ======================================
W/ThrottleService(  231): unable to find stats for iface rmnet0
W/AlarmManager(  231): RXTXtriggerAlarmsLocked
D/BatteryService(  231): updateBatteryStats ======================================
D/BatteryService(  231): updateBatteryStats ======================================
D/BatteryService(  231): updateBatteryStats ======================================
D/BatteryService(  231): updateBatteryStats ======================================
D/BatteryService(  231): updateBatteryStats ======================================
D/BatteryService(  231): updateBatteryStats ======================================
D/BatteryService(  231): updateBatteryStats ======================================
D/BatteryService(  231): updateBatteryStats ======================================
D/BatteryService(  231): updateBatteryStats ======================================
D/BatteryService(  231): updateBatteryStats ======================================
D/BatteryService(  231): UEvent updateBatteryStats
D/NotificationService(  231): mIntentReceiver() Intent.ACTION_BATTERY_CHANGED
D/PowerManagerService(  231): runHtcPowerSaverCheck ======================================
D/PowerUI (  315): closing low battery warning: level=100
D/PowerUI (  315): plugged = true, health = 2, mBatteryLevel = 100, mPluggedBatteryLevel = 100, mLowBatteryWarningLevel2 = 25, mshowLowChargingWarning2 = true
W/ThrottleService(  231): unable to find stats for iface rmnet0
W/AlarmManager(  231): RXTXtriggerAlarmsLocked
I/ActivityManager(  231): Start proc com.htc.android.Stock for broadcast com.htc.android.Stock/.StockSyncReceiver: pid=6809 uid=10010 gids={2001, 3003, 1015, 1006, 5001}
I/ActivityManager(  231): No longer want com.hotmail.Z7:engine (pid 2813): hidden #16, adj=14
W/ActivityManager(  231): Scheduling restart of crashed service com.hotmail.Z7/com.seven.Z7.service.Z7Service in 5000ms
D/ActivityManager(  231): Config after re-evaluted by window manager: null
I/ActivityManager(  231): Start proc com.hotmail.Z7:engine for service com.hotmail.Z7/com.seven.Z7.service.Z7Service: pid=6824 uid=10120 gids={3003, 1015, 1007}
D/Socket_Alarm( 6824): registerHTCSocketMonitorCallBack
D/Socket_Alarm( 6824): set mSocketMonitor
D/Socket_Alarm( 6824): HTCSocketMonitorImpl::HTCSocketMonitorImpl
I/ActivityManager(  231): Start proc com.hotmail.Z7:client for broadcast com.hotmail.Z7/com.seven.Z7.app.ClientBroadcastReceiver: pid=6842 uid=10120 gids={3003, 1015, 1007}
D/Socket_Alarm( 6842): registerHTCSocketMonitorCallBack
D/Socket_Alarm( 6842): set mSocketMonitor
D/Socket_Alarm( 6842): HTCSocketMonitorImpl::HTCSocketMonitorImpl
I/ActivityManager(  231): No longer want com.google.process.location (pid 3175): hidden #16, adj=14
W/ActivityManager(  231): Scheduling restart of crashed service com.google.android.gms/com.google.android.location.internal.GoogleLocationManagerService in 5000ms
W/ActivityManager(  231): Scheduling restart of crashed service com.google.android.gms/com.google.android.location.internal.server.GoogleLocationService in 15000ms
D/ActivityManager(  231): Config after re-evaluted by window manager: null
V/LocationManagerService(  231): Location listener died
V/LocationManagerService(  231): _removeUpdates: listener = Receiver{4161aab0 Listener android.os.BinderProxy@416619a8}mUpdateRecords: {passive=UpdateRecord{41605db0 mProvider: passive mUid: 10012}}
V/LocationManagerService(  231): Location listener died
V/LocationManagerService(  231): _removeUpdates: listener = Receiver{4162dec8 Listener android.os.BinderProxy@41632700}mUpdateRecords: {passive=UpdateRecord{4161a378 mProvider: passive mUid: 10012}}
I/ActivityManager(  231): Start proc com.google.process.location for service com.google.android.gms/com.google.android.location.internal.GoogleLocationManagerService: pid=6863 uid=10012 gids={3003, 1015, 2001, 1007, 3006, 1006}
D/Socket_Alarm( 6863): registerHTCSocketMonitorCallBack
D/Socket_Alarm( 6863): set mSocketMonitor
D/Socket_Alarm( 6863): HTCSocketMonitorImpl::HTCSocketMonitorImpl
V/LocationManagerService(  231): requestLocationUpdates
V/LocationManagerService(  231): _requestLocationUpdates: listener = Receiver{41194b10 Listener android.os.BinderProxy@412db5a0}mUpdateRecords: {}
V/LocationManagerService(  231): requestLocationUpdatesLocked: updateProvidersLocked
V/LocationManagerService(  231): _requestLocationUpdates: provider = passive listener = Receiver{41194b10 Listener android.os.BinderProxy@412db5a0}mUpdateRecords: {passive=UpdateRecord{4151a478 mProvider: passive mUid: 10012}}
V/LocationManagerService(  231): getAllProviders
V/LocationManagerService(  231): requestLocationUpdates
V/LocationManagerService(  231): _requestLocationUpdates: listener = Receiver{41094d00 Listener android.os.BinderProxy@410f4528}mUpdateRecords: {}
V/LocationManagerService(  231): requestLocationUpdatesLocked: updateProvidersLocked
V/LocationManagerService(  231): _requestLocationUpdates: provider = passive listener = Receiver{41094d00 Listener android.os.BinderProxy@410f4528}mUpdateRecords: {passive=UpdateRecord{4133dc20 mProvider: passive mUid: 10012}}
I/PackageManager(  231):  setEnabledSetting(), pkgName=com.google.android.apps.maps, clsName=com.google.android.maps.driveabout.app.DestinationActivity, state=1, flag=1, pid=29801, uid=10021
D/WifiService(  231): acquireWifiLockLocked: WifiLock{NlpWifiLock type=2 binder=android.os.BinderProxy@4101ad08}
D/WifiService(  231): updateWifiState(): disable hotspot
D/WifiService(  231): updateWifiState(): disable wifi
D/WifiService(  231): releaseWifiLockLocked: WifiLock{NlpWifiLock type=2 binder=android.os.BinderProxy@4101ad08}
D/WifiService(  231): updateWifiState(): disable hotspot
D/WifiService(  231): updateWifiState(): disable wifi
D/BatteryService(  231): updateBatteryStats ======================================
D/BatteryService(  231): updateBatteryStats ======================================
D/BatteryService(  231): updateBatteryStats ======================================
D/BatteryService(  231): updateBatteryStats ======================================
D/BatteryService(  231): updateBatteryStats ======================================
I/ActivityManager(  231): Start proc com.htc.googlereader for service com.htc.googlereader/.background.BackgroundService: pid=6969 uid=9994 gids={3003, 1015}
D/BatteryService(  231): updateBatteryStats ======================================
D/BatteryService(  231): updateBatteryStats ======================================
D/BatteryService(  231): updateBatteryStats ======================================
D/BatteryService(  231): updateBatteryStats ======================================
D/BatteryService(  231): updateBatteryStats ======================================
W/ThrottleService(  231): unable to find stats for iface rmnet0
W/AlarmManager(  231): RXTXtriggerAlarmsLocked
D/BatteryService(  231): updateBatteryStats ======================================
V/BackupManagerService(  231): Running a backup pass
V/BackupManagerService(  231): Backup requested but nothing pending
D/BatteryService(  231): updateBatteryStats ======================================
D/BatteryService(  231): updateBatteryStats ======================================
D/BatteryService(  231): updateBatteryStats ======================================
D/BatteryService(  231): updateBatteryStats ======================================
D/BatteryService(  231): updateBatteryStats ======================================
D/BatteryService(  231): updateBatteryStats ======================================
D/BatteryService(  231): updateBatteryStats ======================================
D/BatteryService(  231): updateBatteryStats ======================================
D/BatteryService(  231): updateBatteryStats ======================================
W/ThrottleService(  231): unable to find stats for iface rmnet0
W/AlarmManager(  231): RXTXtriggerAlarmsLocked
D/BatteryService(  231): updateBatteryStats ======================================
D/BatteryService(  231): updateBatteryStats ======================================
D/BatteryService(  231): updateBatteryStats ======================================
D/BatteryService(  231): updateBatteryStats ======================================
D/BatteryService(  231): updateBatteryStats ======================================
D/BatteryService(  231): updateBatteryStats ======================================
D/BatteryService(  231): updateBatteryStats ======================================
D/BatteryService(  231): updateBatteryStats ======================================
D/BatteryService(  231): updateBatteryStats ======================================
D/BatteryService(  231): updateBatteryStats ======================================
W/ThrottleService(  231): unable to find stats for iface rmnet0
W/AlarmManager(  231): RXTXtriggerAlarmsLocked
I/ActivityManager(  231): No longer want com.android.bluetooth (pid 3713): hidden #16, adj=14
I/ActivityManager(  231): No longer want com.google.android.apps.maps:GoogleLocationService (pid 3689): hidden #17, adj=14
W/ActivityManager(  231): Scheduling restart of crashed service com.google.android.apps.maps/com.google.android.location.internal.server.GoogleLocationService in 5000ms
D/ActivityManager(  231): Config after re-evaluted by window manager: null
V/LocationManagerService(  231): Location listener died
V/LocationManagerService(  231): _removeUpdates: listener = Receiver{4199dff0 Listener android.os.BinderProxy@4199df90}mUpdateRecords: {passive=UpdateRecord{41be8ba0 mProvider: passive mUid: 10021}}
W/ActivityManager(  231): Scheduling restart of crashed service com.android.bluetooth/.opp.BluetoothOppService in 14945ms
I/ActivityManager(  231): No longer want com.android.settings:remote (pid 3160): hidden #16, adj=14
D/ActivityManager(  231): Config after re-evaluted by window manager: null
I/ActivityManager(  231): Start proc com.google.android.apps.maps:GoogleLocationService for service com.google.android.apps.maps/com.google.android.location.internal.server.GoogleLocationService: pid=7393 uid=10021 gids={3003, 1015}
D/Socket_Alarm( 7393): registerHTCSocketMonitorCallBack
D/Socket_Alarm( 7393): set mSocketMonitor
D/Socket_Alarm( 7393): HTCSocketMonitorImpl::HTCSocketMonitorImpl
V/LocationManagerService(  231): getAllProviders
V/LocationManagerService(  231): requestLocationUpdates
V/LocationManagerService(  231): _requestLocationUpdates: listener = Receiver{41327f78 Listener android.os.BinderProxy@415e39c0}mUpdateRecords: {}
V/LocationManagerService(  231): requestLocationUpdatesLocked: updateProvidersLocked
V/LocationManagerService(  231): _requestLocationUpdates: provider = passive listener = Receiver{41327f78 Listener android.os.BinderProxy@415e39c0}mUpdateRecords: {passive=UpdateRecord{415ae2f0 mProvider: passive mUid: 10021}}
I/PackageManager(  231):  setEnabledSetting(), pkgName=com.google.android.apps.maps, clsName=com.google.android.maps.driveabout.app.DestinationActivity, state=1, flag=1, pid=29801, uid=10021
W/ActivityManager(  231): Permission denied: checkComponentPermission() owningUid=10012
W/ActivityManager(  231): Permission Denial: broadcasting Intent { act=com.google.android.location.internal.server.ACTION_RESTARTED flg=0x10 } from com.google.android.apps.maps (pid=7393, uid=10021) is not exported from uid 10012 due to receiver com.google.android.gms/com.google.android.location.reporting.service.ExternalChangeReceiver
D/WifiService(  231): acquireWifiLockLocked: WifiLock{NetworkLocationLocator type=2 binder=android.os.BinderProxy@4158cc98}
D/WifiService(  231): updateWifiState(): disable hotspot
D/WifiService(  231): updateWifiState(): disable wifi
D/WifiService(  231): acquireWifiLockLocked: WifiLock{NetworkLocationCacheUpdater type=2 binder=android.os.BinderProxy@4157b3b8}
D/WifiService(  231): updateWifiState(): disable hotspot
D/WifiService(  231): updateWifiState(): disable wifi
D/WifiService(  231): releaseWifiLockLocked: WifiLock{NetworkLocationLocator type=2 binder=android.os.BinderProxy@4158cc98}
D/WifiService(  231): updateWifiState(): disable hotspot
D/WifiService(  231): updateWifiState(): disable wifi
D/WifiService(  231): releaseWifiLockLocked: WifiLock{NetworkLocationCacheUpdater type=2 binder=android.os.BinderProxy@4157b3b8}
D/WifiService(  231): updateWifiState(): disable hotspot
D/WifiService(  231): updateWifiState(): disable wifi
I/ActivityManager(  231): Start proc com.android.bluetooth for service com.android.bluetooth/.opp.BluetoothOppService: pid=7417 uid=10006 gids={3003, 3002, 3001, 1015}
D/BatteryService(  231): updateBatteryStats ======================================
D/BatteryService(  231): updateBatteryStats ======================================
D/BatteryService(  231): updateBatteryStats ======================================
D/BatteryService(  231): updateBatteryStats ======================================
D/BatteryService(  231): updateBatteryStats ======================================
D/BatteryService(  231): updateBatteryStats ======================================
D/BatteryService(  231): updateBatteryStats ======================================
D/BatteryService(  231): updateBatteryStats ======================================
D/BatteryService(  231): updateBatteryStats ======================================
D/BatteryService(  231): updateBatteryStats ======================================
W/ThrottleService(  231): unable to find stats for iface rmnet0
W/AlarmManager(  231): RXTXtriggerAlarmsLocked
D/BatteryService(  231): updateBatteryStats ======================================
D/BatteryService(  231): updateBatteryStats ======================================
D/BatteryService(  231): updateBatteryStats ======================================
D/BatteryService(  231): UEvent updateBatteryStats
D/NotificationService(  231): mIntentReceiver() Intent.ACTION_BATTERY_CHANGED
D/PowerManagerService(  231): runHtcPowerSaverCheck ======================================
D/PowerUI (  315): closing low battery warning: level=100
D/PowerUI (  315): plugged = true, health = 2, mBatteryLevel = 100, mPluggedBatteryLevel = 100, mLowBatteryWarningLevel2 = 25, mshowLowChargingWarning2 = true
D/BatteryService(  231): updateBatteryStats ======================================
D/BatteryService(  231): UEvent updateBatteryStats
D/NotificationService(  231): mIntentReceiver() Intent.ACTION_BATTERY_CHANGED
D/PowerManagerService(  231): runHtcPowerSaverCheck ======================================
D/PowerUI (  315): closing low battery warning: level=100
D/PowerUI (  315): plugged = true, health = 2, mBatteryLevel = 100, mPluggedBatteryLevel = 100, mLowBatteryWarningLevel2 = 25, mshowLowChargingWarning2 = true
D/BatteryService(  231): updateBatteryStats ======================================
D/BatteryService(  231): UEvent updateBatteryStats
D/NotificationService(  231): mIntentReceiver() Intent.ACTION_BATTERY_CHANGED
D/PowerManagerService(  231): runHtcPowerSaverCheck ======================================
D/PowerUI (  315): closing low battery warning: level=100
D/PowerUI (  315): plugged = true, health = 2, mBatteryLevel = 100, mPluggedBatteryLevel = 100, mLowBatteryWarningLevel2 = 25, mshowLowChargingWarning2 = true
D/BatteryService(  231): updateBatteryStats ======================================
D/BatteryService(  231): updateBatteryStats ======================================
D/BatteryService(  231): updateBatteryStats ======================================
D/BatteryService(  231): updateBatteryStats ======================================
D/BatteryService(  231): UEvent updateBatteryStats
D/NotificationService(  231): mIntentReceiver() Intent.ACTION_BATTERY_CHANGED
D/PowerManagerService(  231): runHtcPowerSaverCheck ======================================
D/PowerUI (  315): closing low battery warning: level=100
D/PowerUI (  315): plugged = true, health = 2, mBatteryLevel = 100, mPluggedBatteryLevel = 100, mLowBatteryWarningLevel2 = 25, mshowLowChargingWarning2 = true
D/BatteryService(  231): updateBatteryStats ======================================
D/BatteryService(  231): UEvent updateBatteryStats
D/NotificationService(  231): mIntentReceiver() Intent.ACTION_BATTERY_CHANGED
D/PowerManagerService(  231): runHtcPowerSaverCheck ======================================
D/PowerUI (  315): closing low battery warning: level=100
D/PowerUI (  315): plugged = true, health = 2, mBatteryLevel = 100, mPluggedBatteryLevel = 100, mLowBatteryWarningLevel2 = 25, mshowLowChargingWarning2 = true
W/ThrottleService(  231): unable to find stats for iface rmnet0
W/AlarmManager(  231): RXTXtriggerAlarmsLocked
D/BatteryService(  231): updateBatteryStats ======================================
D/BatteryService(  231): UEvent updateBatteryStats
D/NotificationService(  231): mIntentReceiver() Intent.ACTION_BATTERY_CHANGED
D/PowerManagerService(  231): runHtcPowerSaverCheck ======================================
D/PowerUI (  315): closing low battery warning: level=100
D/PowerUI (  315): plugged = true, health = 2, mBatteryLevel = 100, mPluggedBatteryLevel = 100, mLowBatteryWarningLevel2 = 25, mshowLowChargingWarning2 = true
D/BatteryService(  231): updateBatteryStats ======================================
D/BatteryService(  231): UEvent updateBatteryStats
D/NotificationService(  231): mIntentReceiver() Intent.ACTION_BATTERY_CHANGED
D/PowerManagerService(  231): runHtcPowerSaverCheck ======================================
D/PowerUI (  315): closing low battery warning: level=100
D/PowerUI (  315): plugged = true, health = 2, mBatteryLevel = 100, mPluggedBatteryLevel = 100, mLowBatteryWarningLevel2 = 25, mshowLowChargingWarning2 = true
D/BatteryService(  231): updateBatteryStats ======================================
D/BatteryService(  231): updateBatteryStats ======================================
D/BatteryService(  231): UEvent updateBatteryStats
D/NotificationService(  231): mIntentReceiver() Intent.ACTION_BATTERY_CHANGED
D/PowerManagerService(  231): runHtcPowerSaverCheck ======================================
D/PowerUI (  315): closing low battery warning: level=100
D/PowerUI (  315): plugged = true, health = 2, mBatteryLevel = 100, mPluggedBatteryLevel = 100, mLowBatteryWarningLevel2 = 25, mshowLowChargingWarning2 = true
D/BatteryService(  231): updateBatteryStats ======================================
D/BatteryService(  231): UEvent updateBatteryStats
D/NotificationService(  231): mIntentReceiver() Intent.ACTION_BATTERY_CHANGED
D/PowerManagerService(  231): runHtcPowerSaverCheck ======================================
D/PowerUI (  315): closing low battery warning: level=100
D/PowerUI (  315): plugged = true, health = 2, mBatteryLevel = 100, mPluggedBatteryLevel = 100, mLowBatteryWarningLevel2 = 25, mshowLowChargingWarning2 = true
D/BatteryService(  231): updateBatteryStats ======================================
D/BatteryService(  231): UEvent updateBatteryStats
D/NotificationService(  231): mIntentReceiver() Intent.ACTION_BATTERY_CHANGED
D/PowerManagerService(  231): runHtcPowerSaverCheck ======================================
D/PowerUI (  315): closing low battery warning: level=100
D/PowerUI (  315): plugged = true, health = 2, mBatteryLevel = 100, mPluggedBatteryLevel = 100, mLowBatteryWarningLevel2 = 25, mshowLowChargingWarning2 = true
D/BatteryService(  231): updateBatteryStats ======================================
D/BatteryService(  231): UEvent updateBatteryStats
D/NotificationService(  231): mIntentReceiver() Intent.ACTION_BATTERY_CHANGED
D/PowerManagerService(  231): runHtcPowerSaverCheck ======================================
D/PowerUI (  315): closing low battery warning: level=100
D/PowerUI (  315): plugged = true, health = 2, mBatteryLevel = 100, mPluggedBatteryLevel = 100, mLowBatteryWarningLevel2 = 25, mshowLowChargingWarning2 = true
D/BatteryService(  231): updateBatteryStats ======================================
D/BatteryService(  231): updateBatteryStats ======================================
D/BatteryService(  231): updateBatteryStats ======================================
W/ThrottleService(  231): unable to find stats for iface rmnet0
W/AlarmManager(  231): RXTXtriggerAlarmsLocked
I/ActivityManager(  231): No longer want android.process.media (pid 5671): hidden #16, adj=14
D/ActivityManager(  231): Config after re-evaluted by window manager: null
D/MountService(  231): An IMountServiceListener has died!
D/BatteryService(  231): updateBatteryStats ======================================
D/BatteryService(  231): UEvent updateBatteryStats
D/NotificationService(  231): mIntentReceiver() Intent.ACTION_BATTERY_CHANGED
D/PowerManagerService(  231): runHtcPowerSaverCheck ======================================
D/PowerUI (  315): closing low battery warning: level=100
D/PowerUI (  315): plugged = true, health = 2, mBatteryLevel = 100, mPluggedBatteryLevel = 100, mLowBatteryWarningLevel2 = 25, mshowLowChargingWarning2 = true
I/ActivityManager(  231): No longer want com.android.vending (pid 5641): hidden #16, adj=14
D/ActivityManager(  231): Config after re-evaluted by window manager: null
D/BatteryService(  231): updateBatteryStats ======================================
D/BatteryService(  231): UEvent updateBatteryStats
D/NotificationService(  231): mIntentReceiver() Intent.ACTION_BATTERY_CHANGED
D/PowerManagerService(  231): runHtcPowerSaverCheck ======================================
D/PowerUI (  315): closing low battery warning: level=100
D/PowerUI (  315): plugged = true, health = 2, mBatteryLevel = 100, mPluggedBatteryLevel = 100, mLowBatteryWarningLevel2 = 25, mshowLowChargingWarning2 = true
D/BatteryService(  231): updateBatteryStats ======================================
D/BatteryService(  231): updateBatteryStats ======================================
D/BatteryService(  231): updateBatteryStats ======================================
D/BatteryService(  231): updateBatteryStats ======================================
D/BatteryService(  231): updateBatteryStats ======================================
D/BatteryService(  231): UEvent updateBatteryStats
D/NotificationService(  231): mIntentReceiver() Intent.ACTION_BATTERY_CHANGED
D/PowerManagerService(  231): runHtcPowerSaverCheck ======================================
D/PowerUI (  315): closing low battery warning: level=100
D/PowerUI (  315): plugged = true, health = 2, mBatteryLevel = 100, mPluggedBatteryLevel = 100, mLowBatteryWarningLevel2 = 25, mshowLowChargingWarning2 = true
D/BatteryService(  231): updateBatteryStats ======================================
D/BatteryService(  231): updateBatteryStats ======================================
D/BatteryService(  231): updateBatteryStats ======================================
W/ThrottleService(  231): unable to find stats for iface rmnet0
W/AlarmManager(  231): RXTXtriggerAlarmsLocked
D/BatteryService(  231): updateBatteryStats ======================================
D/BatteryService(  231): updateBatteryStats ======================================
D/BatteryService(  231): UEvent updateBatteryStats
D/NotificationService(  231): mIntentReceiver() Intent.ACTION_BATTERY_CHANGED
D/PowerManagerService(  231): runHtcPowerSaverCheck ======================================
D/PowerUI (  315): closing low battery warning: level=100
D/PowerUI (  315): plugged = true, health = 2, mBatteryLevel = 100, mPluggedBatteryLevel = 100, mLowBatteryWarningLevel2 = 25, mshowLowChargingWarning2 = true
D/BatteryService(  231): updateBatteryStats ======================================
V/BackupManagerService(  231): Running a backup pass
V/BackupManagerService(  231): Backup requested but nothing pending
D/BatteryService(  231): updateBatteryStats ======================================
D/BatteryService(  231): updateBatteryStats ======================================
D/BatteryService(  231): updateBatteryStats ======================================
D/BatteryService(  231): UEvent updateBatteryStats
D/NotificationService(  231): mIntentReceiver() Intent.ACTION_BATTERY_CHANGED
D/PowerManagerService(  231): runHtcPowerSaverCheck ======================================
D/PowerUI (  315): closing low battery warning: level=100
D/PowerUI (  315): plugged = true, health = 2, mBatteryLevel = 100, mPluggedBatteryLevel = 100, mLowBatteryWarningLevel2 = 25, mshowLowChargingWarning2 = true
D/BatteryService(  231): updateBatteryStats ======================================
D/BatteryService(  231): UEvent updateBatteryStats
D/NotificationService(  231): mIntentReceiver() Intent.ACTION_BATTERY_CHANGED
D/PowerManagerService(  231): runHtcPowerSaverCheck ======================================
D/PowerUI (  315): closing low battery warning: level=100
D/PowerUI (  315): plugged = true, health = 2, mBatteryLevel = 100, mPluggedBatteryLevel = 100, mLowBatteryWarningLevel2 = 25, mshowLowChargingWarning2 = true
D/BatteryService(  231): updateBatteryStats ======================================
D/BatteryService(  231): UEvent updateBatteryStats
D/NotificationService(  231): mIntentReceiver() Intent.ACTION_BATTERY_CHANGED
D/PowerManagerService(  231): runHtcPowerSaverCheck ======================================
D/PowerUI (  315): closing low battery warning: level=99
D/PowerUI (  315): plugged = true, health = 2, mBatteryLevel = 99, mPluggedBatteryLevel = 100, mLowBatteryWarningLevel2 = 25, mshowLowChargingWarning2 = true
D/BatteryService(  231): updateBatteryStats ======================================
D/BatteryService(  231): UEvent updateBatteryStats
D/NotificationService(  231): mIntentReceiver() Intent.ACTION_BATTERY_CHANGED
D/PowerManagerService(  231): runHtcPowerSaverCheck ======================================
D/PowerUI (  315): closing low battery warning: level=100
D/PowerUI (  315): plugged = true, health = 2, mBatteryLevel = 100, mPluggedBatteryLevel = 100, mLowBatteryWarningLevel2 = 25, mshowLowChargingWarning2 = true
I/ActivityManager(  231): Start proc com.htc.calendar for broadcast com.htc.calendar/.app.widget.CalendarAppWidgetService$CalendarFactory: pid=8206 uid=10010 gids={2001, 3003, 1015, 1006, 5001}
I/ActivityManager(  231): Start proc com.htc.task for broadcast com.htc.task/.TodoReceiver: pid=8221 uid=10078 gids={}
I/ActivityManager(  231): No longer want com.htc.android.Stock (pid 6809): hidden #16, adj=14
D/ActivityManager(  231): Config after re-evaluted by window manager: null
D/Socket_Alarm( 8206): registerHTCSocketMonitorCallBack
D/Socket_Alarm( 8206): set mSocketMonitor
D/Socket_Alarm( 8206): HTCSocketMonitorImpl::HTCSocketMonitorImpl
I/ActivityManager(  231): Start proc com.htc.idlescreen.base for broadcast com.htc.idlescreen.base/.setting.UpdateShortcutReceiver: pid=8241 uid=10065 gids={3003}
I/ActivityManager(  231): No longer want com.google.android.gsf.login (pid 28347): hidden #16, adj=14
D/ActivityManager(  231): Config after re-evaluted by window manager: null
I/ActivityManager(  231): No longer want com.google.process.location (pid 6863): hidden #16, adj=14
W/ActivityManager(  231): Scheduling restart of crashed service com.google.android.gms/com.google.android.location.internal.GoogleLocationManagerService in 5000ms
W/ActivityManager(  231): Scheduling restart of crashed service com.google.android.gms/com.google.android.location.internal.server.GoogleLocationService in 14999ms
D/ActivityManager(  231): Config after re-evaluted by window manager: null
V/LocationManagerService(  231): Location listener died
V/LocationManagerService(  231): _removeUpdates: listener = Receiver{41094d00 Listener android.os.BinderProxy@410f4528}mUpdateRecords: {passive=UpdateRecord{4133dc20 mProvider: passive mUid: 10012}}
V/LocationManagerService(  231): Location listener died
V/LocationManagerService(  231): _removeUpdates: listener = Receiver{41194b10 Listener android.os.BinderProxy@412db5a0}mUpdateRecords: {passive=UpdateRecord{4151a478 mProvider: passive mUid: 10012}}
I/ActivityManager(  231): Start proc com.google.process.location for service com.google.android.gms/com.google.android.location.internal.GoogleLocationManagerService: pid=8257 uid=10012 gids={3003, 1015, 2001, 1007, 3006, 1006}
I/ActivityManager(  231): Start proc com.google.android.gsf.login for service com.google.android.gms/.recovery.AccountRecoveryBackgroundService: pid=8269 uid=10012 gids={3003, 1015, 2001, 1007, 3006, 1006}
D/Socket_Alarm( 8257): registerHTCSocketMonitorCallBack
D/Socket_Alarm( 8257): set mSocketMonitor
D/Socket_Alarm( 8257): HTCSocketMonitorImpl::HTCSocketMonitorImpl
V/LocationManagerService(  231): requestLocationUpdates
V/LocationManagerService(  231): _requestLocationUpdates: listener = Receiver{418e7e28 Listener android.os.BinderProxy@414b8438}mUpdateRecords: {}
V/LocationManagerService(  231): requestLocationUpdatesLocked: updateProvidersLocked
V/LocationManagerService(  231): _requestLocationUpdates: provider = passive listener = Receiver{418e7e28 Listener android.os.BinderProxy@414b8438}mUpdateRecords: {passive=UpdateRecord{41a39fd8 mProvider: passive mUid: 10012}}
V/LocationManagerService(  231): getAllProviders
D/Socket_Alarm( 8269): registerHTCSocketMonitorCallBack
D/Socket_Alarm( 8269): set mSocketMonitor
D/Socket_Alarm( 8269): HTCSocketMonitorImpl::HTCSocketMonitorImpl
V/LocationManagerService(  231): requestLocationUpdates
V/LocationManagerService(  231): _requestLocationUpdates: listener = Receiver{41772b78 Listener android.os.BinderProxy@418de680}mUpdateRecords: {}
V/LocationManagerService(  231): requestLocationUpdatesLocked: updateProvidersLocked
V/LocationManagerService(  231): _requestLocationUpdates: provider = passive listener = Receiver{41772b78 Listener android.os.BinderProxy@418de680}mUpdateRecords: {passive=UpdateRecord{4172dfd0 mProvider: passive mUid: 10012}}
I/PackageManager(  231):  setEnabledSetting(), pkgName=com.google.android.apps.maps, clsName=com.google.android.maps.driveabout.app.DestinationActivity, state=1, flag=1, pid=29801, uid=10021
D/WifiService(  231): acquireWifiLockLocked: WifiLock{NlpWifiLock type=2 binder=android.os.BinderProxy@4176abc8}
D/WifiService(  231): updateWifiState(): disable hotspot
D/WifiService(  231): updateWifiState(): disable wifi
D/WifiService(  231): releaseWifiLockLocked: WifiLock{NlpWifiLock type=2 binder=android.os.BinderProxy@4176abc8}
D/WifiService(  231): updateWifiState(): disable hotspot
D/WifiService(  231): updateWifiState(): disable wifi
W/ThrottleService(  231): unable to find stats for iface rmnet0
W/AlarmManager(  231): RXTXtriggerAlarmsLocked
D/BatteryService(  231): updateBatteryStats ======================================
D/BatteryService(  231): UEvent updateBatteryStats
D/NotificationService(  231): mIntentReceiver() Intent.ACTION_BATTERY_CHANGED
D/PowerManagerService(  231): runHtcPowerSaverCheck ======================================
D/PowerUI (  315): closing low battery warning: level=100
D/PowerUI (  315): plugged = true, health = 2, mBatteryLevel = 100, mPluggedBatteryLevel = 100, mLowBatteryWarningLevel2 = 25, mshowLowChargingWarning2 = true
D/BatteryService(  231): updateBatteryStats ======================================
